<?xml version="1.0"?>
<link_info>
   <banner>MSP430 Linker PC v4.3.3</banner>
   <copyright>Copyright (c) 2003-2014 Texas Instruments Incorporated</copyright>
   <link_time>0x54e895bc</link_time>
   <link_errors>0x0</link_errors>
   <output_file>ECW_TI.out</output_file>
   <entry_point>
      <name>_c_int00</name>
      <address>0x44a6</address>
   </entry_point>
   <input_file_list>
      <input_file id="fl-2">
         <path>.\</path>
         <kind>object</kind>
         <file>HAL_Board.obj</file>
         <name>HAL_Board.obj</name>
      </input_file>
      <input_file id="fl-3">
         <path>.\</path>
         <kind>object</kind>
         <file>HAL_Buttons.obj</file>
         <name>HAL_Buttons.obj</name>
      </input_file>
      <input_file id="fl-4">
         <path>.\</path>
         <kind>object</kind>
         <file>HAL_Dogs102x6.obj</file>
         <name>HAL_Dogs102x6.obj</name>
      </input_file>
      <input_file id="fl-5">
         <path>.\</path>
         <kind>object</kind>
         <file>HAL_Wheel.obj</file>
         <name>HAL_Wheel.obj</name>
      </input_file>
      <input_file id="fl-6">
         <path>.\</path>
         <kind>object</kind>
         <file>main.obj</file>
         <name>main.obj</name>
      </input_file>
      <input_file id="fl-7">
         <path>.\grlib\</path>
         <kind>object</kind>
         <file>circle.obj</file>
         <name>circle.obj</name>
      </input_file>
      <input_file id="fl-8">
         <path>.\grlib\</path>
         <kind>object</kind>
         <file>context.obj</file>
         <name>context.obj</name>
      </input_file>
      <input_file id="fl-9">
         <path>.\grlib\</path>
         <kind>object</kind>
         <file>image.obj</file>
         <name>image.obj</name>
      </input_file>
      <input_file id="fl-a">
         <path>.\grlib\</path>
         <kind>object</kind>
         <file>line.obj</file>
         <name>line.obj</name>
      </input_file>
      <input_file id="fl-b">
         <path>.\grlib\</path>
         <kind>object</kind>
         <file>rectangle.obj</file>
         <name>rectangle.obj</name>
      </input_file>
      <input_file id="fl-c">
         <path>.\grlib\</path>
         <kind>object</kind>
         <file>string.obj</file>
         <name>string.obj</name>
      </input_file>
      <input_file id="fl-d">
         <path>.\fonts\</path>
         <kind>object</kind>
         <file>fontfixed6x8.obj</file>
         <name>fontfixed6x8.obj</name>
      </input_file>
      <input_file id="fl-e">
         <path>.\driverlib\MSP430F5xx_6xx\</path>
         <kind>object</kind>
         <file>adc10_a.obj</file>
         <name>adc10_a.obj</name>
      </input_file>
      <input_file id="fl-f">
         <path>.\driverlib\MSP430F5xx_6xx\</path>
         <kind>object</kind>
         <file>adc12_a.obj</file>
         <name>adc12_a.obj</name>
      </input_file>
      <input_file id="fl-10">
         <path>.\driverlib\MSP430F5xx_6xx\</path>
         <kind>object</kind>
         <file>aes.obj</file>
         <name>aes.obj</name>
      </input_file>
      <input_file id="fl-11">
         <path>.\driverlib\MSP430F5xx_6xx\</path>
         <kind>object</kind>
         <file>bak_batt.obj</file>
         <name>bak_batt.obj</name>
      </input_file>
      <input_file id="fl-12">
         <path>.\driverlib\MSP430F5xx_6xx\</path>
         <kind>object</kind>
         <file>comp_b.obj</file>
         <name>comp_b.obj</name>
      </input_file>
      <input_file id="fl-13">
         <path>.\driverlib\MSP430F5xx_6xx\</path>
         <kind>object</kind>
         <file>crc.obj</file>
         <name>crc.obj</name>
      </input_file>
      <input_file id="fl-14">
         <path>.\driverlib\MSP430F5xx_6xx\</path>
         <kind>object</kind>
         <file>dac12_a.obj</file>
         <name>dac12_a.obj</name>
      </input_file>
      <input_file id="fl-15">
         <path>.\driverlib\MSP430F5xx_6xx\</path>
         <kind>object</kind>
         <file>dma.obj</file>
         <name>dma.obj</name>
      </input_file>
      <input_file id="fl-16">
         <path>.\driverlib\MSP430F5xx_6xx\</path>
         <kind>object</kind>
         <file>eusci_a_spi.obj</file>
         <name>eusci_a_spi.obj</name>
      </input_file>
      <input_file id="fl-17">
         <path>.\driverlib\MSP430F5xx_6xx\</path>
         <kind>object</kind>
         <file>eusci_a_uart.obj</file>
         <name>eusci_a_uart.obj</name>
      </input_file>
      <input_file id="fl-18">
         <path>.\driverlib\MSP430F5xx_6xx\</path>
         <kind>object</kind>
         <file>eusci_b_i2c.obj</file>
         <name>eusci_b_i2c.obj</name>
      </input_file>
      <input_file id="fl-19">
         <path>.\driverlib\MSP430F5xx_6xx\</path>
         <kind>object</kind>
         <file>eusci_b_spi.obj</file>
         <name>eusci_b_spi.obj</name>
      </input_file>
      <input_file id="fl-1a">
         <path>.\driverlib\MSP430F5xx_6xx\</path>
         <kind>object</kind>
         <file>eusci_i2c.obj</file>
         <name>eusci_i2c.obj</name>
      </input_file>
      <input_file id="fl-1b">
         <path>.\driverlib\MSP430F5xx_6xx\</path>
         <kind>object</kind>
         <file>eusci_spi.obj</file>
         <name>eusci_spi.obj</name>
      </input_file>
      <input_file id="fl-1c">
         <path>.\driverlib\MSP430F5xx_6xx\</path>
         <kind>object</kind>
         <file>eusci_uart.obj</file>
         <name>eusci_uart.obj</name>
      </input_file>
      <input_file id="fl-1d">
         <path>.\driverlib\MSP430F5xx_6xx\</path>
         <kind>object</kind>
         <file>flash.obj</file>
         <name>flash.obj</name>
      </input_file>
      <input_file id="fl-1e">
         <path>.\driverlib\MSP430F5xx_6xx\</path>
         <kind>object</kind>
         <file>gpio.obj</file>
         <name>gpio.obj</name>
      </input_file>
      <input_file id="fl-1f">
         <path>.\driverlib\MSP430F5xx_6xx\</path>
         <kind>object</kind>
         <file>ldopwr.obj</file>
         <name>ldopwr.obj</name>
      </input_file>
      <input_file id="fl-20">
         <path>.\driverlib\MSP430F5xx_6xx\</path>
         <kind>object</kind>
         <file>mpy32.obj</file>
         <name>mpy32.obj</name>
      </input_file>
      <input_file id="fl-21">
         <path>.\driverlib\MSP430F5xx_6xx\</path>
         <kind>object</kind>
         <file>pmap.obj</file>
         <name>pmap.obj</name>
      </input_file>
      <input_file id="fl-22">
         <path>.\driverlib\MSP430F5xx_6xx\</path>
         <kind>object</kind>
         <file>pmm.obj</file>
         <name>pmm.obj</name>
      </input_file>
      <input_file id="fl-23">
         <path>.\driverlib\MSP430F5xx_6xx\</path>
         <kind>object</kind>
         <file>ram.obj</file>
         <name>ram.obj</name>
      </input_file>
      <input_file id="fl-24">
         <path>.\driverlib\MSP430F5xx_6xx\</path>
         <kind>object</kind>
         <file>ref.obj</file>
         <name>ref.obj</name>
      </input_file>
      <input_file id="fl-25">
         <path>.\driverlib\MSP430F5xx_6xx\</path>
         <kind>object</kind>
         <file>rtc_a.obj</file>
         <name>rtc_a.obj</name>
      </input_file>
      <input_file id="fl-26">
         <path>.\driverlib\MSP430F5xx_6xx\</path>
         <kind>object</kind>
         <file>rtc_b.obj</file>
         <name>rtc_b.obj</name>
      </input_file>
      <input_file id="fl-27">
         <path>.\driverlib\MSP430F5xx_6xx\</path>
         <kind>object</kind>
         <file>rtc_c.obj</file>
         <name>rtc_c.obj</name>
      </input_file>
      <input_file id="fl-28">
         <path>.\driverlib\MSP430F5xx_6xx\</path>
         <kind>object</kind>
         <file>sd24_b.obj</file>
         <name>sd24_b.obj</name>
      </input_file>
      <input_file id="fl-29">
         <path>.\driverlib\MSP430F5xx_6xx\</path>
         <kind>object</kind>
         <file>sfr.obj</file>
         <name>sfr.obj</name>
      </input_file>
      <input_file id="fl-2a">
         <path>.\driverlib\MSP430F5xx_6xx\</path>
         <kind>object</kind>
         <file>sys.obj</file>
         <name>sys.obj</name>
      </input_file>
      <input_file id="fl-2b">
         <path>.\driverlib\MSP430F5xx_6xx\</path>
         <kind>object</kind>
         <file>tec.obj</file>
         <name>tec.obj</name>
      </input_file>
      <input_file id="fl-2c">
         <path>.\driverlib\MSP430F5xx_6xx\</path>
         <kind>object</kind>
         <file>timer_a.obj</file>
         <name>timer_a.obj</name>
      </input_file>
      <input_file id="fl-2d">
         <path>.\driverlib\MSP430F5xx_6xx\</path>
         <kind>object</kind>
         <file>timer_b.obj</file>
         <name>timer_b.obj</name>
      </input_file>
      <input_file id="fl-2e">
         <path>.\driverlib\MSP430F5xx_6xx\</path>
         <kind>object</kind>
         <file>timer_d.obj</file>
         <name>timer_d.obj</name>
      </input_file>
      <input_file id="fl-2f">
         <path>.\driverlib\MSP430F5xx_6xx\</path>
         <kind>object</kind>
         <file>tlv.obj</file>
         <name>tlv.obj</name>
      </input_file>
      <input_file id="fl-30">
         <path>.\driverlib\MSP430F5xx_6xx\</path>
         <kind>object</kind>
         <file>ucs.obj</file>
         <name>ucs.obj</name>
      </input_file>
      <input_file id="fl-31">
         <path>.\driverlib\MSP430F5xx_6xx\</path>
         <kind>object</kind>
         <file>usci_a_spi.obj</file>
         <name>usci_a_spi.obj</name>
      </input_file>
      <input_file id="fl-32">
         <path>.\driverlib\MSP430F5xx_6xx\</path>
         <kind>object</kind>
         <file>usci_a_uart.obj</file>
         <name>usci_a_uart.obj</name>
      </input_file>
      <input_file id="fl-33">
         <path>.\driverlib\MSP430F5xx_6xx\</path>
         <kind>object</kind>
         <file>usci_b_i2c.obj</file>
         <name>usci_b_i2c.obj</name>
      </input_file>
      <input_file id="fl-34">
         <path>.\driverlib\MSP430F5xx_6xx\</path>
         <kind>object</kind>
         <file>usci_b_spi.obj</file>
         <name>usci_b_spi.obj</name>
      </input_file>
      <input_file id="fl-35">
         <path>.\driverlib\MSP430F5xx_6xx\</path>
         <kind>object</kind>
         <file>usci_i2c.obj</file>
         <name>usci_i2c.obj</name>
      </input_file>
      <input_file id="fl-36">
         <path>.\driverlib\MSP430F5xx_6xx\</path>
         <kind>object</kind>
         <file>usci_spi.obj</file>
         <name>usci_spi.obj</name>
      </input_file>
      <input_file id="fl-37">
         <path>.\driverlib\MSP430F5xx_6xx\</path>
         <kind>object</kind>
         <file>usci_uart.obj</file>
         <name>usci_uart.obj</name>
      </input_file>
      <input_file id="fl-38">
         <path>.\driverlib\MSP430F5xx_6xx\</path>
         <kind>object</kind>
         <file>wdt_a.obj</file>
         <name>wdt_a.obj</name>
      </input_file>
      <input_file id="fl-39">
         <path>.\driverlib\MSP430F5xx_6xx\deprecated\</path>
         <kind>object</kind>
         <file>dma.obj</file>
         <name>dma.obj</name>
      </input_file>
      <input_file id="fl-3a">
         <path>.\driverlib\MSP430F5xx_6xx\deprecated\</path>
         <kind>object</kind>
         <file>flash.obj</file>
         <name>flash.obj</name>
      </input_file>
      <input_file id="fl-3b">
         <path>.\driverlib\MSP430F5xx_6xx\deprecated\</path>
         <kind>object</kind>
         <file>mpy32.obj</file>
         <name>mpy32.obj</name>
      </input_file>
      <input_file id="fl-3c">
         <path>.\driverlib\MSP430F5xx_6xx\deprecated\</path>
         <kind>object</kind>
         <file>pmm.obj</file>
         <name>pmm.obj</name>
      </input_file>
      <input_file id="fl-3d">
         <path>.\driverlib\MSP430F5xx_6xx\deprecated\</path>
         <kind>object</kind>
         <file>ram.obj</file>
         <name>ram.obj</name>
      </input_file>
      <input_file id="fl-3e">
         <path>.\driverlib\MSP430F5xx_6xx\deprecated\</path>
         <kind>object</kind>
         <file>sfr.obj</file>
         <name>sfr.obj</name>
      </input_file>
      <input_file id="fl-3f">
         <path>.\driverlib\MSP430F5xx_6xx\deprecated\</path>
         <kind>object</kind>
         <file>sys.obj</file>
         <name>sys.obj</name>
      </input_file>
      <input_file id="fl-40">
         <path>.\driverlib\MSP430F5xx_6xx\deprecated\</path>
         <kind>object</kind>
         <file>ucs.obj</file>
         <name>ucs.obj</name>
      </input_file>
      <input_file id="fl-41">
         <path>.\LcdDriver\</path>
         <kind>object</kind>
         <file>Dogs102x64_UC1701.obj</file>
         <name>Dogs102x64_UC1701.obj</name>
      </input_file>
      <input_file id="fl-42">
         <path>.\Images\</path>
         <kind>object</kind>
         <file>LPRocket_96x37.obj</file>
         <name>LPRocket_96x37.obj</name>
      </input_file>
      <input_file id="fl-43">
         <path>.\Images\</path>
         <kind>object</kind>
         <file>TI_Logo_69x64.obj</file>
         <name>TI_Logo_69x64.obj</name>
      </input_file>
      <input_file id="fl-72">
         <path>c:\ti\ccsv6\tools\compiler\msp430_4.3.3\lib\</path>
         <kind>archive</kind>
         <file>rts430x_lc_ld_eabi.lib</file>
         <name>abs.obj</name>
      </input_file>
      <input_file id="fl-73">
         <path>c:\ti\ccsv6\tools\compiler\msp430_4.3.3\lib\</path>
         <kind>archive</kind>
         <file>rts430x_lc_ld_eabi.lib</file>
         <name>addd.obj</name>
      </input_file>
      <input_file id="fl-74">
         <path>c:\ti\ccsv6\tools\compiler\msp430_4.3.3\lib\</path>
         <kind>archive</kind>
         <file>rts430x_lc_ld_eabi.lib</file>
         <name>asr16.obj</name>
      </input_file>
      <input_file id="fl-75">
         <path>c:\ti\ccsv6\tools\compiler\msp430_4.3.3\lib\</path>
         <kind>archive</kind>
         <file>rts430x_lc_ld_eabi.lib</file>
         <name>boot.obj</name>
      </input_file>
      <input_file id="fl-76">
         <path>c:\ti\ccsv6\tools\compiler\msp430_4.3.3\lib\</path>
         <kind>archive</kind>
         <file>rts430x_lc_ld_eabi.lib</file>
         <name>copy_decompress_none.obj</name>
      </input_file>
      <input_file id="fl-77">
         <path>c:\ti\ccsv6\tools\compiler\msp430_4.3.3\lib\</path>
         <kind>archive</kind>
         <file>rts430x_lc_ld_eabi.lib</file>
         <name>copy_decompress_rle.obj</name>
      </input_file>
      <input_file id="fl-78">
         <path>c:\ti\ccsv6\tools\compiler\msp430_4.3.3\lib\</path>
         <kind>archive</kind>
         <file>rts430x_lc_ld_eabi.lib</file>
         <name>copy_zero_init.obj</name>
      </input_file>
      <input_file id="fl-79">
         <path>c:\ti\ccsv6\tools\compiler\msp430_4.3.3\lib\</path>
         <kind>archive</kind>
         <file>rts430x_lc_ld_eabi.lib</file>
         <name>cos.obj</name>
      </input_file>
      <input_file id="fl-7a">
         <path>c:\ti\ccsv6\tools\compiler\msp430_4.3.3\lib\</path>
         <kind>archive</kind>
         <file>rts430x_lc_ld_eabi.lib</file>
         <name>cvtdf.obj</name>
      </input_file>
      <input_file id="fl-7b">
         <path>c:\ti\ccsv6\tools\compiler\msp430_4.3.3\lib\</path>
         <kind>archive</kind>
         <file>rts430x_lc_ld_eabi.lib</file>
         <name>cvtfd.obj</name>
      </input_file>
      <input_file id="fl-7c">
         <path>c:\ti\ccsv6\tools\compiler\msp430_4.3.3\lib\</path>
         <kind>archive</kind>
         <file>rts430x_lc_ld_eabi.lib</file>
         <name>div16s.obj</name>
      </input_file>
      <input_file id="fl-7d">
         <path>c:\ti\ccsv6\tools\compiler\msp430_4.3.3\lib\</path>
         <kind>archive</kind>
         <file>rts430x_lc_ld_eabi.lib</file>
         <name>div16u.obj</name>
      </input_file>
      <input_file id="fl-7e">
         <path>c:\ti\ccsv6\tools\compiler\msp430_4.3.3\lib\</path>
         <kind>archive</kind>
         <file>rts430x_lc_ld_eabi.lib</file>
         <name>div32s.obj</name>
      </input_file>
      <input_file id="fl-7f">
         <path>c:\ti\ccsv6\tools\compiler\msp430_4.3.3\lib\</path>
         <kind>archive</kind>
         <file>rts430x_lc_ld_eabi.lib</file>
         <name>div32u.obj</name>
      </input_file>
      <input_file id="fl-80">
         <path>c:\ti\ccsv6\tools\compiler\msp430_4.3.3\lib\</path>
         <kind>archive</kind>
         <file>rts430x_lc_ld_eabi.lib</file>
         <name>divd.obj</name>
      </input_file>
      <input_file id="fl-81">
         <path>c:\ti\ccsv6\tools\compiler\msp430_4.3.3\lib\</path>
         <kind>archive</kind>
         <file>rts430x_lc_ld_eabi.lib</file>
         <name>exit.obj</name>
      </input_file>
      <input_file id="fl-82">
         <path>c:\ti\ccsv6\tools\compiler\msp430_4.3.3\lib\</path>
         <kind>archive</kind>
         <file>rts430x_lc_ld_eabi.lib</file>
         <name>fltid.obj</name>
      </input_file>
      <input_file id="fl-83">
         <path>c:\ti\ccsv6\tools\compiler\msp430_4.3.3\lib\</path>
         <kind>archive</kind>
         <file>rts430x_lc_ld_eabi.lib</file>
         <name>fltlid.obj</name>
      </input_file>
      <input_file id="fl-84">
         <path>c:\ti\ccsv6\tools\compiler\msp430_4.3.3\lib\</path>
         <kind>archive</kind>
         <file>rts430x_lc_ld_eabi.lib</file>
         <name>frcaddd.obj</name>
      </input_file>
      <input_file id="fl-85">
         <path>c:\ti\ccsv6\tools\compiler\msp430_4.3.3\lib\</path>
         <kind>archive</kind>
         <file>rts430x_lc_ld_eabi.lib</file>
         <name>frcdivd.obj</name>
      </input_file>
      <input_file id="fl-86">
         <path>c:\ti\ccsv6\tools\compiler\msp430_4.3.3\lib\</path>
         <kind>archive</kind>
         <file>rts430x_lc_ld_eabi.lib</file>
         <name>fs_add.obj</name>
      </input_file>
      <input_file id="fl-87">
         <path>c:\ti\ccsv6\tools\compiler\msp430_4.3.3\lib\</path>
         <kind>archive</kind>
         <file>rts430x_lc_ld_eabi.lib</file>
         <name>fs_cmp.obj</name>
      </input_file>
      <input_file id="fl-88">
         <path>c:\ti\ccsv6\tools\compiler\msp430_4.3.3\lib\</path>
         <kind>archive</kind>
         <file>rts430x_lc_ld_eabi.lib</file>
         <name>fs_div.obj</name>
      </input_file>
      <input_file id="fl-89">
         <path>c:\ti\ccsv6\tools\compiler\msp430_4.3.3\lib\</path>
         <kind>archive</kind>
         <file>rts430x_lc_ld_eabi.lib</file>
         <name>fs_itof.obj</name>
      </input_file>
      <input_file id="fl-8a">
         <path>c:\ti\ccsv6\tools\compiler\msp430_4.3.3\lib\</path>
         <kind>archive</kind>
         <file>rts430x_lc_ld_eabi.lib</file>
         <name>fs_mpy.obj</name>
      </input_file>
      <input_file id="fl-8b">
         <path>c:\ti\ccsv6\tools\compiler\msp430_4.3.3\lib\</path>
         <kind>archive</kind>
         <file>rts430x_lc_ld_eabi.lib</file>
         <name>fs_toi.obj</name>
      </input_file>
      <input_file id="fl-8c">
         <path>c:\ti\ccsv6\tools\compiler\msp430_4.3.3\lib\</path>
         <kind>archive</kind>
         <file>rts430x_lc_ld_eabi.lib</file>
         <name>fs_tou.obj</name>
      </input_file>
      <input_file id="fl-8d">
         <path>c:\ti\ccsv6\tools\compiler\msp430_4.3.3\lib\</path>
         <kind>archive</kind>
         <file>rts430x_lc_ld_eabi.lib</file>
         <name>fs_utof.obj</name>
      </input_file>
      <input_file id="fl-8e">
         <path>c:\ti\ccsv6\tools\compiler\msp430_4.3.3\lib\</path>
         <kind>archive</kind>
         <file>rts430x_lc_ld_eabi.lib</file>
         <name>int41.obj</name>
      </input_file>
      <input_file id="fl-8f">
         <path>c:\ti\ccsv6\tools\compiler\msp430_4.3.3\lib\</path>
         <kind>archive</kind>
         <file>rts430x_lc_ld_eabi.lib</file>
         <name>int43.obj</name>
      </input_file>
      <input_file id="fl-90">
         <path>c:\ti\ccsv6\tools\compiler\msp430_4.3.3\lib\</path>
         <kind>archive</kind>
         <file>rts430x_lc_ld_eabi.lib</file>
         <name>int44.obj</name>
      </input_file>
      <input_file id="fl-91">
         <path>c:\ti\ccsv6\tools\compiler\msp430_4.3.3\lib\</path>
         <kind>archive</kind>
         <file>rts430x_lc_ld_eabi.lib</file>
         <name>int45.obj</name>
      </input_file>
      <input_file id="fl-92">
         <path>c:\ti\ccsv6\tools\compiler\msp430_4.3.3\lib\</path>
         <kind>archive</kind>
         <file>rts430x_lc_ld_eabi.lib</file>
         <name>int46.obj</name>
      </input_file>
      <input_file id="fl-93">
         <path>c:\ti\ccsv6\tools\compiler\msp430_4.3.3\lib\</path>
         <kind>archive</kind>
         <file>rts430x_lc_ld_eabi.lib</file>
         <name>int48.obj</name>
      </input_file>
      <input_file id="fl-94">
         <path>c:\ti\ccsv6\tools\compiler\msp430_4.3.3\lib\</path>
         <kind>archive</kind>
         <file>rts430x_lc_ld_eabi.lib</file>
         <name>int49.obj</name>
      </input_file>
      <input_file id="fl-95">
         <path>c:\ti\ccsv6\tools\compiler\msp430_4.3.3\lib\</path>
         <kind>archive</kind>
         <file>rts430x_lc_ld_eabi.lib</file>
         <name>int50.obj</name>
      </input_file>
      <input_file id="fl-96">
         <path>c:\ti\ccsv6\tools\compiler\msp430_4.3.3\lib\</path>
         <kind>archive</kind>
         <file>rts430x_lc_ld_eabi.lib</file>
         <name>int51.obj</name>
      </input_file>
      <input_file id="fl-97">
         <path>c:\ti\ccsv6\tools\compiler\msp430_4.3.3\lib\</path>
         <kind>archive</kind>
         <file>rts430x_lc_ld_eabi.lib</file>
         <name>int52.obj</name>
      </input_file>
      <input_file id="fl-98">
         <path>c:\ti\ccsv6\tools\compiler\msp430_4.3.3\lib\</path>
         <kind>archive</kind>
         <file>rts430x_lc_ld_eabi.lib</file>
         <name>int53.obj</name>
      </input_file>
      <input_file id="fl-99">
         <path>c:\ti\ccsv6\tools\compiler\msp430_4.3.3\lib\</path>
         <kind>archive</kind>
         <file>rts430x_lc_ld_eabi.lib</file>
         <name>int55.obj</name>
      </input_file>
      <input_file id="fl-9a">
         <path>c:\ti\ccsv6\tools\compiler\msp430_4.3.3\lib\</path>
         <kind>archive</kind>
         <file>rts430x_lc_ld_eabi.lib</file>
         <name>int56.obj</name>
      </input_file>
      <input_file id="fl-9b">
         <path>c:\ti\ccsv6\tools\compiler\msp430_4.3.3\lib\</path>
         <kind>archive</kind>
         <file>rts430x_lc_ld_eabi.lib</file>
         <name>int58.obj</name>
      </input_file>
      <input_file id="fl-9c">
         <path>c:\ti\ccsv6\tools\compiler\msp430_4.3.3\lib\</path>
         <kind>archive</kind>
         <file>rts430x_lc_ld_eabi.lib</file>
         <name>int59.obj</name>
      </input_file>
      <input_file id="fl-9d">
         <path>c:\ti\ccsv6\tools\compiler\msp430_4.3.3\lib\</path>
         <kind>archive</kind>
         <file>rts430x_lc_ld_eabi.lib</file>
         <name>int60.obj</name>
      </input_file>
      <input_file id="fl-9e">
         <path>c:\ti\ccsv6\tools\compiler\msp430_4.3.3\lib\</path>
         <kind>archive</kind>
         <file>rts430x_lc_ld_eabi.lib</file>
         <name>int61.obj</name>
      </input_file>
      <input_file id="fl-9f">
         <path>c:\ti\ccsv6\tools\compiler\msp430_4.3.3\lib\</path>
         <kind>archive</kind>
         <file>rts430x_lc_ld_eabi.lib</file>
         <name>int62.obj</name>
      </input_file>
      <input_file id="fl-a0">
         <path>c:\ti\ccsv6\tools\compiler\msp430_4.3.3\lib\</path>
         <kind>archive</kind>
         <file>rts430x_lc_ld_eabi.lib</file>
         <name>isr_trap.obj</name>
      </input_file>
      <input_file id="fl-a1">
         <path>c:\ti\ccsv6\tools\compiler\msp430_4.3.3\lib\</path>
         <kind>archive</kind>
         <file>rts430x_lc_ld_eabi.lib</file>
         <name>lsl16.obj</name>
      </input_file>
      <input_file id="fl-a2">
         <path>c:\ti\ccsv6\tools\compiler\msp430_4.3.3\lib\</path>
         <kind>archive</kind>
         <file>rts430x_lc_ld_eabi.lib</file>
         <name>lsl32.obj</name>
      </input_file>
      <input_file id="fl-a3">
         <path>c:\ti\ccsv6\tools\compiler\msp430_4.3.3\lib\</path>
         <kind>archive</kind>
         <file>rts430x_lc_ld_eabi.lib</file>
         <name>lsr16.obj</name>
      </input_file>
      <input_file id="fl-a4">
         <path>c:\ti\ccsv6\tools\compiler\msp430_4.3.3\lib\</path>
         <kind>archive</kind>
         <file>rts430x_lc_ld_eabi.lib</file>
         <name>lsr32.obj</name>
      </input_file>
      <input_file id="fl-a5">
         <path>c:\ti\ccsv6\tools\compiler\msp430_4.3.3\lib\</path>
         <kind>archive</kind>
         <file>rts430x_lc_ld_eabi.lib</file>
         <name>memcpy.obj</name>
      </input_file>
      <input_file id="fl-a6">
         <path>c:\ti\ccsv6\tools\compiler\msp430_4.3.3\lib\</path>
         <kind>archive</kind>
         <file>rts430x_lc_ld_eabi.lib</file>
         <name>memset.obj</name>
      </input_file>
      <input_file id="fl-a7">
         <path>c:\ti\ccsv6\tools\compiler\msp430_4.3.3\lib\</path>
         <kind>archive</kind>
         <file>rts430x_lc_ld_eabi.lib</file>
         <name>mpu_init.obj</name>
      </input_file>
      <input_file id="fl-a8">
         <path>c:\ti\ccsv6\tools\compiler\msp430_4.3.3\lib\</path>
         <kind>archive</kind>
         <file>rts430x_lc_ld_eabi.lib</file>
         <name>mpyd.obj</name>
      </input_file>
      <input_file id="fl-a9">
         <path>c:\ti\ccsv6\tools\compiler\msp430_4.3.3\lib\</path>
         <kind>archive</kind>
         <file>rts430x_lc_ld_eabi.lib</file>
         <name>mult16_f5hw.obj</name>
      </input_file>
      <input_file id="fl-aa">
         <path>c:\ti\ccsv6\tools\compiler\msp430_4.3.3\lib\</path>
         <kind>archive</kind>
         <file>rts430x_lc_ld_eabi.lib</file>
         <name>mult32_f5hw.obj</name>
      </input_file>
      <input_file id="fl-ab">
         <path>c:\ti\ccsv6\tools\compiler\msp430_4.3.3\lib\</path>
         <kind>archive</kind>
         <file>rts430x_lc_ld_eabi.lib</file>
         <name>pow.obj</name>
      </input_file>
      <input_file id="fl-ac">
         <path>c:\ti\ccsv6\tools\compiler\msp430_4.3.3\lib\</path>
         <kind>archive</kind>
         <file>rts430x_lc_ld_eabi.lib</file>
         <name>pre_init.obj</name>
      </input_file>
      <input_file id="fl-ad">
         <path>c:\ti\ccsv6\tools\compiler\msp430_4.3.3\lib\</path>
         <kind>archive</kind>
         <file>rts430x_lc_ld_eabi.lib</file>
         <name>renormd.obj</name>
      </input_file>
      <input_file id="fl-ae">
         <path>c:\ti\ccsv6\tools\compiler\msp430_4.3.3\lib\</path>
         <kind>archive</kind>
         <file>rts430x_lc_ld_eabi.lib</file>
         <name>sin.obj</name>
      </input_file>
      <input_file id="fl-af">
         <path>c:\ti\ccsv6\tools\compiler\msp430_4.3.3\lib\</path>
         <kind>archive</kind>
         <file>rts430x_lc_ld_eabi.lib</file>
         <name>snprintf.obj</name>
      </input_file>
      <input_file id="fl-b0">
         <path>c:\ti\ccsv6\tools\compiler\msp430_4.3.3\lib\</path>
         <kind>archive</kind>
         <file>rts430x_lc_ld_eabi.lib</file>
         <name>subd.obj</name>
      </input_file>
      <input_file id="fl-b1">
         <path>c:\ti\ccsv6\tools\compiler\msp430_4.3.3\lib\</path>
         <kind>archive</kind>
         <file>rts430x_lc_ld_eabi.lib</file>
         <name>xdint.obj</name>
      </input_file>
      <input_file id="fl-b2">
         <path>c:\ti\ccsv6\tools\compiler\msp430_4.3.3\lib\</path>
         <kind>archive</kind>
         <file>rts430x_lc_ld_eabi.lib</file>
         <name>xdunscal.obj</name>
      </input_file>
      <input_file id="fl-b3">
         <path>c:\ti\ccsv6\tools\compiler\msp430_4.3.3\lib\</path>
         <kind>archive</kind>
         <file>rts430x_lc_ld_eabi.lib</file>
         <name>xexp.obj</name>
      </input_file>
      <input_file id="fl-b4">
         <path>c:\ti\ccsv6\tools\compiler\msp430_4.3.3\lib\</path>
         <kind>archive</kind>
         <file>rts430x_lc_ld_eabi.lib</file>
         <name>xferaise.obj</name>
      </input_file>
      <input_file id="fl-b5">
         <path>c:\ti\ccsv6\tools\compiler\msp430_4.3.3\lib\</path>
         <kind>archive</kind>
         <file>rts430x_lc_ld_eabi.lib</file>
         <name>xsin.obj</name>
      </input_file>
      <input_file id="fl-b6">
         <path>c:\ti\ccsv6\tools\compiler\msp430_4.3.3\lib\</path>
         <kind>archive</kind>
         <file>rts430x_lc_ld_eabi.lib</file>
         <name>xvalues.obj</name>
      </input_file>
      <input_file id="fl-b7">
         <path>c:\ti\ccsv6\tools\compiler\msp430_4.3.3\lib\</path>
         <kind>archive</kind>
         <file>rts430x_lc_ld_eabi.lib</file>
         <name>_lock.obj</name>
      </input_file>
      <input_file id="fl-b8">
         <path>c:\ti\ccsv6\tools\compiler\msp430_4.3.3\lib\</path>
         <kind>archive</kind>
         <file>rts430x_lc_ld_eabi.lib</file>
         <name>_printfi_min.obj</name>
      </input_file>
      <input_file id="fl-b9">
         <path>c:\ti\ccsv6\tools\compiler\msp430_4.3.3\lib\</path>
         <kind>archive</kind>
         <file>rts430x_lc_ld_eabi.lib</file>
         <name>args_main.obj</name>
      </input_file>
      <input_file id="fl-ba">
         <path>c:\ti\ccsv6\tools\compiler\msp430_4.3.3\lib\</path>
         <kind>archive</kind>
         <file>rts430x_lc_ld_eabi.lib</file>
         <name>asr32.obj</name>
      </input_file>
      <input_file id="fl-bb">
         <path>c:\ti\ccsv6\tools\compiler\msp430_4.3.3\lib\</path>
         <kind>archive</kind>
         <file>rts430x_lc_ld_eabi.lib</file>
         <name>autoinit.obj</name>
      </input_file>
      <input_file id="fl-bc">
         <path>c:\ti\ccsv6\tools\compiler\msp430_4.3.3\lib\</path>
         <kind>archive</kind>
         <file>rts430x_lc_ld_eabi.lib</file>
         <name>cmpd.obj</name>
      </input_file>
      <input_file id="fl-bd">
         <path>c:\ti\ccsv6\tools\compiler\msp430_4.3.3\lib\</path>
         <kind>archive</kind>
         <file>rts430x_lc_ld_eabi.lib</file>
         <name>errno.obj</name>
      </input_file>
      <input_file id="fl-be">
         <path>c:\ti\ccsv6\tools\compiler\msp430_4.3.3\lib\</path>
         <kind>archive</kind>
         <file>rts430x_lc_ld_eabi.lib</file>
         <name>feraiseexcept.obj</name>
      </input_file>
      <input_file id="fl-bf">
         <path>c:\ti\ccsv6\tools\compiler\msp430_4.3.3\lib\</path>
         <kind>archive</kind>
         <file>rts430x_lc_ld_eabi.lib</file>
         <name>fixdi.obj</name>
      </input_file>
      <input_file id="fl-c0">
         <path>c:\ti\ccsv6\tools\compiler\msp430_4.3.3\lib\</path>
         <kind>archive</kind>
         <file>rts430x_lc_ld_eabi.lib</file>
         <name>fixdli.obj</name>
      </input_file>
      <input_file id="fl-c1">
         <path>c:\ti\ccsv6\tools\compiler\msp430_4.3.3\lib\</path>
         <kind>archive</kind>
         <file>rts430x_lc_ld_eabi.lib</file>
         <name>fmod.obj</name>
      </input_file>
      <input_file id="fl-c2">
         <path>c:\ti\ccsv6\tools\compiler\msp430_4.3.3\lib\</path>
         <kind>archive</kind>
         <file>rts430x_lc_ld_eabi.lib</file>
         <name>frcmpyd.obj</name>
      </input_file>
      <input_file id="fl-c3">
         <path>c:\ti\ccsv6\tools\compiler\msp430_4.3.3\lib\</path>
         <kind>archive</kind>
         <file>rts430x_lc_ld_eabi.lib</file>
         <name>llmath.obj</name>
      </input_file>
      <input_file id="fl-c4">
         <path>c:\ti\ccsv6\tools\compiler\msp430_4.3.3\lib\</path>
         <kind>archive</kind>
         <file>rts430x_lc_ld_eabi.lib</file>
         <name>log.obj</name>
      </input_file>
      <input_file id="fl-c5">
         <path>c:\ti\ccsv6\tools\compiler\msp430_4.3.3\lib\</path>
         <kind>archive</kind>
         <file>rts430x_lc_ld_eabi.lib</file>
         <name>memccpy.obj</name>
      </input_file>
      <input_file id="fl-c6">
         <path>c:\ti\ccsv6\tools\compiler\msp430_4.3.3\lib\</path>
         <kind>archive</kind>
         <file>rts430x_lc_ld_eabi.lib</file>
         <name>mult64_f5hw.obj</name>
      </input_file>
      <input_file id="fl-c7">
         <path>c:\ti\ccsv6\tools\compiler\msp430_4.3.3\lib\</path>
         <kind>archive</kind>
         <file>rts430x_lc_ld_eabi.lib</file>
         <name>negd.obj</name>
      </input_file>
      <input_file id="fl-c8">
         <path>c:\ti\ccsv6\tools\compiler\msp430_4.3.3\lib\</path>
         <kind>archive</kind>
         <file>rts430x_lc_ld_eabi.lib</file>
         <name>raise.obj</name>
      </input_file>
      <input_file id="fl-c9">
         <path>c:\ti\ccsv6\tools\compiler\msp430_4.3.3\lib\</path>
         <kind>archive</kind>
         <file>rts430x_lc_ld_eabi.lib</file>
         <name>signal.obj</name>
      </input_file>
      <input_file id="fl-ca">
         <path>c:\ti\ccsv6\tools\compiler\msp430_4.3.3\lib\</path>
         <kind>archive</kind>
         <file>rts430x_lc_ld_eabi.lib</file>
         <name>strlen.obj</name>
      </input_file>
      <input_file id="fl-cb">
         <path>c:\ti\ccsv6\tools\compiler\msp430_4.3.3\lib\</path>
         <kind>archive</kind>
         <file>rts430x_lc_ld_eabi.lib</file>
         <name>xdnorm.obj</name>
      </input_file>
      <input_file id="fl-cc">
         <path>c:\ti\ccsv6\tools\compiler\msp430_4.3.3\lib\</path>
         <kind>archive</kind>
         <file>rts430x_lc_ld_eabi.lib</file>
         <name>xdscale.obj</name>
      </input_file>
      <input_file id="fl-cd">
         <path>c:\ti\ccsv6\tools\compiler\msp430_4.3.3\lib\</path>
         <kind>archive</kind>
         <file>rts430x_lc_ld_eabi.lib</file>
         <name>xlog.obj</name>
      </input_file>
      <input_file id="fl-ce">
         <path>c:\ti\ccsv6\tools\compiler\msp430_4.3.3\lib\</path>
         <kind>archive</kind>
         <file>rts430x_lc_ld_eabi.lib</file>
         <name>fs_neg.obj</name>
      </input_file>
      <input_file id="fl-cf">
         <path>c:\ti\ccsv6\tools\compiler\msp430_4.3.3\lib\</path>
         <kind>archive</kind>
         <file>rts430x_lc_ld_eabi.lib</file>
         <name>llabs.obj</name>
      </input_file>
      <input_file id="fl-d0">
         <path>c:\ti\ccsv6\tools\compiler\msp430_4.3.3\lib\</path>
         <kind>archive</kind>
         <file>rts430x_lc_ld_eabi.lib</file>
         <name>xfvalues.obj</name>
      </input_file>
   </input_file_list>
   <object_component_list>
      <object_component id="oc-97">
         <name>.stack</name>
         <uninitialized>true</uninitialized>
         <run_address>0x4360</run_address>
         <size>0x4</size>
         <input_file_ref idref="fl-75"/>
      </object_component>
      <object_component id="oc-6da">
         <name>.stack</name>
         <uninitialized>true</uninitialized>
         <run_address>0x4360</run_address>
         <size>0x0</size>
      </object_component>
      <object_component id="oc-b8">
         <name>.text:main</name>
         <load_address>0x10000</load_address>
         <run_address>0x10000</run_address>
         <size>0x868</size>
         <input_file_ref idref="fl-6"/>
      </object_component>
      <object_component id="oc-1f3">
         <name>.text:GrStringDraw</name>
         <load_address>0x10868</load_address>
         <run_address>0x10868</run_address>
         <size>0x694</size>
         <input_file_ref idref="fl-c"/>
      </object_component>
      <object_component id="oc-310">
         <name>.text:__TI_frcdivd</name>
         <load_address>0x10efc</load_address>
         <run_address>0x10efc</run_address>
         <size>0x452</size>
         <input_file_ref idref="fl-85"/>
      </object_component>
      <object_component id="oc-31f">
         <name>.text:_Sin</name>
         <load_address>0x1134e</load_address>
         <run_address>0x1134e</run_address>
         <size>0x3c2</size>
         <input_file_ref idref="fl-b5"/>
      </object_component>
      <object_component id="oc-163">
         <name>.text:eye_control</name>
         <load_address>0x11710</load_address>
         <run_address>0x11710</run_address>
         <size>0x374</size>
         <input_file_ref idref="fl-6"/>
      </object_component>
      <object_component id="oc-463">
         <name>.text:fmod</name>
         <load_address>0x11a84</load_address>
         <run_address>0x11a84</run_address>
         <size>0x31a</size>
         <input_file_ref idref="fl-c1"/>
      </object_component>
      <object_component id="oc-303">
         <name>.text:__TI_frcmpyd</name>
         <load_address>0x11d9e</load_address>
         <run_address>0x11d9e</run_address>
         <size>0x2e4</size>
         <input_file_ref idref="fl-c2"/>
      </object_component>
      <object_component id="oc-225">
         <name>.text:__mspabi_addd</name>
         <load_address>0x12082</load_address>
         <run_address>0x12082</run_address>
         <size>0x2d8</size>
         <input_file_ref idref="fl-73"/>
      </object_component>
      <object_component id="oc-417">
         <name>.text:Dogs102x64_UC1701RectFill</name>
         <load_address>0x1235a</load_address>
         <run_address>0x1235a</run_address>
         <size>0x290</size>
         <input_file_ref idref="fl-41"/>
      </object_component>
      <object_component id="oc-20d">
         <name>.text:__mspabi_mpyd</name>
         <load_address>0x125ea</load_address>
         <run_address>0x125ea</run_address>
         <size>0x282</size>
         <input_file_ref idref="fl-a8"/>
      </object_component>
      <object_component id="oc-327">
         <name>.text:__TI_frcaddd</name>
         <load_address>0x1286c</load_address>
         <run_address>0x1286c</run_address>
         <size>0x252</size>
         <input_file_ref idref="fl-84"/>
      </object_component>
      <object_component id="oc-213">
         <name>.text:__mspabi_divd</name>
         <load_address>0x12abe</load_address>
         <run_address>0x12abe</run_address>
         <size>0x222</size>
         <input_file_ref idref="fl-80"/>
      </object_component>
      <object_component id="oc-11d">
         <name>.text:dft</name>
         <load_address>0x12ce0</load_address>
         <run_address>0x12ce0</run_address>
         <size>0x1fc</size>
         <input_file_ref idref="fl-6"/>
      </object_component>
      <object_component id="oc-58a">
         <name>.text:_Dscale</name>
         <load_address>0x12edc</load_address>
         <run_address>0x12edc</run_address>
         <size>0x19e</size>
         <input_file_ref idref="fl-cc"/>
      </object_component>
      <object_component id="oc-4b5">
         <name>.text:_setfield</name>
         <load_address>0x1307a</load_address>
         <run_address>0x1307a</run_address>
         <size>0x17c</size>
         <input_file_ref idref="fl-b8"/>
      </object_component>
      <object_component id="oc-411">
         <name>.text:Dogs102x64_UC1701LineDrawV</name>
         <load_address>0x131f6</load_address>
         <run_address>0x131f6</run_address>
         <size>0x16e</size>
         <input_file_ref idref="fl-41"/>
      </object_component>
      <object_component id="oc-2cc">
         <name>.text:Dogs102x64_UC1701Init</name>
         <load_address>0x13364</load_address>
         <run_address>0x13364</run_address>
         <size>0x166</size>
         <input_file_ref idref="fl-41"/>
      </object_component>
      <object_component id="oc-379">
         <name>.text:Dogs102x6_verticalLineDraw</name>
         <load_address>0x134ca</load_address>
         <run_address>0x134ca</run_address>
         <size>0x14e</size>
         <input_file_ref idref="fl-4"/>
      </object_component>
      <object_component id="oc-107">
         <name>.text:set_up</name>
         <load_address>0x13618</load_address>
         <run_address>0x13618</run_address>
         <size>0x13c</size>
         <input_file_ref idref="fl-6"/>
      </object_component>
      <object_component id="oc-13e">
         <name>.text</name>
         <load_address>0x13754</load_address>
         <run_address>0x13754</run_address>
         <size>0x130</size>
         <input_file_ref idref="fl-86"/>
      </object_component>
      <object_component id="oc-27a">
         <name>.text:Dogs102x6_lineDraw</name>
         <load_address>0x13884</load_address>
         <run_address>0x13884</run_address>
         <size>0x126</size>
         <input_file_ref idref="fl-4"/>
      </object_component>
      <object_component id="oc-584">
         <name>.text:_Dnorm</name>
         <load_address>0x139aa</load_address>
         <run_address>0x139aa</run_address>
         <size>0x100</size>
         <input_file_ref idref="fl-cb"/>
      </object_component>
      <object_component id="oc-5d7">
         <name>.text:privateUCSSourceClockFromDCO</name>
         <load_address>0x13aaa</load_address>
         <run_address>0x13aaa</run_address>
         <size>0xf2</size>
         <input_file_ref idref="fl-30"/>
      </object_component>
      <object_component id="oc-1af">
         <name>.text:Board_init</name>
         <load_address>0x13b9c</load_address>
         <run_address>0x13b9c</run_address>
         <size>0xe4</size>
         <input_file_ref idref="fl-2"/>
      </object_component>
      <object_component id="oc-2c3">
         <name>.text:UCS_initFLL</name>
         <load_address>0x13c80</load_address>
         <run_address>0x13c80</run_address>
         <size>0xe2</size>
         <input_file_ref idref="fl-30"/>
      </object_component>
      <object_component id="oc-45d">
         <name>.text:__mspabi_cmpd</name>
         <load_address>0x13d62</load_address>
         <run_address>0x13d62</run_address>
         <size>0xd8</size>
         <input_file_ref idref="fl-bc"/>
      </object_component>
      <object_component id="oc-346">
         <name>.text:__TI_printfi_minimal</name>
         <load_address>0x13e3a</load_address>
         <run_address>0x13e3a</run_address>
         <size>0xd6</size>
         <input_file_ref idref="fl-b8"/>
      </object_component>
      <object_component id="oc-15d">
         <name>.text:plot</name>
         <load_address>0x13f10</load_address>
         <run_address>0x13f10</run_address>
         <size>0xd6</size>
         <input_file_ref idref="fl-6"/>
      </object_component>
      <object_component id="oc-502">
         <name>.text:privateUCSComputeCLKFrequency</name>
         <load_address>0x13fe6</load_address>
         <run_address>0x13fe6</run_address>
         <size>0xd6</size>
         <input_file_ref idref="fl-30"/>
      </object_component>
      <object_component id="oc-2bb">
         <name>.text:PMM_setVCoreUp</name>
         <load_address>0x140bc</load_address>
         <run_address>0x140bc</run_address>
         <size>0xce</size>
         <input_file_ref idref="fl-22"/>
      </object_component>
      <object_component id="oc-5ed">
         <name>.text:privateTimerBProcessClockSourceDivider</name>
         <load_address>0x1418a</load_address>
         <run_address>0x1418a</run_address>
         <size>0xc4</size>
         <input_file_ref idref="fl-2d"/>
      </object_component>
      <object_component id="oc-405">
         <name>.text:Dogs102x64_UC1701PixelDrawMultiple</name>
         <load_address>0x1424e</load_address>
         <run_address>0x1424e</run_address>
         <size>0xc2</size>
         <input_file_ref idref="fl-41"/>
      </object_component>
      <object_component id="oc-2e8">
         <name>.text:GrLineDrawH</name>
         <load_address>0x14310</load_address>
         <run_address>0x14310</run_address>
         <size>0xc0</size>
         <input_file_ref idref="fl-a"/>
      </object_component>
      <object_component id="oc-146">
         <name>.text</name>
         <load_address>0x143d0</load_address>
         <run_address>0x143d0</run_address>
         <size>0xb6</size>
         <input_file_ref idref="fl-8a"/>
      </object_component>
      <object_component id="oc-49c">
         <name>.text:__TI_renormd</name>
         <load_address>0x14486</load_address>
         <run_address>0x14486</run_address>
         <size>0xb2</size>
         <input_file_ref idref="fl-ad"/>
      </object_component>
      <object_component id="oc-38c">
         <name>.text:Dogs102x6_writeData</name>
         <load_address>0x14538</load_address>
         <run_address>0x14538</run_address>
         <size>0xae</size>
         <input_file_ref idref="fl-4"/>
      </object_component>
      <object_component id="oc-373">
         <name>.text:Dogs102x6_horizontalLineDraw</name>
         <load_address>0x145e6</load_address>
         <run_address>0x145e6</run_address>
         <size>0xaa</size>
         <input_file_ref idref="fl-4"/>
      </object_component>
      <object_component id="oc-3ef">
         <name>.text:Dogs102x64_setBacklight</name>
         <load_address>0x14690</load_address>
         <run_address>0x14690</run_address>
         <size>0x9e</size>
         <input_file_ref idref="fl-41"/>
      </object_component>
      <object_component id="oc-14b">
         <name>.text:print_int</name>
         <load_address>0x1472e</load_address>
         <run_address>0x1472e</run_address>
         <size>0x9a</size>
         <input_file_ref idref="fl-6"/>
      </object_component>
      <object_component id="oc-b2">
         <name>.text:_auto_init_hold_wdt</name>
         <load_address>0x147c8</load_address>
         <run_address>0x147c8</run_address>
         <size>0x98</size>
         <input_file_ref idref="fl-bb"/>
      </object_component>
      <object_component id="oc-2b5">
         <name>.text:PMM_setVCoreDown</name>
         <load_address>0x14860</load_address>
         <run_address>0x14860</run_address>
         <size>0x94</size>
         <input_file_ref idref="fl-22"/>
      </object_component>
      <object_component id="oc-2fb">
         <name>.text:__mspabi_fltlid</name>
         <load_address>0x148f4</load_address>
         <run_address>0x148f4</run_address>
         <size>0x94</size>
         <input_file_ref idref="fl-83"/>
      </object_component>
      <object_component id="oc-40b">
         <name>.text:Dogs102x64_UC1701LineDrawH</name>
         <load_address>0x14988</load_address>
         <run_address>0x14988</run_address>
         <size>0x92</size>
         <input_file_ref idref="fl-41"/>
      </object_component>
      <object_component id="oc-3b0">
         <name>.text:GPIO_setAsOutputPin</name>
         <load_address>0x14a1a</load_address>
         <run_address>0x14a1a</run_address>
         <size>0x8e</size>
         <input_file_ref idref="fl-1e"/>
      </object_component>
      <object_component id="oc-3c2">
         <name>.text:GPIO_setAsPeripheralModuleFunctionOutputPin</name>
         <load_address>0x14aa8</load_address>
         <run_address>0x14aa8</run_address>
         <size>0x8e</size>
         <input_file_ref idref="fl-1e"/>
      </object_component>
      <object_component id="oc-139">
         <name>.text</name>
         <load_address>0x14b36</load_address>
         <run_address>0x14b36</run_address>
         <size>0x8e</size>
         <input_file_ref idref="fl-88"/>
      </object_component>
      <object_component id="oc-22b">
         <name>.text:__mspabi_cvtdf</name>
         <load_address>0x14bc4</load_address>
         <run_address>0x14bc4</run_address>
         <size>0x8c</size>
         <input_file_ref idref="fl-7a"/>
      </object_component>
      <object_component id="oc-3f5">
         <name>.text:Dogs102x64_fillScreen</name>
         <load_address>0x14c50</load_address>
         <run_address>0x14c50</run_address>
         <size>0x86</size>
         <input_file_ref idref="fl-41"/>
      </object_component>
      <object_component id="oc-393">
         <name>.text:Dogs102x6_charDraw</name>
         <load_address>0x14cd6</load_address>
         <run_address>0x14cd6</run_address>
         <size>0x86</size>
         <input_file_ref idref="fl-4"/>
      </object_component>
      <object_component id="oc-117">
         <name>.text:highlight_and_print_string</name>
         <load_address>0x14d5c</load_address>
         <run_address>0x14d5c</run_address>
         <size>0x7a</size>
         <input_file_ref idref="fl-6"/>
      </object_component>
      <object_component id="oc-10e">
         <name>.text:print_string</name>
         <load_address>0x14dd6</load_address>
         <run_address>0x14dd6</run_address>
         <size>0x7a</size>
         <input_file_ref idref="fl-6"/>
      </object_component>
      <object_component id="oc-25d">
         <name>.text:Dogs102x6_init</name>
         <load_address>0x14e50</load_address>
         <run_address>0x14e50</run_address>
         <size>0x78</size>
         <input_file_ref idref="fl-4"/>
      </object_component>
      <object_component id="oc-255">
         <name>.text:snprintf</name>
         <load_address>0x14ec8</load_address>
         <run_address>0x14ec8</run_address>
         <size>0x78</size>
         <input_file_ref idref="fl-af"/>
      </object_component>
      <object_component id="oc-3ff">
         <name>.text:Dogs102x64_UC1701PixelDraw</name>
         <load_address>0x14f40</load_address>
         <run_address>0x14f40</run_address>
         <size>0x76</size>
         <input_file_ref idref="fl-41"/>
      </object_component>
      <object_component id="oc-36d">
         <name>.text:Dogs102x6_pixelDraw</name>
         <load_address>0x14fb6</load_address>
         <run_address>0x14fb6</run_address>
         <size>0x76</size>
         <input_file_ref idref="fl-4"/>
      </object_component>
      <object_component id="oc-290">
         <name>.text:check_blink</name>
         <load_address>0x1502c</load_address>
         <run_address>0x1502c</run_address>
         <size>0x76</size>
         <input_file_ref idref="fl-6"/>
      </object_component>
      <object_component id="oc-286">
         <name>.text:Dogs102x6_stringDraw</name>
         <load_address>0x150a2</load_address>
         <run_address>0x150a2</run_address>
         <size>0x72</size>
         <input_file_ref idref="fl-4"/>
      </object_component>
      <object_component id="oc-3bc">
         <name>.text:GPIO_setOutputHighOnPin</name>
         <load_address>0x15114</load_address>
         <run_address>0x15114</run_address>
         <size>0x70</size>
         <input_file_ref idref="fl-1e"/>
      </object_component>
      <object_component id="oc-3b6">
         <name>.text:GPIO_setOutputLowOnPin</name>
         <load_address>0x15184</load_address>
         <run_address>0x15184</run_address>
         <size>0x70</size>
         <input_file_ref idref="fl-1e"/>
      </object_component>
      <object_component id="oc-3e0">
         <name>.text:WriteCommand</name>
         <load_address>0x151f4</load_address>
         <run_address>0x151f4</run_address>
         <size>0x6e</size>
         <input_file_ref idref="fl-41"/>
      </object_component>
      <object_component id="oc-553">
         <name>.text:WriteData</name>
         <load_address>0x15262</load_address>
         <run_address>0x15262</run_address>
         <size>0x6e</size>
         <input_file_ref idref="fl-41"/>
      </object_component>
      <object_component id="oc-33a">
         <name>.text:_outs</name>
         <load_address>0x152d0</load_address>
         <run_address>0x152d0</run_address>
         <size>0x6c</size>
         <input_file_ref idref="fl-af"/>
      </object_component>
      <object_component id="oc-133">
         <name>.text</name>
         <load_address>0x1533c</load_address>
         <run_address>0x1533c</run_address>
         <size>0x68</size>
         <input_file_ref idref="fl-8b"/>
      </object_component>
      <object_component id="oc-386">
         <name>.text:Dogs102x6_setAddress</name>
         <load_address>0x153a4</load_address>
         <run_address>0x153a4</run_address>
         <size>0x66</size>
         <input_file_ref idref="fl-4"/>
      </object_component>
      <object_component id="oc-46f">
         <name>.text:__mspabi_fixdli</name>
         <load_address>0x1540a</load_address>
         <run_address>0x1540a</run_address>
         <size>0x66</size>
         <input_file_ref idref="fl-c0"/>
      </object_component>
      <object_component id="oc-219">
         <name>.text:__mspabi_cvtfd</name>
         <load_address>0x15470</load_address>
         <run_address>0x15470</run_address>
         <size>0x64</size>
         <input_file_ref idref="fl-7b"/>
      </object_component>
      <object_component id="oc-e5">
         <name>.text:__TI_decompress_rle_core</name>
         <load_address>0x154d4</load_address>
         <run_address>0x154d4</run_address>
         <size>0x62</size>
         <input_file_ref idref="fl-77"/>
      </object_component>
      <object_component id="oc-3e6">
         <name>.text:Dogs102x64_backlightInit</name>
         <load_address>0x15536</load_address>
         <run_address>0x15536</run_address>
         <size>0x60</size>
         <input_file_ref idref="fl-41"/>
      </object_component>
      <object_component id="oc-4f7">
         <name>.text:privateGPIOGetBaseAddress</name>
         <load_address>0x15596</load_address>
         <run_address>0x15596</run_address>
         <size>0x60</size>
         <input_file_ref idref="fl-1e"/>
      </object_component>
      <object_component id="oc-537">
         <name>.text:TIMER_B_startUpMode</name>
         <load_address>0x155f6</load_address>
         <run_address>0x155f6</run_address>
         <size>0x5a</size>
         <input_file_ref idref="fl-2d"/>
      </object_component>
      <object_component id="oc-3ce">
         <name>.text:USCI_B_SPI_masterInit</name>
         <load_address>0x15650</load_address>
         <run_address>0x15650</run_address>
         <size>0x5a</size>
         <input_file_ref idref="fl-34"/>
      </object_component>
      <object_component id="oc-1d3">
         <name>.text:lcd_init</name>
         <load_address>0x156aa</load_address>
         <run_address>0x156aa</run_address>
         <size>0x5a</size>
         <input_file_ref idref="fl-6"/>
      </object_component>
      <object_component id="oc-61f">
         <name>.text:_ltostr</name>
         <load_address>0x15704</load_address>
         <run_address>0x15704</run_address>
         <size>0x58</size>
         <input_file_ref idref="fl-b8"/>
      </object_component>
      <object_component id="oc-509">
         <name>.text</name>
         <load_address>0x1575c</load_address>
         <run_address>0x1575c</run_address>
         <size>0x58</size>
         <input_file_ref idref="fl-7f"/>
      </object_component>
      <object_component id="oc-429">
         <name>.text:Dogs102x64_UC1701ClearDisplay</name>
         <load_address>0x157b4</load_address>
         <run_address>0x157b4</run_address>
         <size>0x52</size>
         <input_file_ref idref="fl-41"/>
      </object_component>
      <object_component id="oc-5b7">
         <name>.text:_pproc_diouxp</name>
         <load_address>0x15806</load_address>
         <run_address>0x15806</run_address>
         <size>0x4c</size>
         <input_file_ref idref="fl-b8"/>
      </object_component>
      <object_component id="oc-1bb">
         <name>.text:PMM_setVCore</name>
         <load_address>0x15852</load_address>
         <run_address>0x15852</run_address>
         <size>0x4a</size>
         <input_file_ref idref="fl-22"/>
      </object_component>
      <object_component id="oc-12c">
         <name>.text</name>
         <load_address>0x1589c</load_address>
         <run_address>0x1589c</run_address>
         <size>0x4a</size>
         <input_file_ref idref="fl-87"/>
      </object_component>
      <object_component id="oc-4bb">
         <name>.text:_pproc_str</name>
         <load_address>0x158e6</load_address>
         <run_address>0x158e6</run_address>
         <size>0x48</size>
         <input_file_ref idref="fl-b8"/>
      </object_component>
      <object_component id="oc-1c1">
         <name>.text:UCS_LFXT1Start</name>
         <load_address>0x1592e</load_address>
         <run_address>0x1592e</run_address>
         <size>0x46</size>
         <input_file_ref idref="fl-30"/>
      </object_component>
      <object_component id="oc-169">
         <name>.text</name>
         <load_address>0x15974</load_address>
         <run_address>0x15974</run_address>
         <size>0x46</size>
         <input_file_ref idref="fl-8c"/>
      </object_component>
      <object_component id="oc-170">
         <name>.text:eeprom_write_bytes</name>
         <load_address>0x159ba</load_address>
         <run_address>0x159ba</run_address>
         <size>0x42</size>
         <input_file_ref idref="fl-6"/>
      </object_component>
      <object_component id="oc-35b">
         <name>.text:Dogs102x6_writeCommand</name>
         <load_address>0x159fc</load_address>
         <run_address>0x159fc</run_address>
         <size>0x40</size>
         <input_file_ref idref="fl-4"/>
      </object_component>
      <object_component id="oc-5dd">
         <name>.text</name>
         <load_address>0x15a3c</load_address>
         <run_address>0x15a3c</run_address>
         <size>0x40</size>
         <input_file_ref idref="fl-7e"/>
      </object_component>
      <object_component id="oc-269">
         <name>.text:Dogs102x6_setBacklight</name>
         <load_address>0x15a7c</load_address>
         <run_address>0x15a7c</run_address>
         <size>0x3e</size>
         <input_file_ref idref="fl-4"/>
      </object_component>
      <object_component id="oc-619">
         <name>.text:_getarg_diouxp</name>
         <load_address>0x15aba</load_address>
         <run_address>0x15aba</run_address>
         <size>0x3e</size>
         <input_file_ref idref="fl-b8"/>
      </object_component>
      <object_component id="oc-100">
         <name>.text:l_asr_const</name>
         <load_address>0x15af8</load_address>
         <run_address>0x15af8</run_address>
         <size>0x3e</size>
         <input_file_ref idref="fl-ba"/>
      </object_component>
      <object_component id="oc-32f">
         <name>.text:l_lsl_const</name>
         <load_address>0x15b36</load_address>
         <run_address>0x15b36</run_address>
         <size>0x3e</size>
         <input_file_ref idref="fl-a2"/>
      </object_component>
      <object_component id="oc-440">
         <name>.text:l_lsr_const</name>
         <load_address>0x15b74</load_address>
         <run_address>0x15b74</run_address>
         <size>0x3e</size>
         <input_file_ref idref="fl-a4"/>
      </object_component>
      <object_component id="oc-2d6">
         <name>.text:GrContextInit</name>
         <load_address>0x15bb2</load_address>
         <run_address>0x15bb2</run_address>
         <size>0x3c</size>
         <input_file_ref idref="fl-8"/>
      </object_component>
      <object_component id="oc-57e">
         <name>.text:__mspabi_srlll</name>
         <load_address>0x15bee</load_address>
         <run_address>0x15bee</run_address>
         <size>0x3a</size>
         <input_file_ref idref="fl-c3"/>
      </object_component>
      <object_component id="oc-63b">
         <name>.text:signal</name>
         <load_address>0x15c28</load_address>
         <run_address>0x15c28</run_address>
         <size>0x38</size>
         <input_file_ref idref="fl-c9"/>
      </object_component>
      <object_component id="oc-41d">
         <name>.text:Dogs102x64_UC1701ColorTranslate</name>
         <load_address>0x15c60</load_address>
         <run_address>0x15c60</run_address>
         <size>0x36</size>
         <input_file_ref idref="fl-41"/>
      </object_component>
      <object_component id="oc-280">
         <name>.text:Dogs102x6_clearScreen</name>
         <load_address>0x15c96</load_address>
         <run_address>0x15c96</run_address>
         <size>0x36</size>
         <input_file_ref idref="fl-4"/>
      </object_component>
      <object_component id="oc-484">
         <name>.text:_Feraise</name>
         <load_address>0x15ccc</load_address>
         <run_address>0x15ccc</run_address>
         <size>0x36</size>
         <input_file_ref idref="fl-b4"/>
      </object_component>
      <object_component id="oc-127">
         <name>.text</name>
         <load_address>0x15d02</load_address>
         <run_address>0x15d02</run_address>
         <size>0x36</size>
         <input_file_ref idref="fl-89"/>
      </object_component>
      <object_component id="oc-5a3">
         <name>.text:feraiseexcept</name>
         <load_address>0x15d38</load_address>
         <run_address>0x15d38</run_address>
         <size>0x34</size>
         <input_file_ref idref="fl-be"/>
      </object_component>
      <object_component id="oc-26f">
         <name>.text:Dogs102x6_setContrast</name>
         <load_address>0x15d6c</load_address>
         <run_address>0x15d6c</run_address>
         <size>0x32</size>
         <input_file_ref idref="fl-4"/>
      </object_component>
      <object_component id="oc-1c7">
         <name>.text:UCS_initFLLSettle</name>
         <load_address>0x15d9e</load_address>
         <run_address>0x15d9e</run_address>
         <size>0x32</size>
         <input_file_ref idref="fl-30"/>
      </object_component>
      <object_component id="oc-469">
         <name>.text:__mspabi_subd</name>
         <load_address>0x15dd0</load_address>
         <run_address>0x15dd0</run_address>
         <size>0x32</size>
         <input_file_ref idref="fl-b0"/>
      </object_component>
      <object_component id="oc-60c">
         <name>.text:raise</name>
         <load_address>0x15e02</load_address>
         <run_address>0x15e02</run_address>
         <size>0x32</size>
         <input_file_ref idref="fl-c8"/>
      </object_component>
      <object_component id="oc-263">
         <name>.text:Dogs102x6_backlightInit</name>
         <load_address>0x15e34</load_address>
         <run_address>0x15e34</run_address>
         <size>0x30</size>
         <input_file_ref idref="fl-4"/>
      </object_component>
      <object_component id="oc-2f3">
         <name>.text:NumLeadingZeros</name>
         <load_address>0x15e64</load_address>
         <run_address>0x15e64</run_address>
         <size>0x2e</size>
         <input_file_ref idref="fl-c"/>
      </object_component>
      <object_component id="oc-478">
         <name>.text:__mspabi_negd</name>
         <load_address>0x15e92</load_address>
         <run_address>0x15e92</run_address>
         <size>0x2e</size>
         <input_file_ref idref="fl-c7"/>
      </object_component>
      <object_component id="oc-340">
         <name>.text:_outc</name>
         <load_address>0x15ec0</load_address>
         <run_address>0x15ec0</run_address>
         <size>0x2e</size>
         <input_file_ref idref="fl-af"/>
      </object_component>
      <object_component id="oc-531">
         <name>.text:TIMER_B_initCompare</name>
         <load_address>0x15eee</load_address>
         <run_address>0x15eee</run_address>
         <size>0x2c</size>
         <input_file_ref idref="fl-2d"/>
      </object_component>
      <object_component id="oc-55c">
         <name>.text</name>
         <load_address>0x15f1a</load_address>
         <run_address>0x15f1a</run_address>
         <size>0x2c</size>
         <input_file_ref idref="fl-7c"/>
      </object_component>
      <object_component id="oc-d1">
         <name>.text:memcpy</name>
         <load_address>0x15f46</load_address>
         <run_address>0x15f46</run_address>
         <size>0x2a</size>
         <input_file_ref idref="fl-a5"/>
      </object_component>
      <object_component id="oc-8b">
         <name>.text:decompress:ZI:__TI_zero_init</name>
         <load_address>0x15f70</load_address>
         <run_address>0x15f70</run_address>
         <size>0x24</size>
         <input_file_ref idref="fl-78"/>
      </object_component>
      <object_component id="oc-1e5">
         <name>.text</name>
         <load_address>0x15f94</load_address>
         <run_address>0x15f94</run_address>
         <size>0x24</size>
         <input_file_ref idref="fl-8d"/>
      </object_component>
      <object_component id="oc-449">
         <name>.text</name>
         <load_address>0x15fb8</load_address>
         <run_address>0x15fb8</run_address>
         <size>0x22</size>
         <input_file_ref idref="fl-aa"/>
      </object_component>
      <object_component id="oc-5bd">
         <name>.text:memccpy</name>
         <load_address>0x15fda</load_address>
         <run_address>0x15fda</run_address>
         <size>0x20</size>
         <input_file_ref idref="fl-c5"/>
      </object_component>
      <object_component id="oc-380">
         <name>.text:memset</name>
         <load_address>0x15ffa</load_address>
         <run_address>0x15ffa</run_address>
         <size>0x20</size>
         <input_file_ref idref="fl-a6"/>
      </object_component>
      <object_component id="oc-644">
         <name>.text:_div</name>
         <load_address>0x1601a</load_address>
         <run_address>0x1601a</run_address>
         <size>0x1a</size>
         <input_file_ref idref="fl-b8"/>
      </object_component>
      <object_component id="oc-3c8">
         <name>.text:UCS_getSMCLK</name>
         <load_address>0x16034</load_address>
         <run_address>0x16034</run_address>
         <size>0x18</size>
         <input_file_ref idref="fl-30"/>
      </object_component>
      <object_component id="oc-1a9">
         <name>.text:WDT_A_hold</name>
         <load_address>0x1604c</load_address>
         <run_address>0x1604c</run_address>
         <size>0x16</size>
         <input_file_ref idref="fl-38"/>
      </object_component>
      <object_component id="oc-85">
         <name>.text:decompress:none:__TI_decompress_none</name>
         <load_address>0x16062</load_address>
         <run_address>0x16062</run_address>
         <size>0x16</size>
         <input_file_ref idref="fl-76"/>
      </object_component>
      <object_component id="oc-275">
         <name>.text</name>
         <load_address>0x16078</load_address>
         <run_address>0x16078</run_address>
         <size>0x16</size>
         <input_file_ref idref="fl-7d"/>
      </object_component>
      <object_component id="oc-452">
         <name>.text</name>
         <load_address>0x1608e</load_address>
         <run_address>0x1608e</run_address>
         <size>0x16</size>
         <input_file_ref idref="fl-a9"/>
      </object_component>
      <object_component id="oc-1df">
         <name>.text:Buttons_interruptEnable</name>
         <load_address>0x160a4</load_address>
         <run_address>0x160a4</run_address>
         <size>0x12</size>
         <input_file_ref idref="fl-3"/>
      </object_component>
      <object_component id="oc-1b5">
         <name>.text:UCS_setExternalClockSource</name>
         <load_address>0x160b6</load_address>
         <run_address>0x160b6</run_address>
         <size>0x12</size>
         <input_file_ref idref="fl-30"/>
      </object_component>
      <object_component id="oc-4af">
         <name>.text:strlen</name>
         <load_address>0x160c8</load_address>
         <run_address>0x160c8</run_address>
         <size>0x12</size>
         <input_file_ref idref="fl-ca"/>
      </object_component>
      <object_component id="oc-497">
         <name>.text:l_asr</name>
         <load_address>0x160da</load_address>
         <run_address>0x160da</run_address>
         <size>0x10</size>
         <input_file_ref idref="fl-ba"/>
      </object_component>
      <object_component id="oc-48d">
         <name>.text:l_lsl</name>
         <load_address>0x160ea</load_address>
         <run_address>0x160ea</run_address>
         <size>0x10</size>
         <input_file_ref idref="fl-a2"/>
      </object_component>
      <object_component id="oc-492">
         <name>.text:l_lsr</name>
         <load_address>0x160fa</load_address>
         <run_address>0x160fa</run_address>
         <size>0x10</size>
         <input_file_ref idref="fl-a4"/>
      </object_component>
      <object_component id="oc-1d9">
         <name>.text:Buttons_init</name>
         <load_address>0x1610a</load_address>
         <run_address>0x1610a</run_address>
         <size>0xe</size>
         <input_file_ref idref="fl-3"/>
      </object_component>
      <object_component id="oc-540">
         <name>.text:TIMER_B_stop</name>
         <load_address>0x16118</load_address>
         <run_address>0x16118</run_address>
         <size>0xe</size>
         <input_file_ref idref="fl-2d"/>
      </object_component>
      <object_component id="oc-21f">
         <name>.text:cos</name>
         <load_address>0x16126</load_address>
         <run_address>0x16126</run_address>
         <size>0xe</size>
         <input_file_ref idref="fl-79"/>
      </object_component>
      <object_component id="oc-231">
         <name>.text:sin</name>
         <load_address>0x16134</load_address>
         <run_address>0x16134</run_address>
         <size>0xe</size>
         <input_file_ref idref="fl-ae"/>
      </object_component>
      <object_component id="oc-546">
         <name>.text:TIMER_B_setCompareValue</name>
         <load_address>0x16142</load_address>
         <run_address>0x16142</run_address>
         <size>0xc</size>
         <input_file_ref idref="fl-2d"/>
      </object_component>
      <object_component id="oc-3da">
         <name>.text:USCI_B_SPI_clearInterruptFlag</name>
         <load_address>0x1614e</load_address>
         <run_address>0x1614e</run_address>
         <size>0xc</size>
         <input_file_ref idref="fl-34"/>
      </object_component>
      <object_component id="oc-51e">
         <name>.text:USCI_B_SPI_isBusy</name>
         <load_address>0x1615a</load_address>
         <run_address>0x1615a</run_address>
         <size>0xc</size>
         <input_file_ref idref="fl-34"/>
      </object_component>
      <object_component id="oc-207">
         <name>.text:__mspabi_fltid</name>
         <load_address>0x16166</load_address>
         <run_address>0x16166</run_address>
         <size>0xc</size>
         <input_file_ref idref="fl-82"/>
      </object_component>
      <object_component id="oc-52b">
         <name>.text:TIMER_B_getCaptureCompareCount</name>
         <load_address>0x16172</load_address>
         <run_address>0x16172</run_address>
         <size>0xa</size>
         <input_file_ref idref="fl-2d"/>
      </object_component>
      <object_component id="oc-512">
         <name>.text:USCI_B_SPI_getInterruptStatus</name>
         <load_address>0x1617c</load_address>
         <run_address>0x1617c</run_address>
         <size>0xa</size>
         <input_file_ref idref="fl-34"/>
      </object_component>
      <object_component id="oc-518">
         <name>.text:USCI_B_SPI_transmitData</name>
         <load_address>0x16186</load_address>
         <run_address>0x16186</run_address>
         <size>0xa</size>
         <input_file_ref idref="fl-34"/>
      </object_component>
      <object_component id="oc-237">
         <name>.text:abs</name>
         <load_address>0x16190</load_address>
         <run_address>0x16190</run_address>
         <size>0xa</size>
         <input_file_ref idref="fl-72"/>
      </object_component>
      <object_component id="oc-4d6">
         <name>.text</name>
         <load_address>0x1619a</load_address>
         <run_address>0x1619a</run_address>
         <size>0xa</size>
         <input_file_ref idref="fl-74"/>
      </object_component>
      <object_component id="oc-2ee">
         <name>.text</name>
         <load_address>0x161a4</load_address>
         <run_address>0x161a4</run_address>
         <size>0xa</size>
         <input_file_ref idref="fl-a1"/>
      </object_component>
      <object_component id="oc-4e1">
         <name>.text</name>
         <load_address>0x161ae</load_address>
         <run_address>0x161ae</run_address>
         <size>0xa</size>
         <input_file_ref idref="fl-a3"/>
      </object_component>
      <object_component id="oc-524">
         <name>.text:USCI_B_SPI_receiveData</name>
         <load_address>0x161b8</load_address>
         <run_address>0x161b8</run_address>
         <size>0x8</size>
         <input_file_ref idref="fl-34"/>
      </object_component>
      <object_component id="oc-1cd">
         <name>.text:SFR_enableInterrupt</name>
         <load_address>0x161c0</load_address>
         <run_address>0x161c0</run_address>
         <size>0x6</size>
         <input_file_ref idref="fl-29"/>
      </object_component>
      <object_component id="oc-54c">
         <name>.text:TIMER_B_startCounter</name>
         <load_address>0x161c6</load_address>
         <run_address>0x161c6</run_address>
         <size>0x6</size>
         <input_file_ref idref="fl-2d"/>
      </object_component>
      <object_component id="oc-3d4">
         <name>.text:USCI_B_SPI_enable</name>
         <load_address>0x161cc</load_address>
         <run_address>0x161cc</run_address>
         <size>0x6</size>
         <input_file_ref idref="fl-34"/>
      </object_component>
      <object_component id="oc-9b">
         <name>.text:__TI_ISR_TRAP</name>
         <load_address>0x161d2</load_address>
         <run_address>0x161d2</run_address>
         <size>0x6</size>
         <input_file_ref idref="fl-a0"/>
      </object_component>
      <object_component id="oc-91">
         <name>.text:decompress:rle24:__TI_decompress_rle24</name>
         <load_address>0x161d8</load_address>
         <run_address>0x161d8</run_address>
         <size>0x6</size>
         <input_file_ref idref="fl-77"/>
      </object_component>
      <object_component id="oc-ac">
         <name>.text:_system_pre_init</name>
         <load_address>0x161de</load_address>
         <run_address>0x161de</run_address>
         <size>0x4</size>
         <input_file_ref idref="fl-ac"/>
      </object_component>
      <object_component id="oc-be">
         <name>.text:abort</name>
         <load_address>0x161e2</load_address>
         <run_address>0x161e2</run_address>
         <size>0x4</size>
         <input_file_ref idref="fl-81"/>
      </object_component>
      <object_component id="oc-423">
         <name>.text:Dogs102x64_UC1701Flush</name>
         <load_address>0x161e6</load_address>
         <run_address>0x161e6</run_address>
         <size>0x2</size>
         <input_file_ref idref="fl-41"/>
      </object_component>
      <object_component id="oc-65f">
         <name>.text:_nop</name>
         <load_address>0x161e8</load_address>
         <run_address>0x161e8</run_address>
         <size>0x2</size>
         <input_file_ref idref="fl-b7"/>
      </object_component>
      <object_component id="oc-a6">
         <name>.text:_isr:Port1_ISR</name>
         <load_address>0x4400</load_address>
         <run_address>0x4400</run_address>
         <size>0x46</size>
         <input_file_ref idref="fl-3"/>
      </object_component>
      <object_component id="oc-a0">
         <name>.text:_isr:Port2_ISR</name>
         <load_address>0x4446</load_address>
         <run_address>0x4446</run_address>
         <size>0x46</size>
         <input_file_ref idref="fl-3"/>
      </object_component>
      <object_component id="oc-cb">
         <name>.text:_isr:WDT_ISR</name>
         <load_address>0x448c</load_address>
         <run_address>0x448c</run_address>
         <size>0x1a</size>
         <input_file_ref idref="fl-3"/>
      </object_component>
      <object_component id="oc-72">
         <name>.text:_isr:_c_int00_noexit</name>
         <load_address>0x44a6</load_address>
         <run_address>0x44a6</run_address>
         <size>0x1a</size>
         <input_file_ref idref="fl-75"/>
      </object_component>
      <object_component id="oc-c5">
         <name>.text:_isr:ADC12_ISR</name>
         <load_address>0x44c0</load_address>
         <run_address>0x44c0</run_address>
         <size>0x16</size>
         <input_file_ref idref="fl-5"/>
      </object_component>
      <object_component id="oc-6d9">
         <name>.cinit..data.load</name>
         <load_address>0x4db4</load_address>
         <run_address>0x4db4</run_address>
         <size>0x77</size>
      </object_component>
      <object_component id="oc-6d6">
         <name>__TI_handler_table</name>
         <load_address>0x4e2c</load_address>
         <run_address>0x4e2c</run_address>
         <size>0xc</size>
      </object_component>
      <object_component id="oc-6d8">
         <name>.cinit..bss.load</name>
         <load_address>0x4e38</load_address>
         <run_address>0x4e38</run_address>
         <size>0x6</size>
      </object_component>
      <object_component id="oc-6d7">
         <name>__TI_cinit_table</name>
         <load_address>0x4e3e</load_address>
         <run_address>0x4e3e</run_address>
         <size>0x10</size>
      </object_component>
      <object_component id="oc-434">
         <name>.const:.string:g_pucFontFixed6x8Data</name>
         <load_address>0x44d6</load_address>
         <run_address>0x44d6</run_address>
         <size>0x2f8</size>
         <input_file_ref idref="fl-d"/>
      </object_component>
      <object_component id="oc-4f1">
         <name>.const:.string:FONT6x8</name>
         <load_address>0x47ce</load_address>
         <run_address>0x47ce</run_address>
         <size>0x24c</size>
         <input_file_ref idref="fl-4"/>
      </object_component>
      <object_component id="oc-10d">
         <name>.const:.string</name>
         <load_address>0x4a1a</load_address>
         <run_address>0x4a1a</run_address>
         <size>0x230</size>
         <input_file_ref idref="fl-6"/>
      </object_component>
      <object_component id="oc-2df">
         <name>.const</name>
         <load_address>0x4c4a</load_address>
         <run_address>0x4c4a</run_address>
         <size>0xc8</size>
         <input_file_ref idref="fl-d"/>
      </object_component>
      <object_component id="oc-481">
         <name>.const:c</name>
         <load_address>0x4d12</load_address>
         <run_address>0x4d12</run_address>
         <size>0x30</size>
         <input_file_ref idref="fl-b5"/>
      </object_component>
      <object_component id="oc-47e">
         <name>.const:s</name>
         <load_address>0x4d42</load_address>
         <run_address>0x4d42</run_address>
         <size>0x30</size>
         <input_file_ref idref="fl-b5"/>
      </object_component>
      <object_component id="oc-2d3">
         <name>.const</name>
         <load_address>0x4d72</load_address>
         <run_address>0x4d72</run_address>
         <size>0x2c</size>
         <input_file_ref idref="fl-41"/>
      </object_component>
      <object_component id="oc-5b6">
         <name>.const:.string</name>
         <load_address>0x4d9e</load_address>
         <run_address>0x4d9e</run_address>
         <size>0x14</size>
         <input_file_ref idref="fl-b8"/>
      </object_component>
      <object_component id="oc-4ea">
         <name>.const:.string:$P$T1$2</name>
         <load_address>0x4db2</load_address>
         <run_address>0x4db2</run_address>
         <size>0x2</size>
         <input_file_ref idref="fl-4"/>
      </object_component>
      <object_component id="oc-69">
         <name>.int41</name>
         <load_address>0xffd2</load_address>
         <run_address>0xffd2</run_address>
         <size>0x2</size>
         <input_file_ref idref="fl-8e"/>
      </object_component>
      <object_component id="oc-6a">
         <name>.int42</name>
         <load_address>0xffd4</load_address>
         <run_address>0xffd4</run_address>
         <size>0x2</size>
         <input_file_ref idref="fl-3"/>
      </object_component>
      <object_component id="oc-6b">
         <name>.int43</name>
         <load_address>0xffd6</load_address>
         <run_address>0xffd6</run_address>
         <size>0x2</size>
         <input_file_ref idref="fl-8f"/>
      </object_component>
      <object_component id="oc-6c">
         <name>.int44</name>
         <load_address>0xffd8</load_address>
         <run_address>0xffd8</run_address>
         <size>0x2</size>
[...]
         <value>0x16166</value>
         <object_component_ref idref="oc-207"/>
      </symbol>
      <symbol id="sm-a64">
         <name>__mspabi_fltlid</name>
         <value>0x148f4</value>
         <object_component_ref idref="oc-2fb"/>
      </symbol>
      <symbol id="sm-a85">
         <name>__TI_frcaddd</name>
         <value>0x1286c</value>
         <object_component_ref idref="oc-327"/>
      </symbol>
      <symbol id="sm-aa0">
         <name>__TI_frcdivd</name>
         <value>0x10efc</value>
         <object_component_ref idref="oc-310"/>
      </symbol>
      <symbol id="sm-abb">
         <name>__mspabi_subf</name>
         <value>0x13754</value>
         <object_component_ref idref="oc-13e"/>
      </symbol>
      <symbol id="sm-abc">
         <name>__mspabi_addf</name>
         <value>0x1375a</value>
         <object_component_ref idref="oc-13e"/>
      </symbol>
      <symbol id="sm-acc">
         <name>__mspabi_cmpf</name>
         <value>0x1589c</value>
         <object_component_ref idref="oc-12c"/>
      </symbol>
      <symbol id="sm-ade">
         <name>__mspabi_divf</name>
         <value>0x14b36</value>
         <object_component_ref idref="oc-139"/>
      </symbol>
      <symbol id="sm-aeb">
         <name>__mspabi_fltif</name>
         <value>0x15d02</value>
         <object_component_ref idref="oc-127"/>
      </symbol>
      <symbol id="sm-b02">
         <name>__mspabi_mpyf</name>
         <value>0x143d0</value>
         <object_component_ref idref="oc-146"/>
      </symbol>
      <symbol id="sm-b14">
         <name>__mspabi_fixfi</name>
         <value>0x1533c</value>
         <object_component_ref idref="oc-133"/>
      </symbol>
      <symbol id="sm-b23">
         <name>__mspabi_fixfu</name>
         <value>0x15974</value>
         <object_component_ref idref="oc-169"/>
      </symbol>
      <symbol id="sm-b2e">
         <name>__mspabi_fltuf</name>
         <value>0x15f94</value>
         <object_component_ref idref="oc-1e5"/>
      </symbol>
      <symbol id="sm-b31">
         <name>__TI_int41</name>
         <value>0xffd2</value>
         <object_component_ref idref="oc-69"/>
      </symbol>
      <symbol id="sm-b34">
         <name>__TI_int43</name>
         <value>0xffd6</value>
         <object_component_ref idref="oc-6b"/>
      </symbol>
      <symbol id="sm-b37">
         <name>__TI_int44</name>
         <value>0xffd8</value>
         <object_component_ref idref="oc-6c"/>
      </symbol>
      <symbol id="sm-b3a">
         <name>__TI_int45</name>
         <value>0xffda</value>
         <object_component_ref idref="oc-6d"/>
      </symbol>
      <symbol id="sm-b3d">
         <name>__TI_int46</name>
         <value>0xffdc</value>
         <object_component_ref idref="oc-6e"/>
      </symbol>
      <symbol id="sm-b40">
         <name>__TI_int48</name>
         <value>0xffe0</value>
         <object_component_ref idref="oc-70"/>
      </symbol>
      <symbol id="sm-b43">
         <name>__TI_int49</name>
         <value>0xffe2</value>
         <object_component_ref idref="oc-71"/>
      </symbol>
      <symbol id="sm-b46">
         <name>__TI_int50</name>
         <value>0xffe4</value>
         <object_component_ref idref="oc-78"/>
      </symbol>
      <symbol id="sm-b49">
         <name>__TI_int51</name>
         <value>0xffe6</value>
         <object_component_ref idref="oc-79"/>
      </symbol>
      <symbol id="sm-b4c">
         <name>__TI_int52</name>
         <value>0xffe8</value>
         <object_component_ref idref="oc-7a"/>
      </symbol>
      <symbol id="sm-b4f">
         <name>__TI_int53</name>
         <value>0xffea</value>
         <object_component_ref idref="oc-7b"/>
      </symbol>
      <symbol id="sm-b52">
         <name>__TI_int55</name>
         <value>0xffee</value>
         <object_component_ref idref="oc-7d"/>
      </symbol>
      <symbol id="sm-b55">
         <name>__TI_int56</name>
         <value>0xfff0</value>
         <object_component_ref idref="oc-7e"/>
      </symbol>
      <symbol id="sm-b58">
         <name>__TI_int58</name>
         <value>0xfff4</value>
         <object_component_ref idref="oc-80"/>
      </symbol>
      <symbol id="sm-b5b">
         <name>__TI_int59</name>
         <value>0xfff6</value>
         <object_component_ref idref="oc-81"/>
      </symbol>
      <symbol id="sm-b5e">
         <name>__TI_int60</name>
         <value>0xfff8</value>
         <object_component_ref idref="oc-82"/>
      </symbol>
      <symbol id="sm-b61">
         <name>__TI_int61</name>
         <value>0xfffa</value>
         <object_component_ref idref="oc-83"/>
      </symbol>
      <symbol id="sm-b64">
         <name>__TI_int62</name>
         <value>0xfffc</value>
         <object_component_ref idref="oc-84"/>
      </symbol>
      <symbol id="sm-b6c">
         <name>__TI_ISR_TRAP</name>
         <value>0x161d2</value>
         <object_component_ref idref="oc-9b"/>
      </symbol>
      <symbol id="sm-b75">
         <name>__mspabi_slli</name>
         <value>0x161a4</value>
         <object_component_ref idref="oc-2ee"/>
      </symbol>
      <symbol id="sm-b85">
         <name>__mspabi_slll_9</name>
         <value>0x15b4e</value>
         <object_component_ref idref="oc-32f"/>
      </symbol>
      <symbol id="sm-b86">
         <name>__mspabi_slll_8</name>
         <value>0x15b52</value>
         <object_component_ref idref="oc-32f"/>
      </symbol>
      <symbol id="sm-b87">
         <name>__mspabi_slll_7</name>
         <value>0x15b56</value>
         <object_component_ref idref="oc-32f"/>
      </symbol>
      <symbol id="sm-b88">
         <name>__mspabi_slll_6</name>
         <value>0x15b5a</value>
         <object_component_ref idref="oc-32f"/>
      </symbol>
      <symbol id="sm-b89">
         <name>__mspabi_slll_5</name>
         <value>0x15b5e</value>
         <object_component_ref idref="oc-32f"/>
      </symbol>
      <symbol id="sm-b8a">
         <name>__mspabi_slll_4</name>
         <value>0x15b62</value>
         <object_component_ref idref="oc-32f"/>
      </symbol>
      <symbol id="sm-b8b">
         <name>__mspabi_slll_3</name>
         <value>0x15b66</value>
         <object_component_ref idref="oc-32f"/>
      </symbol>
      <symbol id="sm-b8c">
         <name>__mspabi_slll_2</name>
         <value>0x15b6a</value>
         <object_component_ref idref="oc-32f"/>
      </symbol>
      <symbol id="sm-b8d">
         <name>__mspabi_slll_1</name>
         <value>0x15b6e</value>
         <object_component_ref idref="oc-32f"/>
      </symbol>
      <symbol id="sm-b8e">
         <name>__mspabi_slll</name>
         <value>0x160ea</value>
         <object_component_ref idref="oc-48d"/>
      </symbol>
      <symbol id="sm-b8f">
         <name>__mspabi_slll_15</name>
         <value>0x15b36</value>
         <object_component_ref idref="oc-32f"/>
      </symbol>
      <symbol id="sm-b90">
         <name>__mspabi_slll_14</name>
         <value>0x15b3a</value>
         <object_component_ref idref="oc-32f"/>
      </symbol>
      <symbol id="sm-b91">
         <name>__mspabi_slll_13</name>
         <value>0x15b3e</value>
         <object_component_ref idref="oc-32f"/>
      </symbol>
      <symbol id="sm-b92">
         <name>__mspabi_slll_12</name>
         <value>0x15b42</value>
         <object_component_ref idref="oc-32f"/>
      </symbol>
      <symbol id="sm-b93">
         <name>__mspabi_slll_11</name>
         <value>0x15b46</value>
         <object_component_ref idref="oc-32f"/>
      </symbol>
      <symbol id="sm-b94">
         <name>__mspabi_slll_10</name>
         <value>0x15b4a</value>
         <object_component_ref idref="oc-32f"/>
      </symbol>
      <symbol id="sm-b9d">
         <name>__mspabi_srli</name>
         <value>0x161ae</value>
         <object_component_ref idref="oc-4e1"/>
      </symbol>
      <symbol id="sm-bad">
         <name>__mspabi_srll_8</name>
         <value>0x15b90</value>
         <object_component_ref idref="oc-440"/>
      </symbol>
      <symbol id="sm-bae">
         <name>__mspabi_srll_9</name>
         <value>0x15b8c</value>
         <object_component_ref idref="oc-440"/>
      </symbol>
      <symbol id="sm-baf">
         <name>__mspabi_srll_6</name>
         <value>0x15b98</value>
         <object_component_ref idref="oc-440"/>
      </symbol>
      <symbol id="sm-bb0">
         <name>__mspabi_srll_7</name>
         <value>0x15b94</value>
         <object_component_ref idref="oc-440"/>
      </symbol>
      <symbol id="sm-bb1">
         <name>__mspabi_srll_4</name>
         <value>0x15ba0</value>
         <object_component_ref idref="oc-440"/>
      </symbol>
      <symbol id="sm-bb2">
         <name>__mspabi_srll_5</name>
         <value>0x15b9c</value>
         <object_component_ref idref="oc-440"/>
      </symbol>
      <symbol id="sm-bb3">
         <name>__mspabi_srll_2</name>
         <value>0x15ba8</value>
         <object_component_ref idref="oc-440"/>
      </symbol>
      <symbol id="sm-bb4">
         <name>__mspabi_srll_3</name>
         <value>0x15ba4</value>
         <object_component_ref idref="oc-440"/>
      </symbol>
      <symbol id="sm-bb5">
         <name>__mspabi_srll_1</name>
         <value>0x15bac</value>
         <object_component_ref idref="oc-440"/>
      </symbol>
      <symbol id="sm-bb6">
         <name>__mspabi_srll_15</name>
         <value>0x15b74</value>
         <object_component_ref idref="oc-440"/>
      </symbol>
      <symbol id="sm-bb7">
         <name>__mspabi_srll_14</name>
         <value>0x15b78</value>
         <object_component_ref idref="oc-440"/>
      </symbol>
      <symbol id="sm-bb8">
         <name>__mspabi_srll_13</name>
         <value>0x15b7c</value>
         <object_component_ref idref="oc-440"/>
      </symbol>
      <symbol id="sm-bb9">
         <name>__mspabi_srll_12</name>
         <value>0x15b80</value>
         <object_component_ref idref="oc-440"/>
      </symbol>
      <symbol id="sm-bba">
         <name>__mspabi_srll_11</name>
         <value>0x15b84</value>
         <object_component_ref idref="oc-440"/>
      </symbol>
      <symbol id="sm-bbb">
         <name>__mspabi_srll_10</name>
         <value>0x15b88</value>
         <object_component_ref idref="oc-440"/>
      </symbol>
      <symbol id="sm-bbc">
         <name>__mspabi_srll</name>
         <value>0x160fa</value>
         <object_component_ref idref="oc-492"/>
      </symbol>
      <symbol id="sm-bd0">
         <name>memcpy</name>
         <value>0x15f46</value>
         <object_component_ref idref="oc-d1"/>
      </symbol>
      <symbol id="sm-bdf">
         <name>memset</name>
         <value>0x15ffa</value>
         <object_component_ref idref="oc-380"/>
      </symbol>
      <symbol id="sm-c00">
         <name>__mspabi_mpyd</name>
         <value>0x125ea</value>
         <object_component_ref idref="oc-20d"/>
      </symbol>
      <symbol id="sm-c08">
         <name>__mspabi_mpyi_f5hw</name>
         <value>0x1608e</value>
         <object_component_ref idref="oc-452"/>
      </symbol>
      <symbol id="sm-c10">
         <name>__mspabi_mpyl_f5hw</name>
         <value>0x15fb8</value>
         <object_component_ref idref="oc-449"/>
      </symbol>
      <symbol id="sm-c22">
         <name>_system_pre_init</name>
         <value>0x161de</value>
         <object_component_ref idref="oc-ac"/>
      </symbol>
      <symbol id="sm-c36">
         <name>__TI_renormd</name>
         <value>0x14486</value>
         <object_component_ref idref="oc-49c"/>
      </symbol>
      <symbol id="sm-c42">
         <name>sin</name>
         <value>0x16134</value>
         <object_component_ref idref="oc-231"/>
      </symbol>
      <symbol id="sm-c73">
         <name>snprintf</name>
         <value>0x14ec8</value>
         <object_component_ref idref="oc-255"/>
      </symbol>
      <symbol id="sm-c7f">
         <name>__mspabi_subd</name>
         <value>0x15dd0</value>
         <object_component_ref idref="oc-469"/>
      </symbol>
      <symbol id="sm-c8e">
         <name>_Feraise</name>
         <value>0x15ccc</value>
         <object_component_ref idref="oc-484"/>
      </symbol>
      <symbol id="sm-cbd">
         <name>_Sin</name>
         <value>0x1134e</value>
         <object_component_ref idref="oc-31f"/>
      </symbol>
      <symbol id="sm-cc4">
         <name>_Rteps</name>
         <value>0x2840</value>
         <object_component_ref idref="oc-475"/>
      </symbol>
      <symbol id="sm-cc5">
         <name>_Zero</name>
         <value>0x2858</value>
         <object_component_ref idref="oc-475"/>
      </symbol>
      <symbol id="sm-cc6">
         <name>_Hugeval</name>
         <value>0x2800</value>
         <object_component_ref idref="oc-475"/>
      </symbol>
      <symbol id="sm-cc7">
         <name>_Snan</name>
         <value>0x2830</value>
         <object_component_ref idref="oc-475"/>
      </symbol>
      <symbol id="sm-cc8">
         <name>_Nan</name>
         <value>0x2820</value>
         <object_component_ref idref="oc-475"/>
      </symbol>
      <symbol id="sm-cc9">
         <name>_Inf</name>
         <value>0x2810</value>
         <object_component_ref idref="oc-475"/>
      </symbol>
      <symbol id="sm-cca">
         <name>_Xbig</name>
         <value>0x2850</value>
         <object_component_ref idref="oc-475"/>
      </symbol>
      <symbol id="sm-ccb">
         <name>_Eps</name>
         <value>0x27f0</value>
         <object_component_ref idref="oc-475"/>
      </symbol>
      <symbol id="sm-ccc">
         <name>_Denorm</name>
         <value>0x27e0</value>
         <object_component_ref idref="oc-475"/>
      </symbol>
      <symbol id="sm-cdd">
         <name>_nop</name>
         <value>0x161e8</value>
         <object_component_ref idref="oc-65f"/>
      </symbol>
      <symbol id="sm-cde">
         <name>_lock</name>
         <value>0x28c4</value>
         <object_component_ref idref="oc-64f"/>
      </symbol>
      <symbol id="sm-cdf">
         <name>_unlock</name>
         <value>0x28c8</value>
         <object_component_ref idref="oc-64f"/>
      </symbol>
      <symbol id="sm-d48">
         <name>__TI_printfi_minimal</name>
         <value>0x13e3a</value>
         <object_component_ref idref="oc-346"/>
      </symbol>
      <symbol id="sm-d59">
         <name>__mspabi_sral</name>
         <value>0x160da</value>
         <object_component_ref idref="oc-497"/>
      </symbol>
      <symbol id="sm-d5a">
         <name>__mspabi_sral_15</name>
         <value>0x15af8</value>
         <object_component_ref idref="oc-100"/>
      </symbol>
      <symbol id="sm-d5b">
         <name>__mspabi_sral_14</name>
         <value>0x15afc</value>
         <object_component_ref idref="oc-100"/>
      </symbol>
      <symbol id="sm-d5c">
         <name>__mspabi_sral_13</name>
         <value>0x15b00</value>
         <object_component_ref idref="oc-100"/>
      </symbol>
      <symbol id="sm-d5d">
         <name>__mspabi_sral_12</name>
         <value>0x15b04</value>
         <object_component_ref idref="oc-100"/>
      </symbol>
      <symbol id="sm-d5e">
         <name>__mspabi_sral_11</name>
         <value>0x15b08</value>
         <object_component_ref idref="oc-100"/>
      </symbol>
      <symbol id="sm-d5f">
         <name>__mspabi_sral_10</name>
         <value>0x15b0c</value>
         <object_component_ref idref="oc-100"/>
      </symbol>
      <symbol id="sm-d60">
         <name>__mspabi_sral_8</name>
         <value>0x15b14</value>
         <object_component_ref idref="oc-100"/>
      </symbol>
      <symbol id="sm-d61">
         <name>__mspabi_sral_9</name>
         <value>0x15b10</value>
         <object_component_ref idref="oc-100"/>
      </symbol>
      <symbol id="sm-d62">
         <name>__mspabi_sral_6</name>
         <value>0x15b1c</value>
         <object_component_ref idref="oc-100"/>
      </symbol>
      <symbol id="sm-d63">
         <name>__mspabi_sral_7</name>
         <value>0x15b18</value>
         <object_component_ref idref="oc-100"/>
      </symbol>
      <symbol id="sm-d64">
         <name>__mspabi_sral_4</name>
         <value>0x15b24</value>
         <object_component_ref idref="oc-100"/>
      </symbol>
      <symbol id="sm-d65">
         <name>__mspabi_sral_5</name>
         <value>0x15b20</value>
         <object_component_ref idref="oc-100"/>
      </symbol>
      <symbol id="sm-d66">
         <name>__mspabi_sral_2</name>
         <value>0x15b2c</value>
         <object_component_ref idref="oc-100"/>
      </symbol>
      <symbol id="sm-d67">
         <name>__mspabi_sral_3</name>
         <value>0x15b28</value>
         <object_component_ref idref="oc-100"/>
      </symbol>
      <symbol id="sm-d68">
         <name>__mspabi_sral_1</name>
         <value>0x15b30</value>
         <object_component_ref idref="oc-100"/>
      </symbol>
      <symbol id="sm-d7e">
         <name>_auto_init_hold_wdt</name>
         <value>0x147c8</value>
         <object_component_ref idref="oc-b2"/>
      </symbol>
      <symbol id="sm-d9b">
         <name>__mspabi_cmpd</name>
         <value>0x13d62</value>
         <object_component_ref idref="oc-45d"/>
      </symbol>
      <symbol id="sm-da2">
         <name>_Errno</name>
         <value>0x28e0</value>
         <object_component_ref idref="oc-5a9"/>
      </symbol>
      <symbol id="sm-dba">
         <name>feraiseexcept</name>
         <value>0x15d38</value>
         <object_component_ref idref="oc-5a3"/>
      </symbol>
      <symbol id="sm-dbb">
         <name>_Tls_setup__Fenv</name>
         <value>0x28d0</value>
         <object_component_ref idref="oc-609"/>
      </symbol>
      <symbol id="sm-dbc">
         <name>_Fenv</name>
         <value>0x28cc</value>
         <object_component_ref idref="oc-609"/>
      </symbol>
      <symbol id="sm-dcf">
         <name>__mspabi_fixdli</name>
         <value>0x1540a</value>
         <object_component_ref idref="oc-46f"/>
      </symbol>
      <symbol id="sm-dfd">
         <name>fmod</name>
         <value>0x11a84</value>
         <object_component_ref idref="oc-463"/>
      </symbol>
      <symbol id="sm-e0e">
         <name>__TI_frcmpyd</name>
         <value>0x11d9e</value>
         <object_component_ref idref="oc-303"/>
      </symbol>
      <symbol id="sm-e1b">
         <name>__mspabi_srlll</name>
         <value>0x15bee</value>
         <object_component_ref idref="oc-57e"/>
      </symbol>
      <symbol id="sm-e2b">
         <name>memccpy</name>
         <value>0x15fda</value>
         <object_component_ref idref="oc-5bd"/>
      </symbol>
      <symbol id="sm-e35">
         <name>__mspabi_negd</name>
         <value>0x15e92</value>
         <object_component_ref idref="oc-478"/>
      </symbol>
      <symbol id="sm-e49">
         <name>raise</name>
         <value>0x15e02</value>
         <object_component_ref idref="oc-60c"/>
      </symbol>
      <symbol id="sm-e5e">
         <name>signal</name>
         <value>0x15c28</value>
         <object_component_ref idref="oc-63b"/>
      </symbol>
      <symbol id="sm-e6b">
         <name>strlen</name>
         <value>0x160c8</value>
         <object_component_ref idref="oc-4af"/>
      </symbol>
      <symbol id="sm-e7e">
         <name>_Dnorm</name>
         <value>0x139aa</value>
         <object_component_ref idref="oc-584"/>
      </symbol>
      <symbol id="sm-e9d">
         <name>_Dscale</name>
         <value>0x12edc</value>
         <object_component_ref idref="oc-58a"/>
      </symbol>
      <symbol id="sm-ea2">
         <name>__TI_exit</name>
         <value>0x1</value>
      </symbol>
      <symbol id="sm-ea3">
         <name>__TI_args_main</name>
         <value>0x1</value>
      </symbol>
      <symbol id="sm-ea4">
         <name>__TI_INITARRAY_Base</name>
         <value>0x0</value>
      </symbol>
      <symbol id="sm-ea5">
         <name>__TI_INITARRAY_Limit</name>
         <value>0x0</value>
      </symbol>
   </symbol_table>
   <title>Link successful</title>
</link_info>
