<?xml version="1.0"?>
<link_info>
   <banner>MSP430 Linker PC v4.3.3</banner>
   <copyright>Copyright (c) 2003-2014 Texas Instruments Incorporated</copyright>
   <link_time>0x56a791a6</link_time>
   <link_errors>0x0</link_errors>
   <output_file>sdTest.out</output_file>
   <entry_point>
      <name>_c_int00</name>
      <address>0x4492</address>
   </entry_point>
   <input_file_list>
      <input_file id="fl-2">
         <path>.\</path>
         <kind>object</kind>
         <file>SDCard.obj</file>
         <name>SDCard.obj</name>
      </input_file>
      <input_file id="fl-3">
         <path>.\</path>
         <kind>object</kind>
         <file>main.obj</file>
         <name>main.obj</name>
      </input_file>
      <input_file id="fl-4">
         <path>.\grlib\</path>
         <kind>object</kind>
         <file>circle.obj</file>
         <name>circle.obj</name>
      </input_file>
      <input_file id="fl-5">
         <path>.\grlib\</path>
         <kind>object</kind>
         <file>context.obj</file>
         <name>context.obj</name>
      </input_file>
      <input_file id="fl-6">
         <path>.\grlib\</path>
         <kind>object</kind>
         <file>image.obj</file>
         <name>image.obj</name>
      </input_file>
      <input_file id="fl-7">
         <path>.\grlib\</path>
         <kind>object</kind>
         <file>line.obj</file>
         <name>line.obj</name>
      </input_file>
      <input_file id="fl-8">
         <path>.\grlib\</path>
         <kind>object</kind>
         <file>rectangle.obj</file>
         <name>rectangle.obj</name>
      </input_file>
      <input_file id="fl-9">
         <path>.\grlib\</path>
         <kind>object</kind>
         <file>string.obj</file>
         <name>string.obj</name>
      </input_file>
      <input_file id="fl-a">
         <path>.\fonts\</path>
         <kind>object</kind>
         <file>fontfixed6x8.obj</file>
         <name>fontfixed6x8.obj</name>
      </input_file>
      <input_file id="fl-b">
         <path>.\driverlib\MSP430F5xx_6xx\</path>
         <kind>object</kind>
         <file>adc10_a.obj</file>
         <name>adc10_a.obj</name>
      </input_file>
      <input_file id="fl-c">
         <path>.\driverlib\MSP430F5xx_6xx\</path>
         <kind>object</kind>
         <file>adc12_a.obj</file>
         <name>adc12_a.obj</name>
      </input_file>
      <input_file id="fl-d">
         <path>.\driverlib\MSP430F5xx_6xx\</path>
         <kind>object</kind>
         <file>aes.obj</file>
         <name>aes.obj</name>
      </input_file>
      <input_file id="fl-e">
         <path>.\driverlib\MSP430F5xx_6xx\</path>
         <kind>object</kind>
         <file>bak_batt.obj</file>
         <name>bak_batt.obj</name>
      </input_file>
      <input_file id="fl-f">
         <path>.\driverlib\MSP430F5xx_6xx\</path>
         <kind>object</kind>
         <file>comp_b.obj</file>
         <name>comp_b.obj</name>
      </input_file>
      <input_file id="fl-10">
         <path>.\driverlib\MSP430F5xx_6xx\</path>
         <kind>object</kind>
         <file>crc.obj</file>
         <name>crc.obj</name>
      </input_file>
      <input_file id="fl-11">
         <path>.\driverlib\MSP430F5xx_6xx\</path>
         <kind>object</kind>
         <file>dac12_a.obj</file>
         <name>dac12_a.obj</name>
      </input_file>
      <input_file id="fl-12">
         <path>.\driverlib\MSP430F5xx_6xx\</path>
         <kind>object</kind>
         <file>dma.obj</file>
         <name>dma.obj</name>
      </input_file>
      <input_file id="fl-13">
         <path>.\driverlib\MSP430F5xx_6xx\</path>
         <kind>object</kind>
         <file>eusci_a_spi.obj</file>
         <name>eusci_a_spi.obj</name>
      </input_file>
      <input_file id="fl-14">
         <path>.\driverlib\MSP430F5xx_6xx\</path>
         <kind>object</kind>
         <file>eusci_a_uart.obj</file>
         <name>eusci_a_uart.obj</name>
      </input_file>
      <input_file id="fl-15">
         <path>.\driverlib\MSP430F5xx_6xx\</path>
         <kind>object</kind>
         <file>eusci_b_i2c.obj</file>
         <name>eusci_b_i2c.obj</name>
      </input_file>
      <input_file id="fl-16">
         <path>.\driverlib\MSP430F5xx_6xx\</path>
         <kind>object</kind>
         <file>eusci_b_spi.obj</file>
         <name>eusci_b_spi.obj</name>
      </input_file>
      <input_file id="fl-17">
         <path>.\driverlib\MSP430F5xx_6xx\</path>
         <kind>object</kind>
         <file>eusci_i2c.obj</file>
         <name>eusci_i2c.obj</name>
      </input_file>
      <input_file id="fl-18">
         <path>.\driverlib\MSP430F5xx_6xx\</path>
         <kind>object</kind>
         <file>eusci_spi.obj</file>
         <name>eusci_spi.obj</name>
      </input_file>
      <input_file id="fl-19">
         <path>.\driverlib\MSP430F5xx_6xx\</path>
         <kind>object</kind>
         <file>eusci_uart.obj</file>
         <name>eusci_uart.obj</name>
      </input_file>
      <input_file id="fl-1a">
         <path>.\driverlib\MSP430F5xx_6xx\</path>
         <kind>object</kind>
         <file>flash.obj</file>
         <name>flash.obj</name>
      </input_file>
      <input_file id="fl-1b">
         <path>.\driverlib\MSP430F5xx_6xx\</path>
         <kind>object</kind>
         <file>gpio.obj</file>
         <name>gpio.obj</name>
      </input_file>
      <input_file id="fl-1c">
         <path>.\driverlib\MSP430F5xx_6xx\</path>
         <kind>object</kind>
         <file>ldopwr.obj</file>
         <name>ldopwr.obj</name>
      </input_file>
      <input_file id="fl-1d">
         <path>.\driverlib\MSP430F5xx_6xx\</path>
         <kind>object</kind>
         <file>mpy32.obj</file>
         <name>mpy32.obj</name>
      </input_file>
      <input_file id="fl-1e">
         <path>.\driverlib\MSP430F5xx_6xx\</path>
         <kind>object</kind>
         <file>pmap.obj</file>
         <name>pmap.obj</name>
      </input_file>
      <input_file id="fl-1f">
         <path>.\driverlib\MSP430F5xx_6xx\</path>
         <kind>object</kind>
         <file>pmm.obj</file>
         <name>pmm.obj</name>
      </input_file>
      <input_file id="fl-20">
         <path>.\driverlib\MSP430F5xx_6xx\</path>
         <kind>object</kind>
         <file>ram.obj</file>
         <name>ram.obj</name>
      </input_file>
      <input_file id="fl-21">
         <path>.\driverlib\MSP430F5xx_6xx\</path>
         <kind>object</kind>
         <file>ref.obj</file>
         <name>ref.obj</name>
      </input_file>
      <input_file id="fl-22">
         <path>.\driverlib\MSP430F5xx_6xx\</path>
         <kind>object</kind>
         <file>rtc_a.obj</file>
         <name>rtc_a.obj</name>
      </input_file>
      <input_file id="fl-23">
         <path>.\driverlib\MSP430F5xx_6xx\</path>
         <kind>object</kind>
         <file>rtc_b.obj</file>
         <name>rtc_b.obj</name>
      </input_file>
      <input_file id="fl-24">
         <path>.\driverlib\MSP430F5xx_6xx\</path>
         <kind>object</kind>
         <file>rtc_c.obj</file>
         <name>rtc_c.obj</name>
      </input_file>
      <input_file id="fl-25">
         <path>.\driverlib\MSP430F5xx_6xx\</path>
         <kind>object</kind>
         <file>sd24_b.obj</file>
         <name>sd24_b.obj</name>
      </input_file>
      <input_file id="fl-26">
         <path>.\driverlib\MSP430F5xx_6xx\</path>
         <kind>object</kind>
         <file>sfr.obj</file>
         <name>sfr.obj</name>
      </input_file>
      <input_file id="fl-27">
         <path>.\driverlib\MSP430F5xx_6xx\</path>
         <kind>object</kind>
         <file>sys.obj</file>
         <name>sys.obj</name>
      </input_file>
      <input_file id="fl-28">
         <path>.\driverlib\MSP430F5xx_6xx\</path>
         <kind>object</kind>
         <file>tec.obj</file>
         <name>tec.obj</name>
      </input_file>
      <input_file id="fl-29">
         <path>.\driverlib\MSP430F5xx_6xx\</path>
         <kind>object</kind>
         <file>timer_a.obj</file>
         <name>timer_a.obj</name>
      </input_file>
      <input_file id="fl-2a">
         <path>.\driverlib\MSP430F5xx_6xx\</path>
         <kind>object</kind>
         <file>timer_b.obj</file>
         <name>timer_b.obj</name>
      </input_file>
      <input_file id="fl-2b">
         <path>.\driverlib\MSP430F5xx_6xx\</path>
         <kind>object</kind>
         <file>timer_d.obj</file>
         <name>timer_d.obj</name>
      </input_file>
      <input_file id="fl-2c">
         <path>.\driverlib\MSP430F5xx_6xx\</path>
         <kind>object</kind>
         <file>tlv.obj</file>
         <name>tlv.obj</name>
      </input_file>
      <input_file id="fl-2d">
         <path>.\driverlib\MSP430F5xx_6xx\</path>
         <kind>object</kind>
         <file>ucs.obj</file>
         <name>ucs.obj</name>
      </input_file>
      <input_file id="fl-2e">
         <path>.\driverlib\MSP430F5xx_6xx\</path>
         <kind>object</kind>
         <file>usci_a_spi.obj</file>
         <name>usci_a_spi.obj</name>
      </input_file>
      <input_file id="fl-2f">
         <path>.\driverlib\MSP430F5xx_6xx\</path>
         <kind>object</kind>
         <file>usci_a_uart.obj</file>
         <name>usci_a_uart.obj</name>
      </input_file>
      <input_file id="fl-30">
         <path>.\driverlib\MSP430F5xx_6xx\</path>
         <kind>object</kind>
         <file>usci_b_i2c.obj</file>
         <name>usci_b_i2c.obj</name>
      </input_file>
      <input_file id="fl-31">
         <path>.\driverlib\MSP430F5xx_6xx\</path>
         <kind>object</kind>
         <file>usci_b_spi.obj</file>
         <name>usci_b_spi.obj</name>
      </input_file>
      <input_file id="fl-32">
         <path>.\driverlib\MSP430F5xx_6xx\</path>
         <kind>object</kind>
         <file>usci_i2c.obj</file>
         <name>usci_i2c.obj</name>
      </input_file>
      <input_file id="fl-33">
         <path>.\driverlib\MSP430F5xx_6xx\</path>
         <kind>object</kind>
         <file>usci_spi.obj</file>
         <name>usci_spi.obj</name>
      </input_file>
      <input_file id="fl-34">
         <path>.\driverlib\MSP430F5xx_6xx\</path>
         <kind>object</kind>
         <file>usci_uart.obj</file>
         <name>usci_uart.obj</name>
      </input_file>
      <input_file id="fl-35">
         <path>.\driverlib\MSP430F5xx_6xx\</path>
         <kind>object</kind>
         <file>wdt_a.obj</file>
         <name>wdt_a.obj</name>
      </input_file>
      <input_file id="fl-36">
         <path>.\driverlib\MSP430F5xx_6xx\deprecated\</path>
         <kind>object</kind>
         <file>dma.obj</file>
         <name>dma.obj</name>
      </input_file>
      <input_file id="fl-37">
         <path>.\driverlib\MSP430F5xx_6xx\deprecated\</path>
         <kind>object</kind>
         <file>flash.obj</file>
         <name>flash.obj</name>
      </input_file>
      <input_file id="fl-38">
         <path>.\driverlib\MSP430F5xx_6xx\deprecated\</path>
         <kind>object</kind>
         <file>mpy32.obj</file>
         <name>mpy32.obj</name>
      </input_file>
      <input_file id="fl-39">
         <path>.\driverlib\MSP430F5xx_6xx\deprecated\</path>
         <kind>object</kind>
         <file>pmm.obj</file>
         <name>pmm.obj</name>
      </input_file>
      <input_file id="fl-3a">
         <path>.\driverlib\MSP430F5xx_6xx\deprecated\</path>
         <kind>object</kind>
         <file>ram.obj</file>
         <name>ram.obj</name>
      </input_file>
      <input_file id="fl-3b">
         <path>.\driverlib\MSP430F5xx_6xx\deprecated\</path>
         <kind>object</kind>
         <file>sfr.obj</file>
         <name>sfr.obj</name>
      </input_file>
      <input_file id="fl-3c">
         <path>.\driverlib\MSP430F5xx_6xx\deprecated\</path>
         <kind>object</kind>
         <file>sys.obj</file>
         <name>sys.obj</name>
      </input_file>
      <input_file id="fl-3d">
         <path>.\driverlib\MSP430F5xx_6xx\deprecated\</path>
         <kind>object</kind>
         <file>ucs.obj</file>
         <name>ucs.obj</name>
      </input_file>
      <input_file id="fl-3e">
         <path>.\LcdDriver\</path>
         <kind>object</kind>
         <file>Dogs102x64_UC1701.obj</file>
         <name>Dogs102x64_UC1701.obj</name>
      </input_file>
      <input_file id="fl-3f">
         <path>.\HAL\</path>
         <kind>object</kind>
         <file>HAL_Board.obj</file>
         <name>HAL_Board.obj</name>
      </input_file>
      <input_file id="fl-40">
         <path>.\HAL\</path>
         <kind>object</kind>
         <file>HAL_Buttons.obj</file>
         <name>HAL_Buttons.obj</name>
      </input_file>
      <input_file id="fl-41">
         <path>.\HAL\</path>
         <kind>object</kind>
         <file>HAL_Dogs102x6.obj</file>
         <name>HAL_Dogs102x6.obj</name>
      </input_file>
      <input_file id="fl-42">
         <path>.\HAL\</path>
         <kind>object</kind>
         <file>HAL_SDCard.obj</file>
         <name>HAL_SDCard.obj</name>
      </input_file>
      <input_file id="fl-43">
         <path>.\HAL\</path>
         <kind>object</kind>
         <file>HAL_Wheel.obj</file>
         <name>HAL_Wheel.obj</name>
      </input_file>
      <input_file id="fl-44">
         <path>.\FatFs\option\</path>
         <kind>object</kind>
         <file>syscall.obj</file>
         <name>syscall.obj</name>
      </input_file>
      <input_file id="fl-45">
         <path>.\FatFs\</path>
         <kind>object</kind>
         <file>ff.obj</file>
         <name>ff.obj</name>
      </input_file>
      <input_file id="fl-46">
         <path>.\FatFs\</path>
         <kind>object</kind>
         <file>mmc.obj</file>
         <name>mmc.obj</name>
      </input_file>
      <input_file id="fl-47">
         <path>.\ECW\</path>
         <kind>object</kind>
         <file>ECW.obj</file>
         <name>ECW.obj</name>
      </input_file>
      <input_file id="fl-76">
         <path>c:\ti\ccsv6\tools\compiler\msp430_4.3.3\lib\</path>
         <kind>archive</kind>
         <file>rts430x_lc_rd_eabi.lib</file>
         <name>asr16.obj</name>
      </input_file>
      <input_file id="fl-77">
         <path>c:\ti\ccsv6\tools\compiler\msp430_4.3.3\lib\</path>
         <kind>archive</kind>
         <file>rts430x_lc_rd_eabi.lib</file>
         <name>boot.obj</name>
      </input_file>
      <input_file id="fl-78">
         <path>c:\ti\ccsv6\tools\compiler\msp430_4.3.3\lib\</path>
         <kind>archive</kind>
         <file>rts430x_lc_rd_eabi.lib</file>
         <name>copy_decompress_none.obj</name>
      </input_file>
      <input_file id="fl-79">
         <path>c:\ti\ccsv6\tools\compiler\msp430_4.3.3\lib\</path>
         <kind>archive</kind>
         <file>rts430x_lc_rd_eabi.lib</file>
         <name>copy_decompress_rle.obj</name>
      </input_file>
      <input_file id="fl-7a">
         <path>c:\ti\ccsv6\tools\compiler\msp430_4.3.3\lib\</path>
         <kind>archive</kind>
         <file>rts430x_lc_rd_eabi.lib</file>
         <name>copy_zero_init.obj</name>
      </input_file>
      <input_file id="fl-7b">
         <path>c:\ti\ccsv6\tools\compiler\msp430_4.3.3\lib\</path>
         <kind>archive</kind>
         <file>rts430x_lc_rd_eabi.lib</file>
         <name>div16s.obj</name>
      </input_file>
      <input_file id="fl-7c">
         <path>c:\ti\ccsv6\tools\compiler\msp430_4.3.3\lib\</path>
         <kind>archive</kind>
         <file>rts430x_lc_rd_eabi.lib</file>
         <name>div16u.obj</name>
      </input_file>
      <input_file id="fl-7d">
         <path>c:\ti\ccsv6\tools\compiler\msp430_4.3.3\lib\</path>
         <kind>archive</kind>
         <file>rts430x_lc_rd_eabi.lib</file>
         <name>div32s.obj</name>
      </input_file>
      <input_file id="fl-7e">
         <path>c:\ti\ccsv6\tools\compiler\msp430_4.3.3\lib\</path>
         <kind>archive</kind>
         <file>rts430x_lc_rd_eabi.lib</file>
         <name>div32u.obj</name>
      </input_file>
      <input_file id="fl-7f">
         <path>c:\ti\ccsv6\tools\compiler\msp430_4.3.3\lib\</path>
         <kind>archive</kind>
         <file>rts430x_lc_rd_eabi.lib</file>
         <name>exit.obj</name>
      </input_file>
      <input_file id="fl-80">
         <path>c:\ti\ccsv6\tools\compiler\msp430_4.3.3\lib\</path>
         <kind>archive</kind>
         <file>rts430x_lc_rd_eabi.lib</file>
         <name>fixdi.obj</name>
      </input_file>
      <input_file id="fl-81">
         <path>c:\ti\ccsv6\tools\compiler\msp430_4.3.3\lib\</path>
         <kind>archive</kind>
         <file>rts430x_lc_rd_eabi.lib</file>
         <name>fixdli.obj</name>
      </input_file>
      <input_file id="fl-82">
         <path>c:\ti\ccsv6\tools\compiler\msp430_4.3.3\lib\</path>
         <kind>archive</kind>
         <file>rts430x_lc_rd_eabi.lib</file>
         <name>fltid.obj</name>
      </input_file>
      <input_file id="fl-83">
         <path>c:\ti\ccsv6\tools\compiler\msp430_4.3.3\lib\</path>
         <kind>archive</kind>
         <file>rts430x_lc_rd_eabi.lib</file>
         <name>fltlid.obj</name>
      </input_file>
      <input_file id="fl-84">
         <path>c:\ti\ccsv6\tools\compiler\msp430_4.3.3\lib\</path>
         <kind>archive</kind>
         <file>rts430x_lc_rd_eabi.lib</file>
         <name>int41.obj</name>
      </input_file>
      <input_file id="fl-85">
         <path>c:\ti\ccsv6\tools\compiler\msp430_4.3.3\lib\</path>
         <kind>archive</kind>
         <file>rts430x_lc_rd_eabi.lib</file>
         <name>int43.obj</name>
      </input_file>
      <input_file id="fl-86">
         <path>c:\ti\ccsv6\tools\compiler\msp430_4.3.3\lib\</path>
         <kind>archive</kind>
         <file>rts430x_lc_rd_eabi.lib</file>
         <name>int44.obj</name>
      </input_file>
      <input_file id="fl-87">
         <path>c:\ti\ccsv6\tools\compiler\msp430_4.3.3\lib\</path>
         <kind>archive</kind>
         <file>rts430x_lc_rd_eabi.lib</file>
         <name>int45.obj</name>
      </input_file>
      <input_file id="fl-88">
         <path>c:\ti\ccsv6\tools\compiler\msp430_4.3.3\lib\</path>
         <kind>archive</kind>
         <file>rts430x_lc_rd_eabi.lib</file>
         <name>int48.obj</name>
      </input_file>
      <input_file id="fl-89">
         <path>c:\ti\ccsv6\tools\compiler\msp430_4.3.3\lib\</path>
         <kind>archive</kind>
         <file>rts430x_lc_rd_eabi.lib</file>
         <name>int49.obj</name>
      </input_file>
      <input_file id="fl-8a">
         <path>c:\ti\ccsv6\tools\compiler\msp430_4.3.3\lib\</path>
         <kind>archive</kind>
         <file>rts430x_lc_rd_eabi.lib</file>
         <name>int50.obj</name>
      </input_file>
      <input_file id="fl-8b">
         <path>c:\ti\ccsv6\tools\compiler\msp430_4.3.3\lib\</path>
         <kind>archive</kind>
         <file>rts430x_lc_rd_eabi.lib</file>
         <name>int51.obj</name>
      </input_file>
      <input_file id="fl-8c">
         <path>c:\ti\ccsv6\tools\compiler\msp430_4.3.3\lib\</path>
         <kind>archive</kind>
         <file>rts430x_lc_rd_eabi.lib</file>
         <name>int52.obj</name>
      </input_file>
      <input_file id="fl-8d">
         <path>c:\ti\ccsv6\tools\compiler\msp430_4.3.3\lib\</path>
         <kind>archive</kind>
         <file>rts430x_lc_rd_eabi.lib</file>
         <name>int53.obj</name>
      </input_file>
      <input_file id="fl-8e">
         <path>c:\ti\ccsv6\tools\compiler\msp430_4.3.3\lib\</path>
         <kind>archive</kind>
         <file>rts430x_lc_rd_eabi.lib</file>
         <name>int55.obj</name>
      </input_file>
      <input_file id="fl-8f">
         <path>c:\ti\ccsv6\tools\compiler\msp430_4.3.3\lib\</path>
         <kind>archive</kind>
         <file>rts430x_lc_rd_eabi.lib</file>
         <name>int58.obj</name>
      </input_file>
      <input_file id="fl-90">
         <path>c:\ti\ccsv6\tools\compiler\msp430_4.3.3\lib\</path>
         <kind>archive</kind>
         <file>rts430x_lc_rd_eabi.lib</file>
         <name>int59.obj</name>
      </input_file>
      <input_file id="fl-91">
         <path>c:\ti\ccsv6\tools\compiler\msp430_4.3.3\lib\</path>
         <kind>archive</kind>
         <file>rts430x_lc_rd_eabi.lib</file>
         <name>int60.obj</name>
      </input_file>
      <input_file id="fl-92">
         <path>c:\ti\ccsv6\tools\compiler\msp430_4.3.3\lib\</path>
         <kind>archive</kind>
         <file>rts430x_lc_rd_eabi.lib</file>
         <name>int61.obj</name>
      </input_file>
      <input_file id="fl-93">
         <path>c:\ti\ccsv6\tools\compiler\msp430_4.3.3\lib\</path>
         <kind>archive</kind>
         <file>rts430x_lc_rd_eabi.lib</file>
         <name>int62.obj</name>
      </input_file>
      <input_file id="fl-94">
         <path>c:\ti\ccsv6\tools\compiler\msp430_4.3.3\lib\</path>
         <kind>archive</kind>
         <file>rts430x_lc_rd_eabi.lib</file>
         <name>isr_trap.obj</name>
      </input_file>
      <input_file id="fl-95">
         <path>c:\ti\ccsv6\tools\compiler\msp430_4.3.3\lib\</path>
         <kind>archive</kind>
         <file>rts430x_lc_rd_eabi.lib</file>
         <name>lsl16.obj</name>
      </input_file>
      <input_file id="fl-96">
         <path>c:\ti\ccsv6\tools\compiler\msp430_4.3.3\lib\</path>
         <kind>archive</kind>
         <file>rts430x_lc_rd_eabi.lib</file>
         <name>lsl32.obj</name>
      </input_file>
      <input_file id="fl-97">
         <path>c:\ti\ccsv6\tools\compiler\msp430_4.3.3\lib\</path>
         <kind>archive</kind>
         <file>rts430x_lc_rd_eabi.lib</file>
         <name>lsr16.obj</name>
      </input_file>
      <input_file id="fl-98">
         <path>c:\ti\ccsv6\tools\compiler\msp430_4.3.3\lib\</path>
         <kind>archive</kind>
         <file>rts430x_lc_rd_eabi.lib</file>
         <name>lsr32.obj</name>
      </input_file>
      <input_file id="fl-99">
         <path>c:\ti\ccsv6\tools\compiler\msp430_4.3.3\lib\</path>
         <kind>archive</kind>
         <file>rts430x_lc_rd_eabi.lib</file>
         <name>memcpy.obj</name>
      </input_file>
      <input_file id="fl-9a">
         <path>c:\ti\ccsv6\tools\compiler\msp430_4.3.3\lib\</path>
         <kind>archive</kind>
         <file>rts430x_lc_rd_eabi.lib</file>
         <name>memory.obj</name>
      </input_file>
      <input_file id="fl-9b">
         <path>c:\ti\ccsv6\tools\compiler\msp430_4.3.3\lib\</path>
         <kind>archive</kind>
         <file>rts430x_lc_rd_eabi.lib</file>
         <name>memset.obj</name>
      </input_file>
      <input_file id="fl-9c">
         <path>c:\ti\ccsv6\tools\compiler\msp430_4.3.3\lib\</path>
         <kind>archive</kind>
         <file>rts430x_lc_rd_eabi.lib</file>
         <name>mpu_init.obj</name>
      </input_file>
      <input_file id="fl-9d">
         <path>c:\ti\ccsv6\tools\compiler\msp430_4.3.3\lib\</path>
         <kind>archive</kind>
         <file>rts430x_lc_rd_eabi.lib</file>
         <name>mpyd.obj</name>
      </input_file>
      <input_file id="fl-9e">
         <path>c:\ti\ccsv6\tools\compiler\msp430_4.3.3\lib\</path>
         <kind>archive</kind>
         <file>rts430x_lc_rd_eabi.lib</file>
         <name>mult16_f5hw.obj</name>
      </input_file>
      <input_file id="fl-9f">
         <path>c:\ti\ccsv6\tools\compiler\msp430_4.3.3\lib\</path>
         <kind>archive</kind>
         <file>rts430x_lc_rd_eabi.lib</file>
         <name>mult32_f5hw.obj</name>
      </input_file>
      <input_file id="fl-a0">
         <path>c:\ti\ccsv6\tools\compiler\msp430_4.3.3\lib\</path>
         <kind>archive</kind>
         <file>rts430x_lc_rd_eabi.lib</file>
         <name>pre_init.obj</name>
      </input_file>
      <input_file id="fl-a1">
         <path>c:\ti\ccsv6\tools\compiler\msp430_4.3.3\lib\</path>
         <kind>archive</kind>
         <file>rts430x_lc_rd_eabi.lib</file>
         <name>snprintf.obj</name>
      </input_file>
      <input_file id="fl-a2">
         <path>c:\ti\ccsv6\tools\compiler\msp430_4.3.3\lib\</path>
         <kind>archive</kind>
         <file>rts430x_lc_rd_eabi.lib</file>
         <name>sprintf.obj</name>
      </input_file>
      <input_file id="fl-a3">
         <path>c:\ti\ccsv6\tools\compiler\msp430_4.3.3\lib\</path>
         <kind>archive</kind>
         <file>rts430x_lc_rd_eabi.lib</file>
         <name>strcat.obj</name>
      </input_file>
      <input_file id="fl-a4">
         <path>c:\ti\ccsv6\tools\compiler\msp430_4.3.3\lib\</path>
         <kind>archive</kind>
         <file>rts430x_lc_rd_eabi.lib</file>
         <name>strlen.obj</name>
      </input_file>
      <input_file id="fl-a5">
         <path>c:\ti\ccsv6\tools\compiler\msp430_4.3.3\lib\</path>
         <kind>archive</kind>
         <file>rts430x_lc_rd_eabi.lib</file>
         <name>strncat.obj</name>
      </input_file>
      <input_file id="fl-a6">
         <path>c:\ti\ccsv6\tools\compiler\msp430_4.3.3\lib\</path>
         <kind>archive</kind>
         <file>rts430x_lc_rd_eabi.lib</file>
         <name>strncpy.obj</name>
      </input_file>
      <input_file id="fl-a7">
         <path>c:\ti\ccsv6\tools\compiler\msp430_4.3.3\lib\</path>
         <kind>archive</kind>
         <file>rts430x_lc_rd_eabi.lib</file>
         <name>_lock.obj</name>
      </input_file>
      <input_file id="fl-a8">
         <path>c:\ti\ccsv6\tools\compiler\msp430_4.3.3\lib\</path>
         <kind>archive</kind>
         <file>rts430x_lc_rd_eabi.lib</file>
         <name>_printfi_min.obj</name>
      </input_file>
      <input_file id="fl-a9">
         <path>c:\ti\ccsv6\tools\compiler\msp430_4.3.3\lib\</path>
         <kind>archive</kind>
         <file>rts430x_lc_rd_eabi.lib</file>
         <name>args_main.obj</name>
      </input_file>
      <input_file id="fl-aa">
         <path>c:\ti\ccsv6\tools\compiler\msp430_4.3.3\lib\</path>
         <kind>archive</kind>
         <file>rts430x_lc_rd_eabi.lib</file>
         <name>autoinit.obj</name>
      </input_file>
      <input_file id="fl-ab">
         <path>c:\ti\ccsv6\tools\compiler\msp430_4.3.3\lib\</path>
         <kind>archive</kind>
         <file>rts430x_lc_rd_eabi.lib</file>
         <name>frcmpyd.obj</name>
      </input_file>
      <input_file id="fl-ac">
         <path>c:\ti\ccsv6\tools\compiler\msp430_4.3.3\lib\</path>
         <kind>archive</kind>
         <file>rts430x_lc_rd_eabi.lib</file>
         <name>memccpy.obj</name>
      </input_file>
      <input_file id="fl-ad">
         <path>c:\ti\ccsv6\tools\compiler\msp430_4.3.3\lib\</path>
         <kind>archive</kind>
         <file>rts430x_lc_rd_eabi.lib</file>
         <name>asr32.obj</name>
      </input_file>
   </input_file_list>
   <object_component_list>
      <object_component id="oc-9b">
         <name>.sysmem</name>
         <uninitialized>true</uninitialized>
         <run_address>0x2d1c</run_address>
         <size>0x6</size>
         <input_file_ref idref="fl-9a"/>
      </object_component>
      <object_component id="oc-64e">
         <name>.sysmem</name>
         <uninitialized>true</uninitialized>
         <run_address>0x2d1c</run_address>
         <size>0x0</size>
      </object_component>
      <object_component id="oc-97">
         <name>.stack</name>
         <uninitialized>true</uninitialized>
         <run_address>0x4360</run_address>
         <size>0x4</size>
         <input_file_ref idref="fl-77"/>
      </object_component>
      <object_component id="oc-64d">
         <name>.stack</name>
         <uninitialized>true</uninitialized>
         <run_address>0x4360</run_address>
         <size>0x0</size>
      </object_component>
      <object_component id="oc-268">
         <name>.text:GrStringDraw</name>
         <load_address>0x10000</load_address>
         <run_address>0x10000</run_address>
         <size>0x7f0</size>
         <input_file_ref idref="fl-9"/>
      </object_component>
      <object_component id="oc-1f0">
         <name>.text:chk_mounted</name>
         <load_address>0x107f0</load_address>
         <run_address>0x107f0</run_address>
         <size>0x4ae</size>
         <input_file_ref idref="fl-45"/>
      </object_component>
      <object_component id="oc-1e4">
         <name>.text:f_write</name>
         <load_address>0x10c9e</load_address>
         <run_address>0x10c9e</run_address>
         <size>0x29e</size>
         <input_file_ref idref="fl-45"/>
      </object_component>
      <object_component id="oc-1da">
         <name>.text:f_lseek</name>
         <load_address>0x10f3c</load_address>
         <run_address>0x10f3c</run_address>
         <size>0x250</size>
         <input_file_ref idref="fl-45"/>
      </object_component>
      <object_component id="oc-2c2">
         <name>.text:Dogs102x64_UC1701RectFill</name>
         <load_address>0x1118c</load_address>
         <run_address>0x1118c</run_address>
         <size>0x238</size>
         <input_file_ref idref="fl-3e"/>
      </object_component>
      <object_component id="oc-139">
         <name>.text:f_open</name>
         <load_address>0x113c4</load_address>
         <run_address>0x113c4</run_address>
         <size>0x21e</size>
         <input_file_ref idref="fl-45"/>
      </object_component>
      <object_component id="oc-253">
         <name>.text:f_read</name>
         <load_address>0x115e2</load_address>
         <run_address>0x115e2</run_address>
         <size>0x1f2</size>
         <input_file_ref idref="fl-45"/>
      </object_component>
      <object_component id="oc-33d">
         <name>.text:create_name</name>
         <load_address>0x117d4</load_address>
         <run_address>0x117d4</run_address>
         <size>0x196</size>
         <input_file_ref idref="fl-45"/>
      </object_component>
      <object_component id="oc-35e">
         <name>.text:put_fat</name>
         <load_address>0x1196a</load_address>
         <run_address>0x1196a</run_address>
         <size>0x186</size>
         <input_file_ref idref="fl-45"/>
      </object_component>
      <object_component id="oc-350">
         <name>.text:dir_next</name>
         <load_address>0x11af0</load_address>
         <run_address>0x11af0</run_address>
         <size>0x17e</size>
         <input_file_ref idref="fl-45"/>
      </object_component>
      <object_component id="oc-2bc">
         <name>.text:Dogs102x64_UC1701LineDrawV</name>
         <load_address>0x11c6e</load_address>
         <run_address>0x11c6e</run_address>
         <size>0x158</size>
         <input_file_ref idref="fl-3e"/>
      </object_component>
      <object_component id="oc-323">
         <name>.text:disk_initialize</name>
         <load_address>0x11dc6</load_address>
         <run_address>0x11dc6</run_address>
         <size>0x144</size>
         <input_file_ref idref="fl-46"/>
      </object_component>
      <object_component id="oc-2fd">
         <name>.text:get_fat</name>
         <load_address>0x11f0a</load_address>
         <run_address>0x11f0a</run_address>
         <size>0x13e</size>
         <input_file_ref idref="fl-45"/>
      </object_component>
      <object_component id="oc-4ff">
         <name>.text:_setfield</name>
         <load_address>0x12048</load_address>
         <run_address>0x12048</run_address>
         <size>0x132</size>
         <input_file_ref idref="fl-a8"/>
      </object_component>
      <object_component id="oc-2f7">
         <name>.text:create_chain</name>
         <load_address>0x1217a</load_address>
         <run_address>0x1217a</run_address>
         <size>0x120</size>
         <input_file_ref idref="fl-45"/>
      </object_component>
      <object_component id="oc-59e">
         <name>.text:privateUCSSourceClockFromDCO</name>
         <load_address>0x1229a</load_address>
         <run_address>0x1229a</run_address>
         <size>0x108</size>
         <input_file_ref idref="fl-2d"/>
      </object_component>
      <object_component id="oc-349">
         <name>.text:dir_sdi</name>
         <load_address>0x123a2</load_address>
         <run_address>0x123a2</run_address>
         <size>0x100</size>
         <input_file_ref idref="fl-45"/>
      </object_component>
      <object_component id="oc-4d7">
         <name>.text:disk_ioctl</name>
         <load_address>0x124a2</load_address>
         <run_address>0x124a2</run_address>
         <size>0xf4</size>
         <input_file_ref idref="fl-46"/>
      </object_component>
      <object_component id="oc-539">
         <name>.text:privateTimerBProcessClockSourceDivider</name>
         <load_address>0x12596</load_address>
         <run_address>0x12596</run_address>
         <size>0xee</size>
         <input_file_ref idref="fl-2a"/>
      </object_component>
      <object_component id="oc-367">
         <name>.text:sync</name>
         <load_address>0x12684</load_address>
         <run_address>0x12684</run_address>
         <size>0xec</size>
         <input_file_ref idref="fl-45"/>
      </object_component>
      <object_component id="oc-3d9">
         <name>.text:GrLineDrawH</name>
         <load_address>0x12770</load_address>
         <run_address>0x12770</run_address>
         <size>0xe0</size>
         <input_file_ref idref="fl-7"/>
      </object_component>
      <object_component id="oc-529">
         <name>.text:privateUCSComputeCLKFrequency</name>
         <load_address>0x12850</load_address>
         <run_address>0x12850</run_address>
         <size>0xde</size>
         <input_file_ref idref="fl-2d"/>
      </object_component>
      <object_component id="oc-c1">
         <name>.text:main</name>
         <load_address>0x1292e</load_address>
         <run_address>0x1292e</run_address>
         <size>0xd6</size>
         <input_file_ref idref="fl-3"/>
      </object_component>
      <object_component id="oc-3bc">
         <name>.text:__TI_printfi_minimal</name>
         <load_address>0x12a04</load_address>
         <run_address>0x12a04</run_address>
         <size>0xd2</size>
         <input_file_ref idref="fl-a8"/>
      </object_component>
      <object_component id="oc-51f">
         <name>.text:privateGPIOGetBaseAddress</name>
         <load_address>0x12ad6</load_address>
         <run_address>0x12ad6</run_address>
         <size>0xca</size>
         <input_file_ref idref="fl-1b"/>
      </object_component>
      <object_component id="oc-27f">
         <name>.text:InitGPIOLCDInterface</name>
         <load_address>0x12ba0</load_address>
         <run_address>0x12ba0</run_address>
         <size>0xc6</size>
         <input_file_ref idref="fl-3e"/>
      </object_component>
      <object_component id="oc-2b0">
         <name>.text:Dogs102x64_UC1701PixelDrawMultiple</name>
         <load_address>0x12c66</load_address>
         <run_address>0x12c66</run_address>
         <size>0xbe</size>
         <input_file_ref idref="fl-3e"/>
      </object_component>
      <object_component id="oc-20e">
         <name>.text:move_window</name>
         <load_address>0x12d24</load_address>
         <run_address>0x12d24</run_address>
         <size>0xbe</size>
         <input_file_ref idref="fl-45"/>
      </object_component>
      <object_component id="oc-30f">
         <name>.text:disk_write</name>
         <load_address>0x12de2</load_address>
         <run_address>0x12de2</run_address>
         <size>0xbc</size>
         <input_file_ref idref="fl-46"/>
      </object_component>
      <object_component id="oc-150">
         <name>.text:malloc</name>
         <load_address>0x12e9e</load_address>
         <run_address>0x12e9e</run_address>
         <size>0xba</size>
         <input_file_ref idref="fl-9a"/>
      </object_component>
      <object_component id="oc-1f6">
         <name>.text:follow_path</name>
         <load_address>0x12f58</load_address>
         <run_address>0x12f58</run_address>
         <size>0xb4</size>
         <input_file_ref idref="fl-45"/>
      </object_component>
      <object_component id="oc-488">
         <name>.text:send_cmd</name>
         <load_address>0x1300c</load_address>
         <run_address>0x1300c</run_address>
         <size>0xb2</size>
         <input_file_ref idref="fl-46"/>
      </object_component>
      <object_component id="oc-388">
         <name>.text:Dogs102x6_writeData</name>
         <load_address>0x130be</load_address>
         <run_address>0x130be</run_address>
         <size>0xaa</size>
         <input_file_ref idref="fl-41"/>
      </object_component>
      <object_component id="oc-294">
         <name>.text:Dogs102x64_setBacklight</name>
         <load_address>0x13168</load_address>
         <run_address>0x13168</run_address>
         <size>0xa8</size>
         <input_file_ref idref="fl-3e"/>
      </object_component>
      <object_component id="oc-2a0">
         <name>.text:Dogs102x64_fillScreen</name>
         <load_address>0x13210</load_address>
         <run_address>0x13210</run_address>
         <size>0xa6</size>
         <input_file_ref idref="fl-3e"/>
      </object_component>
      <object_component id="oc-21a">
         <name>.text:f_sync</name>
         <load_address>0x132b6</load_address>
         <run_address>0x132b6</run_address>
         <size>0xa4</size>
         <input_file_ref idref="fl-45"/>
      </object_component>
      <object_component id="oc-15d">
         <name>.text:print_int</name>
         <load_address>0x1335a</load_address>
         <run_address>0x1335a</run_address>
         <size>0xa4</size>
         <input_file_ref idref="fl-47"/>
      </object_component>
      <object_component id="oc-208">
         <name>.text:remove_chain</name>
         <load_address>0x133fe</load_address>
         <run_address>0x133fe</run_address>
         <size>0x9c</size>
         <input_file_ref idref="fl-45"/>
      </object_component>
      <object_component id="oc-3e3">
         <name>.text:GPIO_setAsOutputPin</name>
         <load_address>0x1349a</load_address>
         <run_address>0x1349a</run_address>
         <size>0x9a</size>
         <input_file_ref idref="fl-1b"/>
      </object_component>
      <object_component id="oc-3f5">
         <name>.text:GPIO_setAsPeripheralModuleFunctionOutputPin</name>
         <load_address>0x13534</load_address>
         <run_address>0x13534</run_address>
         <size>0x9a</size>
         <input_file_ref idref="fl-1b"/>
      </object_component>
      <object_component id="oc-397">
         <name>.text:Dogs102x6_charDraw</name>
         <load_address>0x135ce</load_address>
         <run_address>0x135ce</run_address>
         <size>0x96</size>
         <input_file_ref idref="fl-41"/>
      </object_component>
      <object_component id="oc-334">
         <name>.text:disk_read</name>
         <load_address>0x13664</load_address>
         <run_address>0x13664</run_address>
         <size>0x94</size>
         <input_file_ref idref="fl-46"/>
      </object_component>
      <object_component id="oc-329">
         <name>.text:check_fs</name>
         <load_address>0x136f8</load_address>
         <run_address>0x136f8</run_address>
         <size>0x90</size>
         <input_file_ref idref="fl-45"/>
      </object_component>
      <object_component id="oc-1ae">
         <name>.text:Dogs102x64_UC1701Init</name>
         <load_address>0x13788</load_address>
         <run_address>0x13788</run_address>
         <size>0x8a</size>
         <input_file_ref idref="fl-3e"/>
      </object_component>
      <object_component id="oc-2b6">
         <name>.text:Dogs102x64_UC1701LineDrawH</name>
         <load_address>0x13812</load_address>
         <run_address>0x13812</run_address>
         <size>0x8a</size>
         <input_file_ref idref="fl-3e"/>
      </object_component>
      <object_component id="oc-163">
         <name>.text:print_string</name>
         <load_address>0x1389c</load_address>
         <run_address>0x1389c</run_address>
         <size>0x86</size>
         <input_file_ref idref="fl-47"/>
      </object_component>
      <object_component id="oc-1fc">
         <name>.text:dir_register</name>
         <load_address>0x13922</load_address>
         <run_address>0x13922</run_address>
         <size>0x84</size>
         <input_file_ref idref="fl-45"/>
      </object_component>
      <object_component id="oc-237">
         <name>.text:Dogs102x6_stringDraw</name>
         <load_address>0x139a6</load_address>
         <run_address>0x139a6</run_address>
         <size>0x80</size>
         <input_file_ref idref="fl-41"/>
      </object_component>
      <object_component id="oc-221">
         <name>.text:Dogs102x6_init</name>
         <load_address>0x13a26</load_address>
         <run_address>0x13a26</run_address>
         <size>0x78</size>
         <input_file_ref idref="fl-41"/>
      </object_component>
      <object_component id="oc-3ef">
         <name>.text:GPIO_setOutputHighOnPin</name>
         <load_address>0x13a9e</load_address>
         <run_address>0x13a9e</run_address>
         <size>0x76</size>
         <input_file_ref idref="fl-1b"/>
      </object_component>
      <object_component id="oc-3e9">
         <name>.text:GPIO_setOutputLowOnPin</name>
         <load_address>0x13b14</load_address>
         <run_address>0x13b14</run_address>
         <size>0x76</size>
         <input_file_ref idref="fl-1b"/>
      </object_component>
      <object_component id="oc-122">
         <name>.text:lcd_init</name>
         <load_address>0x13b8a</load_address>
         <run_address>0x13b8a</run_address>
         <size>0x72</size>
         <input_file_ref idref="fl-47"/>
      </object_component>
      <object_component id="oc-285">
         <name>.text:WriteCommand</name>
         <load_address>0x13bfc</load_address>
         <run_address>0x13bfc</run_address>
         <size>0x6e</size>
         <input_file_ref idref="fl-3e"/>
      </object_component>
      <object_component id="oc-456">
         <name>.text:WriteData</name>
         <load_address>0x13c6a</load_address>
         <run_address>0x13c6a</run_address>
         <size>0x6e</size>
         <input_file_ref idref="fl-3e"/>
      </object_component>
      <object_component id="oc-bb">
         <name>.text:_auto_init_hold_wdt</name>
         <load_address>0x13cd8</load_address>
         <run_address>0x13cd8</run_address>
         <size>0x6e</size>
         <input_file_ref idref="fl-aa"/>
      </object_component>
      <object_component id="oc-132">
         <name>.text:appendedWrite</name>
         <load_address>0x13d46</load_address>
         <run_address>0x13d46</run_address>
         <size>0x6e</size>
         <input_file_ref idref="fl-3"/>
      </object_component>
      <object_component id="oc-2aa">
         <name>.text:Dogs102x64_UC1701PixelDraw</name>
         <load_address>0x13db4</load_address>
         <run_address>0x13db4</run_address>
         <size>0x6c</size>
         <input_file_ref idref="fl-3e"/>
      </object_component>
      <object_component id="oc-382">
         <name>.text:Dogs102x6_setAddress</name>
         <load_address>0x13e20</load_address>
         <run_address>0x13e20</run_address>
         <size>0x66</size>
         <input_file_ref idref="fl-41"/>
      </object_component>
      <object_component id="oc-f4">
         <name>.text:__TI_decompress_rle_core</name>
         <load_address>0x13e86</load_address>
         <run_address>0x13e86</run_address>
         <size>0x62</size>
         <input_file_ref idref="fl-79"/>
      </object_component>
      <object_component id="oc-261">
         <name>.text:snprintf</name>
         <load_address>0x13ee8</load_address>
         <run_address>0x13ee8</run_address>
         <size>0x62</size>
         <input_file_ref idref="fl-a1"/>
      </object_component>
      <object_component id="oc-28b">
         <name>.text:Dogs102x64_backlightInit</name>
         <load_address>0x13f4a</load_address>
         <run_address>0x13f4a</run_address>
         <size>0x60</size>
         <input_file_ref idref="fl-3e"/>
      </object_component>
      <object_component id="oc-401">
         <name>.text:USCI_B_SPI_masterInit</name>
         <load_address>0x13faa</load_address>
         <run_address>0x13faa</run_address>
         <size>0x5e</size>
         <input_file_ref idref="fl-31"/>
      </object_component>
      <object_component id="oc-439">
         <name>.text:TIMER_B_startUpMode</name>
         <load_address>0x14008</load_address>
         <run_address>0x14008</run_address>
         <size>0x5a</size>
         <input_file_ref idref="fl-2a"/>
      </object_component>
      <object_component id="oc-5c6">
         <name>.text:_ltostr</name>
         <load_address>0x14062</load_address>
         <run_address>0x14062</run_address>
         <size>0x5a</size>
         <input_file_ref idref="fl-a8"/>
      </object_component>
      <object_component id="oc-343">
         <name>.text:dir_find</name>
         <load_address>0x140bc</load_address>
         <run_address>0x140bc</run_address>
         <size>0x5a</size>
         <input_file_ref idref="fl-45"/>
      </object_component>
      <object_component id="oc-156">
         <name>.text:read</name>
         <load_address>0x14116</load_address>
         <run_address>0x14116</run_address>
         <size>0x58</size>
         <input_file_ref idref="fl-3"/>
      </object_component>
      <object_component id="oc-2f2">
         <name>.text</name>
         <load_address>0x1416e</load_address>
         <run_address>0x1416e</run_address>
         <size>0x58</size>
         <input_file_ref idref="fl-7e"/>
      </object_component>
      <object_component id="oc-48e">
         <name>.text:xmit_datablock</name>
         <load_address>0x141c6</load_address>
         <run_address>0x141c6</run_address>
         <size>0x58</size>
         <input_file_ref idref="fl-46"/>
      </object_component>
      <object_component id="oc-2d4">
         <name>.text:Dogs102x64_UC1701ClearDisplay</name>
         <load_address>0x1421e</load_address>
         <run_address>0x1421e</run_address>
         <size>0x52</size>
         <input_file_ref idref="fl-3e"/>
      </object_component>
      <object_component id="oc-4bd">
         <name>.text:rcvr_datablock</name>
         <load_address>0x14270</load_address>
         <run_address>0x14270</run_address>
         <size>0x52</size>
         <input_file_ref idref="fl-46"/>
      </object_component>
      <object_component id="oc-14a">
         <name>.text:die</name>
         <load_address>0x142c2</load_address>
         <run_address>0x142c2</run_address>
         <size>0x4e</size>
         <input_file_ref idref="fl-2"/>
      </object_component>
      <object_component id="oc-583">
         <name>.text:_pproc_diouxp</name>
         <load_address>0x14310</load_address>
         <run_address>0x14310</run_address>
         <size>0x4c</size>
         <input_file_ref idref="fl-a8"/>
      </object_component>
      <object_component id="oc-3d3">
         <name>.text:NumLeadingZeros</name>
         <load_address>0x1435c</load_address>
         <run_address>0x1435c</run_address>
         <size>0x4a</size>
         <input_file_ref idref="fl-9"/>
      </object_component>
      <object_component id="oc-4a0">
         <name>.text:SDCard_init</name>
         <load_address>0x143a6</load_address>
         <run_address>0x143a6</run_address>
         <size>0x4a</size>
         <input_file_ref idref="fl-42"/>
      </object_component>
      <object_component id="oc-505">
         <name>.text:_pproc_str</name>
         <load_address>0x143f0</load_address>
         <run_address>0x143f0</run_address>
         <size>0x48</size>
         <input_file_ref idref="fl-a8"/>
      </object_component>
      <object_component id="oc-371">
         <name>.text:Dogs102x6_writeCommand</name>
         <load_address>0x14438</load_address>
         <run_address>0x14438</run_address>
         <size>0x42</size>
         <input_file_ref idref="fl-41"/>
      </object_component>
      <object_component id="oc-244">
         <name>.text:minit</name>
         <load_address>0x1447a</load_address>
         <run_address>0x1447a</run_address>
         <size>0x42</size>
         <input_file_ref idref="fl-9a"/>
      </object_component>
      <object_component id="oc-227">
         <name>.text:Dogs102x6_clearScreen</name>
         <load_address>0x144bc</load_address>
         <run_address>0x144bc</run_address>
         <size>0x40</size>
         <input_file_ref idref="fl-41"/>
      </object_component>
      <object_component id="oc-5a4">
         <name>.text</name>
         <load_address>0x144fc</load_address>
         <run_address>0x144fc</run_address>
         <size>0x40</size>
         <input_file_ref idref="fl-7d"/>
      </object_component>
      <object_component id="oc-5c0">
         <name>.text:_getarg_diouxp</name>
         <load_address>0x1453c</load_address>
         <run_address>0x1453c</run_address>
         <size>0x3e</size>
         <input_file_ref idref="fl-a8"/>
      </object_component>
      <object_component id="oc-303">
         <name>.text:clust2sect</name>
         <load_address>0x1457a</load_address>
         <run_address>0x1457a</run_address>
         <size>0x3e</size>
         <input_file_ref idref="fl-45"/>
      </object_component>
      <object_component id="oc-214">
         <name>.text:l_lsl_const</name>
         <load_address>0x145b8</load_address>
         <run_address>0x145b8</run_address>
         <size>0x3e</size>
         <input_file_ref idref="fl-96"/>
      </object_component>
      <object_component id="oc-309">
         <name>.text:l_lsr_const</name>
         <load_address>0x145f6</load_address>
         <run_address>0x145f6</run_address>
         <size>0x3e</size>
         <input_file_ref idref="fl-98"/>
      </object_component>
      <object_component id="oc-230">
         <name>.text:Dogs102x6_imageDraw</name>
         <load_address>0x14634</load_address>
         <run_address>0x14634</run_address>
         <size>0x3c</size>
         <input_file_ref idref="fl-41"/>
      </object_component>
      <object_component id="oc-1b8">
         <name>.text:GrContextInit</name>
         <load_address>0x14670</load_address>
         <run_address>0x14670</run_address>
         <size>0x3c</size>
         <input_file_ref idref="fl-5"/>
      </object_component>
      <object_component id="oc-433">
         <name>.text:TIMER_B_initCompare</name>
         <load_address>0x146ac</load_address>
         <run_address>0x146ac</run_address>
         <size>0x3c</size>
         <input_file_ref idref="fl-2a"/>
      </object_component>
      <object_component id="oc-567">
         <name>.text:SDCard_readFrame</name>
         <load_address>0x146e8</load_address>
         <run_address>0x146e8</run_address>
         <size>0x38</size>
         <input_file_ref idref="fl-42"/>
      </object_component>
      <object_component id="oc-2c8">
         <name>.text:Dogs102x64_UC1701ColorTranslate</name>
         <load_address>0x14720</load_address>
         <run_address>0x14720</run_address>
         <size>0x36</size>
         <input_file_ref idref="fl-3e"/>
      </object_component>
      <object_component id="oc-3b0">
         <name>.text:_outs</name>
         <load_address>0x14756</load_address>
         <run_address>0x14756</run_address>
         <size>0x36</size>
         <input_file_ref idref="fl-a1"/>
      </object_component>
      <object_component id="oc-55b">
         <name>.text:wait_ready</name>
         <load_address>0x1478c</load_address>
         <run_address>0x1478c</run_address>
         <size>0x36</size>
         <input_file_ref idref="fl-46"/>
      </object_component>
      <object_component id="oc-12b">
         <name>.text:f_mount</name>
         <load_address>0x147c2</load_address>
         <run_address>0x147c2</run_address>
         <size>0x32</size>
         <input_file_ref idref="fl-45"/>
      </object_component>
      <object_component id="oc-5b3">
         <name>.text:SDCard_sendFrame</name>
         <load_address>0x147f4</load_address>
         <run_address>0x147f4</run_address>
         <size>0x2e</size>
         <input_file_ref idref="fl-42"/>
      </object_component>
      <object_component id="oc-45f">
         <name>.text</name>
         <load_address>0x14822</load_address>
         <run_address>0x14822</run_address>
         <size>0x2c</size>
         <input_file_ref idref="fl-7b"/>
      </object_component>
      <object_component id="oc-2ec">
         <name>.text:validate</name>
         <load_address>0x1484e</load_address>
         <run_address>0x1484e</run_address>
         <size>0x2c</size>
         <input_file_ref idref="fl-45"/>
      </object_component>
      <object_component id="oc-29a">
         <name>.text:Dogs102x64_setContrast</name>
         <load_address>0x1487a</load_address>
         <run_address>0x1487a</run_address>
         <size>0x24</size>
         <input_file_ref idref="fl-3e"/>
      </object_component>
      <object_component id="oc-8b">
         <name>.text:decompress:ZI:__TI_zero_init</name>
         <load_address>0x1489e</load_address>
         <run_address>0x1489e</run_address>
         <size>0x24</size>
         <input_file_ref idref="fl-7a"/>
      </object_component>
      <object_component id="oc-32f">
         <name>.text</name>
         <load_address>0x148c2</load_address>
         <run_address>0x148c2</run_address>
         <size>0x22</size>
         <input_file_ref idref="fl-9f"/>
      </object_component>
      <object_component id="oc-3b6">
         <name>.text:_outc</name>
         <load_address>0x148e4</load_address>
         <run_address>0x148e4</run_address>
         <size>0x20</size>
         <input_file_ref idref="fl-a1"/>
      </object_component>
      <object_component id="oc-31d">
         <name>.text:disk_status</name>
         <load_address>0x14904</load_address>
         <run_address>0x14904</run_address>
         <size>0x20</size>
         <input_file_ref idref="fl-46"/>
      </object_component>
      <object_component id="oc-589">
         <name>.text:memccpy</name>
         <load_address>0x14924</load_address>
         <run_address>0x14924</run_address>
         <size>0x20</size>
         <input_file_ref idref="fl-ac"/>
      </object_component>
      <object_component id="oc-3fb">
         <name>.text:UCS_getSMCLK</name>
         <load_address>0x14944</load_address>
         <run_address>0x14944</run_address>
         <size>0x1a</size>
         <input_file_ref idref="fl-2d"/>
      </object_component>
      <object_component id="oc-5d8">
         <name>.text:_div</name>
         <load_address>0x1495e</load_address>
         <run_address>0x1495e</run_address>
         <size>0x1a</size>
         <input_file_ref idref="fl-a8"/>
      </object_component>
      <object_component id="oc-54e">
         <name>.text:select</name>
         <load_address>0x14978</load_address>
         <run_address>0x14978</run_address>
         <size>0x18</size>
         <input_file_ref idref="fl-46"/>
      </object_component>
      <object_component id="oc-4c5">
         <name>.text:chk_chr</name>
         <load_address>0x14990</load_address>
         <run_address>0x14990</run_address>
         <size>0x16</size>
         <input_file_ref idref="fl-45"/>
      </object_component>
      <object_component id="oc-142">
         <name>.text:f_close</name>
         <load_address>0x149a6</load_address>
         <run_address>0x149a6</run_address>
         <size>0x16</size>
         <input_file_ref idref="fl-45"/>
      </object_component>
      <object_component id="oc-37c">
         <name>.text:memset</name>
         <load_address>0x149bc</load_address>
         <run_address>0x149bc</run_address>
         <size>0x16</size>
         <input_file_ref idref="fl-9b"/>
      </object_component>
      <object_component id="oc-544">
         <name>.text</name>
         <load_address>0x149d2</load_address>
         <run_address>0x149d2</run_address>
         <size>0x16</size>
         <input_file_ref idref="fl-7c"/>
      </object_component>
      <object_component id="oc-391">
         <name>.text</name>
         <load_address>0x149e8</load_address>
         <run_address>0x149e8</run_address>
         <size>0x16</size>
         <input_file_ref idref="fl-9e"/>
      </object_component>
      <object_component id="oc-4cc">
         <name>.text:mem_cmp</name>
         <load_address>0x149fe</load_address>
         <run_address>0x149fe</run_address>
         <size>0x14</size>
         <input_file_ref idref="fl-45"/>
      </object_component>
      <object_component id="oc-e0">
         <name>.text:memcpy</name>
         <load_address>0x14a12</load_address>
         <run_address>0x14a12</run_address>
         <size>0x14</size>
         <input_file_ref idref="fl-99"/>
      </object_component>
      <object_component id="oc-4b3">
         <name>.text:SDCard_fastMode</name>
         <load_address>0x14a26</load_address>
         <run_address>0x14a26</run_address>
         <size>0x12</size>
         <input_file_ref idref="fl-42"/>
      </object_component>
      <object_component id="oc-85">
         <name>.text:decompress:none:__TI_decompress_none</name>
         <load_address>0x14a38</load_address>
         <run_address>0x14a38</run_address>
         <size>0x12</size>
         <input_file_ref idref="fl-78"/>
      </object_component>
      <object_component id="oc-494">
         <name>.text:deselect</name>
         <load_address>0x14a4a</load_address>
         <run_address>0x14a4a</run_address>
         <size>0x12</size>
         <input_file_ref idref="fl-46"/>
      </object_component>
      <object_component id="oc-315">
         <name>.text:mem_cpy</name>
         <load_address>0x14a5c</load_address>
         <run_address>0x14a5c</run_address>
         <size>0x12</size>
         <input_file_ref idref="fl-45"/>
      </object_component>
      <object_component id="oc-356">
         <name>.text:mem_set</name>
         <load_address>0x14a6e</load_address>
         <run_address>0x14a6e</run_address>
         <size>0x12</size>
         <input_file_ref idref="fl-45"/>
      </object_component>
      <object_component id="oc-110">
         <name>.text:Buttons_startWDT</name>
         <load_address>0x14a80</load_address>
         <run_address>0x14a80</run_address>
         <size>0x10</size>
         <input_file_ref idref="fl-40"/>
      </object_component>
      <object_component id="oc-572">
         <name>.text:l_lsl</name>
         <load_address>0x14a90</load_address>
         <run_address>0x14a90</run_address>
         <size>0x10</size>
         <input_file_ref idref="fl-96"/>
      </object_component>
      <object_component id="oc-4f9">
         <name>.text:strlen</name>
         <load_address>0x14aa0</load_address>
         <run_address>0x14aa0</run_address>
         <size>0xe</size>
         <input_file_ref idref="fl-a4"/>
      </object_component>
      <object_component id="oc-442">
         <name>.text:TIMER_B_setCompareValue</name>
         <load_address>0x14aae</load_address>
         <run_address>0x14aae</run_address>
         <size>0xc</size>
         <input_file_ref idref="fl-2a"/>
      </object_component>
      <object_component id="oc-44e">
         <name>.text:TIMER_B_stop</name>
         <load_address>0x14aba</load_address>
         <run_address>0x14aba</run_address>
         <size>0xc</size>
         <input_file_ref idref="fl-2a"/>
      </object_component>
      <object_component id="oc-40d">
         <name>.text:USCI_B_SPI_clearInterruptFlag</name>
         <load_address>0x14ac6</load_address>
         <run_address>0x14ac6</run_address>
         <size>0xc</size>
         <input_file_ref idref="fl-31"/>
      </object_component>
      <object_component id="oc-420">
         <name>.text:USCI_B_SPI_isBusy</name>
         <load_address>0x14ad2</load_address>
         <run_address>0x14ad2</run_address>
         <size>0xc</size>
         <input_file_ref idref="fl-31"/>
      </object_component>
      <object_component id="oc-42d">
         <name>.text:TIMER_B_getCaptureCompareCount</name>
         <load_address>0x14ade</load_address>
         <run_address>0x14ade</run_address>
         <size>0xa</size>
         <input_file_ref idref="fl-2a"/>
      </object_component>
      <object_component id="oc-414">
         <name>.text:USCI_B_SPI_getInterruptStatus</name>
         <load_address>0x14ae8</load_address>
         <run_address>0x14ae8</run_address>
         <size>0xa</size>
         <input_file_ref idref="fl-31"/>
      </object_component>
      <object_component id="oc-41a">
         <name>.text:USCI_B_SPI_transmitData</name>
         <load_address>0x14af2</load_address>
         <run_address>0x14af2</run_address>
         <size>0xa</size>
         <input_file_ref idref="fl-31"/>
      </object_component>
      <object_component id="oc-202">
         <name>.text:get_fattime</name>
         <load_address>0x14afc</load_address>
         <run_address>0x14afc</run_address>
         <size>0xa</size>
         <input_file_ref idref="fl-46"/>
      </object_component>
      <object_component id="oc-46c">
         <name>.text</name>
         <load_address>0x14b06</load_address>
         <run_address>0x14b06</run_address>
         <size>0xa</size>
         <input_file_ref idref="fl-76"/>
      </object_component>
      <object_component id="oc-3ce">
         <name>.text</name>
         <load_address>0x14b10</load_address>
         <run_address>0x14b10</run_address>
         <size>0xa</size>
         <input_file_ref idref="fl-95"/>
      </object_component>
      <object_component id="oc-465">
         <name>.text</name>
         <load_address>0x14b1a</load_address>
         <run_address>0x14b1a</run_address>
         <size>0xa</size>
         <input_file_ref idref="fl-97"/>
      </object_component>
      <object_component id="oc-4a6">
         <name>.text:SDCard_setCSHigh</name>
         <load_address>0x14b24</load_address>
         <run_address>0x14b24</run_address>
         <size>0x8</size>
         <input_file_ref idref="fl-42"/>
      </object_component>
      <object_component id="oc-5ac">
         <name>.text:SDCard_setCSLow</name>
         <load_address>0x14b2c</load_address>
         <run_address>0x14b2c</run_address>
         <size>0x8</size>
         <input_file_ref idref="fl-42"/>
      </object_component>
      <object_component id="oc-426">
         <name>.text:USCI_B_SPI_receiveData</name>
         <load_address>0x14b34</load_address>
         <run_address>0x14b34</run_address>
         <size>0x8</size>
         <input_file_ref idref="fl-31"/>
      </object_component>
      <object_component id="oc-448">
         <name>.text:TIMER_B_startCounter</name>
         <load_address>0x14b3c</load_address>
         <run_address>0x14b3c</run_address>
         <size>0x6</size>
         <input_file_ref idref="fl-2a"/>
      </object_component>
      <object_component id="oc-407">
         <name>.text:USCI_B_SPI_enable</name>
         <load_address>0x14b42</load_address>
         <run_address>0x14b42</run_address>
         <size>0x6</size>
         <input_file_ref idref="fl-31"/>
      </object_component>
      <object_component id="oc-9e">
         <name>.text:__TI_ISR_TRAP</name>
         <load_address>0x14b48</load_address>
         <run_address>0x14b48</run_address>
         <size>0x6</size>
         <input_file_ref idref="fl-94"/>
      </object_component>
      <object_component id="oc-91">
         <name>.text:decompress:rle24:__TI_decompress_rle24</name>
         <load_address>0x14b4e</load_address>
         <run_address>0x14b4e</run_address>
         <size>0x6</size>
         <input_file_ref idref="fl-79"/>
      </object_component>
      <object_component id="oc-4ac">
         <name>.text:rcvr_mmc</name>
         <load_address>0x14b54</load_address>
         <run_address>0x14b54</run_address>
         <size>0x6</size>
         <input_file_ref idref="fl-46"/>
      </object_component>
      <object_component id="oc-554">
         <name>.text:xmit_mmc</name>
         <load_address>0x14b5a</load_address>
         <run_address>0x14b5a</run_address>
         <size>0x6</size>
         <input_file_ref idref="fl-46"/>
      </object_component>
      <object_component id="oc-b5">
         <name>.text:_system_pre_init</name>
         <load_address>0x14b60</load_address>
         <run_address>0x14b60</run_address>
         <size>0x4</size>
         <input_file_ref idref="fl-a0"/>
      </object_component>
      <object_component id="oc-c7">
         <name>.text:abort</name>
         <load_address>0x14b64</load_address>
         <run_address>0x14b64</run_address>
         <size>0x4</size>
         <input_file_ref idref="fl-7f"/>
      </object_component>
      <object_component id="oc-2ce">
         <name>.text:Dogs102x64_UC1701Flush</name>
         <load_address>0x14b68</load_address>
         <run_address>0x14b68</run_address>
         <size>0x2</size>
         <input_file_ref idref="fl-3e"/>
      </object_component>
      <object_component id="oc-39e">
         <name>.text:_nop</name>
         <load_address>0x14b6a</load_address>
         <run_address>0x14b6a</run_address>
         <size>0x2</size>
         <input_file_ref idref="fl-a7"/>
      </object_component>
      <object_component id="oc-af">
         <name>.text:_isr:Port1_ISR</name>
         <load_address>0x4400</load_address>
         <run_address>0x4400</run_address>
         <size>0x3c</size>
         <input_file_ref idref="fl-40"/>
      </object_component>
      <object_component id="oc-a3">
         <name>.text:_isr:Port2_ISR</name>
         <load_address>0x443c</load_address>
         <run_address>0x443c</run_address>
         <size>0x3c</size>
         <input_file_ref idref="fl-40"/>
      </object_component>
      <object_component id="oc-da">
         <name>.text:_isr:WDT_ISR</name>
         <load_address>0x4478</load_address>
         <run_address>0x4478</run_address>
         <size>0x1a</size>
         <input_file_ref idref="fl-40"/>
      </object_component>
      <object_component id="oc-72">
         <name>.text:_isr:_c_int00_noexit</name>
         <load_address>0x4492</load_address>
         <run_address>0x4492</run_address>
         <size>0x1a</size>
         <input_file_ref idref="fl-77"/>
      </object_component>
      <object_component id="oc-ce">
         <name>.text:_isr:ADC12_ISR</name>
         <load_address>0x44ac</load_address>
         <run_address>0x44ac</run_address>
         <size>0x16</size>
         <input_file_ref idref="fl-43"/>
      </object_component>
      <object_component id="oc-d4">
         <name>.text:_isr:USCI_A0_ISR</name>
         <load_address>0x44c2</load_address>
         <run_address>0x44c2</run_address>
         <size>0x14</size>
         <input_file_ref idref="fl-3"/>
      </object_component>
      <object_component id="oc-a9">
         <name>.text:_isr:USCI_A1_ISR</name>
         <load_address>0x44d6</load_address>
         <run_address>0x44d6</run_address>
         <size>0x12</size>
         <input_file_ref idref="fl-47"/>
      </object_component>
      <object_component id="oc-64c">
         <name>.cinit..data.load</name>
         <load_address>0x4cba</load_address>
         <run_address>0x4cba</run_address>
         <size>0x35</size>
      </object_component>
      <object_component id="oc-649">
         <name>__TI_handler_table</name>
         <load_address>0x4cf0</load_address>
         <run_address>0x4cf0</run_address>
         <size>0xc</size>
      </object_component>
      <object_component id="oc-64b">
         <name>.cinit..bss.load</name>
         <load_address>0x4cfc</load_address>
         <run_address>0x4cfc</run_address>
         <size>0x6</size>
      </object_component>
      <object_component id="oc-64a">
         <name>__TI_cinit_table</name>
         <load_address>0x4d02</load_address>
         <run_address>0x4d02</run_address>
         <size>0x10</size>
      </object_component>
      <object_component id="oc-2df">
         <name>.const:.string:g_pucFontFixed6x8Data</name>
         <load_address>0x44e8</load_address>
         <run_address>0x44e8</run_address>
         <size>0x2f8</size>
         <input_file_ref idref="fl-a"/>
      </object_component>
      <object_component id="oc-4f0">
         <name>.const:.string:FONT6x8</name>
         <load_address>0x47e0</load_address>
         <run_address>0x47e0</run_address>
         <size>0x24c</size>
         <input_file_ref idref="fl-41"/>
      </object_component>
      <object_component id="oc-22d">
         <name>.const:.string:warningSign</name>
         <load_address>0x4a2c</load_address>
         <run_address>0x4a2c</run_address>
         <size>0x122</size>
         <input_file_ref idref="fl-2"/>
      </object_component>
      <object_component id="oc-1bf">
         <name>.const</name>
         <load_address>0x4b4e</load_address>
         <run_address>0x4b4e</run_address>
         <size>0xc8</size>
         <input_file_ref idref="fl-a"/>
      </object_component>
      <object_component id="oc-236">
         <name>.const:.string</name>
         <load_address>0x4c16</load_address>
         <run_address>0x4c16</run_address>
         <size>0x2c</size>
         <input_file_ref idref="fl-2"/>
      </object_component>
      <object_component id="oc-1b5">
         <name>.const</name>
         <load_address>0x4c42</load_address>
         <run_address>0x4c42</run_address>
         <size>0x2c</size>
         <input_file_ref idref="fl-3e"/>
      </object_component>
      <object_component id="oc-260">
         <name>.const:.string</name>
         <load_address>0x4c6e</load_address>
         <run_address>0x4c6e</run_address>
         <size>0x16</size>
         <input_file_ref idref="fl-47"/>
      </object_component>
      <object_component id="oc-582">
         <name>.const:.string</name>
         <load_address>0x4c84</load_address>
         <run_address>0x4c84</run_address>
         <size>0x14</size>
         <input_file_ref idref="fl-a8"/>
      </object_component>
      <object_component id="oc-4c4">
         <name>.const:.string</name>
         <load_address>0x4c98</load_address>
         <run_address>0x4c98</run_address>
         <size>0x10</size>
         <input_file_ref idref="fl-45"/>
      </object_component>
      <object_component id="oc-131">
         <name>.const:.string</name>
         <load_address>0x4ca8</load_address>
         <run_address>0x4ca8</run_address>
         <size>0x10</size>
         <input_file_ref idref="fl-3"/>
      </object_component>
      <object_component id="oc-4e5">
         <name>.const:.string:$P$T1$2</name>
         <load_address>0x4cb8</load_address>
         <run_address>0x4cb8</run_address>
         <size>0x2</size>
         <input_file_ref idref="fl-41"/>
      </object_component>
      <object_component id="oc-69">
         <name>.int41</name>
         <load_address>0xffd2</load_address>
         <run_address>0xffd2</run_address>
         <size>0x2</size>
         <input_file_ref idref="fl-84"/>
      </object_component>
      <object_component id="oc-6a">
         <name>.int42</name>
         <load_address>0xffd4</load_address>
         <run_address>0xffd4</run_address>
         <size>0x2</size>
         <input_file_ref idref="fl-40"/>
      </object_component>
      <object_component id="oc-6b">
         <name>.int43</name>
         <load_address>0xffd6</load_address>
         <run_address>0xffd6</run_address>
         <size>0x2</size>
         <input_file_ref idref="fl-85"/>
      </object_component>
      <object_component id="oc-6c">
         <name>.int44</name>
         <load_address>0xffd8</load_address>
         <run_address>0xffd8</run_address>
         <size>0x2</size>
         <input_file_ref idref="fl-86"/>
      </object_component>
      <object_component id="oc-6d">
         <name>.int45</name>
         <load_address>0xffda</load_address>
         <run_address>0xffda</run_address>
         <size>0x2</size>
         <input_file_ref idref="fl-87"/>
      </object_component>
      <object_component id="oc-6e">
         <name>.int46</name>
         <load_address>0xffdc</load_address>
         <run_address>0xffdc</run_address>
         <size>0x2</size>
         <input_file_ref idref="fl-47"/>
      </object_component>
      <object_component id="oc-6f">
         <name>.int47</name>
         <load_address>0xffde</load_address>
         <run_address>0xffde</run_address>
         <size>0x2</size>
         <input_file_ref idref="fl-40"/>
      </object_component>
      <object_component id="oc-70">
         <name>.int48</name>
         <load_address>0xffe0</load_address>
         <run_address>0xffe0</run_address>
         <size>0x2</size>
         <input_file_ref idref="fl-88"/>
      </object_component>
      <object_component id="oc-71">
         <name>.int49</name>
         <load_address>0xffe2</load_address>
         <run_address>0xffe2</run_address>
         <size>0x2</size>
         <input_file_ref idref="fl-89"/>
      </object_component>
      <object_component id="oc-78">
         <name>.int50</name>
         <load_address>0xffe4</load_address>
         <run_address>0xffe4</run_address>
         <size>0x2</size>
         <input_file_ref idref="fl-8a"/>
      </object_component>
      <object_component id="oc-79">
         <name>.int51</name>
         <load_address>0xffe6</load_address>
         <run_address>0xffe6</run_address>
         <size>0x2</size>
         <input_file_ref idref="fl-8b"/>
      </object_component>
      <object_component id="oc-7a">
         <name>.int52</name>
         <load_address>0xffe8</load_address>
         <run_address>0xffe8</run_address>
         <size>0x2</size>
         <input_file_ref idref="fl-8c"/>
      </object_component>
      <object_component id="oc-7b">
         <name>.int53</name>
         <load_address>0xffea</load_address>
         <run_address>0xffea</run_address>
         <size>0x2</size>
         <input_file_ref idref="fl-8d"/>
      </object_component>
      <object_component id="oc-7c">
         <name>.int54</name>
         <load_address>0xffec</load_address>
         <run_address>0xffec</run_address>
         <size>0x2</size>
         <input_file_ref idref="fl-43"/>
      </object_component>
      <object_component id="oc-7d">
         <name>.int55</name>
         <load_address>0xffee</load_address>
         <run_address>0xffee</run_address>
         <size>0x2</size>
         <input_file_ref idref="fl-8e"/>
      </object_component>
      <object_component id="oc-7e">
         <name>.int56</name>
         <load_address>0xfff0</load_address>
         <run_address>0xfff0</run_address>
         <size>0x2</size>
         <input_file_ref idref="fl-3"/>
      </object_component>
      <object_component id="oc-7f">
         <name>.int57</name>
         <load_address>0xfff2</load_address>
         <run_address>0xfff2</run_address>
         <size>0x2</size>
         <input_file_ref idref="fl-40"/>
      </object_component>
      <object_component id="oc-80">
         <name>.int58</name>
         <load_address>0xfff4</load_address>
         <run_address>0xfff4</run_address>
         <size>0x2</size>
         <input_file_ref idref="fl-8f"/>
      </object_component>
      <object_component id="oc-81">
         <name>.int59</name>
         <load_address>0xfff6</load_address>
         <run_address>0xfff6</run_address>
         <size>0x2</size>
         <input_file_ref idref="fl-90"/>
      </object_component>
      <object_component id="oc-82">
         <name>.int60</name>
         <load_address>0xfff8</load_address>
         <run_address>0xfff8</run_address>
         <size>0x2</size>
         <input_file_ref idref="fl-91"/>
      </object_component>
      <object_component id="oc-83">
         <name>.int61</name>
         <load_address>0xfffa</load_address>
         <run_address>0xfffa</run_address>
         <size>0x2</size>
         <input_file_ref idref="fl-92"/>
      </object_component>
      <object_component id="oc-84">
         <name>.int62</name>
         <load_address>0xfffc</load_address>
         <run_address>0xfffc</run_address>
         <size>0x2</size>
         <input_file_ref idref="fl-93"/>
      </object_component>
      <object_component id="oc-9a">
         <name>.reset</name>
         <load_address>0xfffe</load_address>
         <run_address>0xfffe</run_address>
         <size>0x2</size>
         <input_file_ref idref="fl-77"/>
      </object_component>
      <object_component id="oc-270">
         <name>.common:g_sContext</name>
         <uninitialized>true</uninitialized>
         <run_address>0x2984</run_address>
         <size>0x1c</size>
      </object_component>
      <object_component id="oc-25d">
         <name>.common:rc</name>
         <uninitialized>true</uninitialized>
         <run_address>0x29b8</run_address>
         <size>0x2</size>
      </object_component>
      <object_component id="oc-128">
         <name>.common:fatfs</name>
         <uninitialized>true</uninitialized>
         <run_address>0x2732</run_address>
         <size>0x22e</size>
      </object_component>
      <object_component id="oc-25b">
         <name>.common:fil</name>
         <uninitialized>true</uninitialized>
         <run_address>0x2960</run_address>
         <size>0x24</size>
      </object_component>
      <object_component id="oc-252">
         <name>.common:br</name>
         <uninitialized>true</uninitialized>
         <run_address>0x29ae</run_address>
         <size>0x2</size>
      </object_component>
      <object_component id="oc-1e3">
         <name>.common:bw</name>
         <uninitialized>true</uninitialized>
         <run_address>0x29b0</run_address>
         <size>0x2</size>
      </object_component>
      <object_component id="oc-4ed">
         <name>.common:dogs102x6Memory</name>
         <uninitialized>true</uninitialized>
         <run_address>0x2400</run_address>
         <size>0x332</size>
      </object_component>
      <object_component id="oc-16b">
         <name>.common:positionData</name>
         <uninitialized>true</uninitialized>
         <run_address>0x29b6</run_address>
         <size>0x2</size>
      </object_component>
      <object_component id="oc-31c">
         <name>.common:FatFs</name>
         <uninitialized>true</uninitialized>
         <run_address>0x29a0</run_address>
         <size>0x4</size>
      </object_component>
      <object_component id="oc-33b">
         <name>.common:Fsid</name>
         <uninitialized>true</uninitialized>
         <run_address>0x29ac</run_address>
         <size>0x2</size>
      </object_component>
      <object_component id="oc-4bc">
         <name>.common:CardType</name>
         <uninitialized>true</uninitialized>
         <run_address>0x29ba</run_address>
         <size>0x1</size>
      </object_component>
      <object_component id="oc-117">
         <name>.common:isCharReceived</name>
         <uninitialized>true</uninitialized>
         <run_address>0x29b2</run_address>
         <size>0x2</size>
      </object_component>
      <object_component id="oc-3aa">
         <name>.common:sys_free</name>
         <uninitialized>true</uninitialized>
         <run_address>0x29a8</run_address>
         <size>0x4</size>
      </object_component>
      <object_component id="oc-3ad">
         <name>.common:sys_base</name>
         <uninitialized>true</uninitialized>
         <run_address>0x29a4</run_address>
         <size>0x4</size>
      </object_component>
      <object_component id="oc-3ac">
         <name>.common:memsize</name>
         <uninitialized>true</uninitialized>
         <run_address>0x29b4</run_address>
         <size>0x2</size>
      </object_component>
      <object_component id="oc-10d">
         <name>.data</name>
         <load_address>0x2d12</load_address>
         <run_address>0x2d12</run_address>
         <size>0x4</size>
         <input_file_ref idref="fl-40"/>
      </object_component>
      <object_component id="oc-11a">
         <name>.data</name>
         <load_address>0x2d11</load_address>
         <run_address>0x2d11</run_address>
         <size>0x1</size>
         <input_file_ref idref="fl-47"/>
      </object_component>
      <object_component id="oc-23e">
         <name>.data</name>
         <load_address>0x2d04</load_address>
         <run_address>0x2d04</run_address>
         <size>0x8</size>
         <input_file_ref idref="fl-a7"/>
      </object_component>
[...]
      </symbol>
      <symbol id="sm-717">
         <name>Dogs102x6_imageDraw</name>
         <value>0x14634</value>
         <object_component_ref idref="oc-230"/>
      </symbol>
      <symbol id="sm-718">
         <name>backlight</name>
         <value>0x2d0e</value>
         <object_component_ref idref="oc-4e8"/>
      </symbol>
      <symbol id="sm-719">
         <name>contrast</name>
         <value>0x2d0f</value>
         <object_component_ref idref="oc-4e8"/>
      </symbol>
      <symbol id="sm-71a">
         <name>Dogs102x6_writeData</name>
         <value>0x130be</value>
         <object_component_ref idref="oc-388"/>
      </symbol>
      <symbol id="sm-71b">
         <name>Dogs102x6_initMacro</name>
         <value>0x2cec</value>
         <object_component_ref idref="oc-36e"/>
      </symbol>
      <symbol id="sm-71c">
         <name>Dogs102x6_writeCommand</name>
         <value>0x14438</value>
         <object_component_ref idref="oc-371"/>
      </symbol>
      <symbol id="sm-71d">
         <name>currentPage</name>
         <value>0x2d0c</value>
         <object_component_ref idref="oc-4e8"/>
      </symbol>
      <symbol id="sm-753">
         <name>SDCard_sendFrame</name>
         <value>0x147f4</value>
         <object_component_ref idref="oc-5b3"/>
      </symbol>
      <symbol id="sm-754">
         <name>SDCard_init</name>
         <value>0x143a6</value>
         <object_component_ref idref="oc-4a0"/>
      </symbol>
      <symbol id="sm-755">
         <name>SDCard_readFrame</name>
         <value>0x146e8</value>
         <object_component_ref idref="oc-567"/>
      </symbol>
      <symbol id="sm-756">
         <name>SDCard_setCSHigh</name>
         <value>0x14b24</value>
         <object_component_ref idref="oc-4a6"/>
      </symbol>
      <symbol id="sm-757">
         <name>SDCard_setCSLow</name>
         <value>0x14b2c</value>
         <object_component_ref idref="oc-5ac"/>
      </symbol>
      <symbol id="sm-758">
         <name>SDCard_fastMode</name>
         <value>0x14a26</value>
         <object_component_ref idref="oc-4b3"/>
      </symbol>
      <symbol id="sm-767">
         <name>positionData</name>
         <value>0x29b6</value>
      </symbol>
      <symbol id="sm-768">
         <name>__TI_int54</name>
         <value>0xffec</value>
         <object_component_ref idref="oc-7c"/>
      </symbol>
      <symbol id="sm-769">
         <name>ADC12_ISR</name>
         <value>0x44ac</value>
         <object_component_ref idref="oc-ce"/>
      </symbol>
      <symbol id="sm-967">
         <name>f_read</name>
         <value>0x115e2</value>
         <object_component_ref idref="oc-253"/>
      </symbol>
      <symbol id="sm-968">
         <name>f_sync</name>
         <value>0x132b6</value>
         <object_component_ref idref="oc-21a"/>
      </symbol>
      <symbol id="sm-969">
         <name>clust2sect</name>
         <value>0x1457a</value>
         <object_component_ref idref="oc-303"/>
      </symbol>
      <symbol id="sm-96a">
         <name>put_fat</name>
         <value>0x1196a</value>
         <object_component_ref idref="oc-35e"/>
      </symbol>
      <symbol id="sm-96b">
         <name>f_write</name>
         <value>0x10c9e</value>
         <object_component_ref idref="oc-1e4"/>
      </symbol>
      <symbol id="sm-96c">
         <name>f_close</name>
         <value>0x149a6</value>
         <object_component_ref idref="oc-142"/>
      </symbol>
      <symbol id="sm-96d">
         <name>f_open</name>
         <value>0x113c4</value>
         <object_component_ref idref="oc-139"/>
      </symbol>
      <symbol id="sm-96e">
         <name>f_lseek</name>
         <value>0x10f3c</value>
         <object_component_ref idref="oc-1da"/>
      </symbol>
      <symbol id="sm-96f">
         <name>f_mount</name>
         <value>0x147c2</value>
         <object_component_ref idref="oc-12b"/>
      </symbol>
      <symbol id="sm-970">
         <name>get_fat</name>
         <value>0x11f0a</value>
         <object_component_ref idref="oc-2fd"/>
      </symbol>
      <symbol id="sm-a2d">
         <name>get_fattime</name>
         <value>0x14afc</value>
         <object_component_ref idref="oc-202"/>
      </symbol>
      <symbol id="sm-a2e">
         <name>disk_status</name>
         <value>0x14904</value>
         <object_component_ref idref="oc-31d"/>
      </symbol>
      <symbol id="sm-a2f">
         <name>INS</name>
         <value>0x2d18</value>
         <object_component_ref idref="oc-49c"/>
      </symbol>
      <symbol id="sm-a30">
         <name>disk_read</name>
         <value>0x13664</value>
         <object_component_ref idref="oc-334"/>
      </symbol>
      <symbol id="sm-a31">
         <name>disk_initialize</name>
         <value>0x11dc6</value>
         <object_component_ref idref="oc-323"/>
      </symbol>
      <symbol id="sm-a32">
         <name>disk_ioctl</name>
         <value>0x124a2</value>
         <object_component_ref idref="oc-4d7"/>
      </symbol>
      <symbol id="sm-a33">
         <name>disk_write</name>
         <value>0x12de2</value>
         <object_component_ref idref="oc-30f"/>
      </symbol>
      <symbol id="sm-a60">
         <name>isCharReceived</name>
         <value>0x29b2</value>
      </symbol>
      <symbol id="sm-a61">
         <name>receivedChar</name>
         <value>0x2d11</value>
         <object_component_ref idref="oc-11a"/>
      </symbol>
      <symbol id="sm-a62">
         <name>print_int</name>
         <value>0x1335a</value>
         <object_component_ref idref="oc-15d"/>
      </symbol>
      <symbol id="sm-a63">
         <name>__TI_int46</name>
         <value>0xffdc</value>
         <object_component_ref idref="oc-6e"/>
      </symbol>
      <symbol id="sm-a64">
         <name>USCI_A1_ISR</name>
         <value>0x44d6</value>
         <object_component_ref idref="oc-a9"/>
      </symbol>
      <symbol id="sm-a65">
         <name>print_string</name>
         <value>0x1389c</value>
         <object_component_ref idref="oc-163"/>
      </symbol>
      <symbol id="sm-a66">
         <name>lcd_init</name>
         <value>0x13b8a</value>
         <object_component_ref idref="oc-122"/>
      </symbol>
      <symbol id="sm-a6f">
         <name>__mspabi_srai</name>
         <value>0x14b06</value>
         <object_component_ref idref="oc-46c"/>
      </symbol>
      <symbol id="sm-a7f">
         <name>_c_int00_noexit</name>
         <value>0x4492</value>
         <object_component_ref idref="oc-72"/>
      </symbol>
      <symbol id="sm-a80">
         <name>_c_int00</name>
         <value>0x4492</value>
         <object_component_ref idref="oc-72"/>
      </symbol>
      <symbol id="sm-a81">
         <name>_stack</name>
         <value>0x4360</value>
         <object_component_ref idref="oc-97"/>
      </symbol>
      <symbol id="sm-a82">
         <name>_reset_vector</name>
         <value>0xfffe</value>
         <object_component_ref idref="oc-9a"/>
      </symbol>
      <symbol id="sm-a98">
         <name>__TI_decompress_none</name>
         <value>0x14a38</value>
         <object_component_ref idref="oc-85"/>
      </symbol>
      <symbol id="sm-aba">
         <name>__TI_decompress_rle24</name>
         <value>0x14b4e</value>
         <object_component_ref idref="oc-91"/>
      </symbol>
      <symbol id="sm-acd">
         <name>__TI_zero_init</name>
         <value>0x1489e</value>
         <object_component_ref idref="oc-8b"/>
      </symbol>
      <symbol id="sm-ad9">
         <name>__mspabi_remi</name>
         <value>0x14822</value>
         <object_component_ref idref="oc-45f"/>
      </symbol>
      <symbol id="sm-ada">
         <name>__mspabi_divi</name>
         <value>0x14822</value>
         <object_component_ref idref="oc-45f"/>
      </symbol>
      <symbol id="sm-ae4">
         <name>__mspabi_remu</name>
         <value>0x149d2</value>
         <object_component_ref idref="oc-544"/>
      </symbol>
      <symbol id="sm-ae5">
         <name>__mspabi_divu</name>
         <value>0x149d2</value>
         <object_component_ref idref="oc-544"/>
      </symbol>
      <symbol id="sm-af1">
         <name>__mspabi_remli</name>
         <value>0x144fc</value>
         <object_component_ref idref="oc-5a4"/>
      </symbol>
      <symbol id="sm-af2">
         <name>__mspabi_divli</name>
         <value>0x144fc</value>
         <object_component_ref idref="oc-5a4"/>
      </symbol>
      <symbol id="sm-b00">
         <name>__mspabi_remul</name>
         <value>0x1416e</value>
         <object_component_ref idref="oc-2f2"/>
      </symbol>
      <symbol id="sm-b01">
         <name>__mspabi_divul</name>
         <value>0x1416e</value>
         <object_component_ref idref="oc-2f2"/>
      </symbol>
      <symbol id="sm-b0b">
         <name>C$$EXIT</name>
         <value>0x14b64</value>
         <object_component_ref idref="oc-c7"/>
      </symbol>
      <symbol id="sm-b0c">
         <name>abort</name>
         <value>0x14b64</value>
         <object_component_ref idref="oc-c7"/>
      </symbol>
      <symbol id="sm-b13">
         <name>__TI_int41</name>
         <value>0xffd2</value>
         <object_component_ref idref="oc-69"/>
      </symbol>
      <symbol id="sm-b16">
         <name>__TI_int43</name>
         <value>0xffd6</value>
         <object_component_ref idref="oc-6b"/>
      </symbol>
      <symbol id="sm-b19">
         <name>__TI_int44</name>
         <value>0xffd8</value>
         <object_component_ref idref="oc-6c"/>
      </symbol>
      <symbol id="sm-b1c">
         <name>__TI_int45</name>
         <value>0xffda</value>
         <object_component_ref idref="oc-6d"/>
      </symbol>
      <symbol id="sm-b1f">
         <name>__TI_int48</name>
         <value>0xffe0</value>
         <object_component_ref idref="oc-70"/>
      </symbol>
      <symbol id="sm-b22">
         <name>__TI_int49</name>
         <value>0xffe2</value>
         <object_component_ref idref="oc-71"/>
      </symbol>
      <symbol id="sm-b25">
         <name>__TI_int50</name>
         <value>0xffe4</value>
         <object_component_ref idref="oc-78"/>
      </symbol>
      <symbol id="sm-b28">
         <name>__TI_int51</name>
         <value>0xffe6</value>
         <object_component_ref idref="oc-79"/>
      </symbol>
      <symbol id="sm-b2b">
         <name>__TI_int52</name>
         <value>0xffe8</value>
         <object_component_ref idref="oc-7a"/>
      </symbol>
      <symbol id="sm-b2e">
         <name>__TI_int53</name>
         <value>0xffea</value>
         <object_component_ref idref="oc-7b"/>
      </symbol>
      <symbol id="sm-b31">
         <name>__TI_int55</name>
         <value>0xffee</value>
         <object_component_ref idref="oc-7d"/>
      </symbol>
      <symbol id="sm-b34">
         <name>__TI_int58</name>
         <value>0xfff4</value>
         <object_component_ref idref="oc-80"/>
      </symbol>
      <symbol id="sm-b37">
         <name>__TI_int59</name>
         <value>0xfff6</value>
         <object_component_ref idref="oc-81"/>
      </symbol>
      <symbol id="sm-b3a">
         <name>__TI_int60</name>
         <value>0xfff8</value>
         <object_component_ref idref="oc-82"/>
      </symbol>
      <symbol id="sm-b3d">
         <name>__TI_int61</name>
         <value>0xfffa</value>
         <object_component_ref idref="oc-83"/>
      </symbol>
      <symbol id="sm-b40">
         <name>__TI_int62</name>
         <value>0xfffc</value>
         <object_component_ref idref="oc-84"/>
      </symbol>
      <symbol id="sm-b48">
         <name>__TI_ISR_TRAP</name>
         <value>0x14b48</value>
         <object_component_ref idref="oc-9e"/>
      </symbol>
      <symbol id="sm-b51">
         <name>__mspabi_slli</name>
         <value>0x14b10</value>
         <object_component_ref idref="oc-3ce"/>
      </symbol>
      <symbol id="sm-b61">
         <name>__mspabi_slll_9</name>
         <value>0x145d0</value>
         <object_component_ref idref="oc-214"/>
      </symbol>
      <symbol id="sm-b62">
         <name>__mspabi_slll_8</name>
         <value>0x145d4</value>
         <object_component_ref idref="oc-214"/>
      </symbol>
      <symbol id="sm-b63">
         <name>__mspabi_slll_7</name>
         <value>0x145d8</value>
         <object_component_ref idref="oc-214"/>
      </symbol>
      <symbol id="sm-b64">
         <name>__mspabi_slll_6</name>
         <value>0x145dc</value>
         <object_component_ref idref="oc-214"/>
      </symbol>
      <symbol id="sm-b65">
         <name>__mspabi_slll_5</name>
         <value>0x145e0</value>
         <object_component_ref idref="oc-214"/>
      </symbol>
      <symbol id="sm-b66">
         <name>__mspabi_slll_4</name>
         <value>0x145e4</value>
         <object_component_ref idref="oc-214"/>
      </symbol>
      <symbol id="sm-b67">
         <name>__mspabi_slll_3</name>
         <value>0x145e8</value>
         <object_component_ref idref="oc-214"/>
      </symbol>
      <symbol id="sm-b68">
         <name>__mspabi_slll_2</name>
         <value>0x145ec</value>
         <object_component_ref idref="oc-214"/>
      </symbol>
      <symbol id="sm-b69">
         <name>__mspabi_slll_1</name>
         <value>0x145f0</value>
         <object_component_ref idref="oc-214"/>
      </symbol>
      <symbol id="sm-b6a">
         <name>__mspabi_slll</name>
         <value>0x14a90</value>
         <object_component_ref idref="oc-572"/>
      </symbol>
      <symbol id="sm-b6b">
         <name>__mspabi_slll_15</name>
         <value>0x145b8</value>
         <object_component_ref idref="oc-214"/>
      </symbol>
      <symbol id="sm-b6c">
         <name>__mspabi_slll_14</name>
         <value>0x145bc</value>
         <object_component_ref idref="oc-214"/>
      </symbol>
      <symbol id="sm-b6d">
         <name>__mspabi_slll_13</name>
         <value>0x145c0</value>
         <object_component_ref idref="oc-214"/>
      </symbol>
      <symbol id="sm-b6e">
         <name>__mspabi_slll_12</name>
         <value>0x145c4</value>
         <object_component_ref idref="oc-214"/>
      </symbol>
      <symbol id="sm-b6f">
         <name>__mspabi_slll_11</name>
         <value>0x145c8</value>
         <object_component_ref idref="oc-214"/>
      </symbol>
      <symbol id="sm-b70">
         <name>__mspabi_slll_10</name>
         <value>0x145cc</value>
         <object_component_ref idref="oc-214"/>
      </symbol>
      <symbol id="sm-b79">
         <name>__mspabi_srli</name>
         <value>0x14b1a</value>
         <object_component_ref idref="oc-465"/>
      </symbol>
      <symbol id="sm-b81">
         <name>__mspabi_srll_8</name>
         <value>0x14612</value>
         <object_component_ref idref="oc-309"/>
      </symbol>
      <symbol id="sm-b82">
         <name>__mspabi_srll_9</name>
         <value>0x1460e</value>
         <object_component_ref idref="oc-309"/>
      </symbol>
      <symbol id="sm-b83">
         <name>__mspabi_srll_6</name>
         <value>0x1461a</value>
         <object_component_ref idref="oc-309"/>
      </symbol>
      <symbol id="sm-b84">
         <name>__mspabi_srll_7</name>
         <value>0x14616</value>
         <object_component_ref idref="oc-309"/>
      </symbol>
      <symbol id="sm-b85">
         <name>__mspabi_srll_4</name>
         <value>0x14622</value>
         <object_component_ref idref="oc-309"/>
      </symbol>
      <symbol id="sm-b86">
         <name>__mspabi_srll_5</name>
         <value>0x1461e</value>
         <object_component_ref idref="oc-309"/>
      </symbol>
      <symbol id="sm-b87">
         <name>__mspabi_srll_2</name>
         <value>0x1462a</value>
         <object_component_ref idref="oc-309"/>
      </symbol>
      <symbol id="sm-b88">
         <name>__mspabi_srll_3</name>
         <value>0x14626</value>
         <object_component_ref idref="oc-309"/>
      </symbol>
      <symbol id="sm-b89">
         <name>__mspabi_srll_1</name>
         <value>0x1462e</value>
         <object_component_ref idref="oc-309"/>
      </symbol>
      <symbol id="sm-b8a">
         <name>__mspabi_srll_15</name>
         <value>0x145f6</value>
         <object_component_ref idref="oc-309"/>
      </symbol>
      <symbol id="sm-b8b">
         <name>__mspabi_srll_14</name>
         <value>0x145fa</value>
         <object_component_ref idref="oc-309"/>
      </symbol>
      <symbol id="sm-b8c">
         <name>__mspabi_srll_13</name>
         <value>0x145fe</value>
         <object_component_ref idref="oc-309"/>
      </symbol>
      <symbol id="sm-b8d">
         <name>__mspabi_srll_12</name>
         <value>0x14602</value>
         <object_component_ref idref="oc-309"/>
      </symbol>
      <symbol id="sm-b8e">
         <name>__mspabi_srll_11</name>
         <value>0x14606</value>
         <object_component_ref idref="oc-309"/>
      </symbol>
      <symbol id="sm-b8f">
         <name>__mspabi_srll_10</name>
         <value>0x1460a</value>
         <object_component_ref idref="oc-309"/>
      </symbol>
      <symbol id="sm-ba2">
         <name>memcpy</name>
         <value>0x14a12</value>
         <object_component_ref idref="oc-e0"/>
      </symbol>
      <symbol id="sm-bdd">
         <name>_sys_memory</name>
         <value>0x2d1c</value>
         <object_component_ref idref="oc-9b"/>
      </symbol>
      <symbol id="sm-bde">
         <name>malloc</name>
         <value>0x12e9e</value>
         <object_component_ref idref="oc-150"/>
      </symbol>
      <symbol id="sm-bdf">
         <name>minit</name>
         <value>0x1447a</value>
         <object_component_ref idref="oc-244"/>
      </symbol>
      <symbol id="sm-bed">
         <name>memset</name>
         <value>0x149bc</value>
         <object_component_ref idref="oc-37c"/>
      </symbol>
      <symbol id="sm-bf7">
         <name>__mspabi_mpyi_f5hw</name>
         <value>0x149e8</value>
         <object_component_ref idref="oc-391"/>
      </symbol>
      <symbol id="sm-bff">
         <name>__mspabi_mpyl_f5hw</name>
         <value>0x148c2</value>
         <object_component_ref idref="oc-32f"/>
      </symbol>
      <symbol id="sm-c08">
         <name>_system_pre_init</name>
         <value>0x14b60</value>
         <object_component_ref idref="oc-b5"/>
      </symbol>
      <symbol id="sm-c34">
         <name>snprintf</name>
         <value>0x13ee8</value>
         <object_component_ref idref="oc-261"/>
      </symbol>
      <symbol id="sm-c43">
         <name>strlen</name>
         <value>0x14aa0</value>
         <object_component_ref idref="oc-4f9"/>
      </symbol>
      <symbol id="sm-c56">
         <name>_nop</name>
         <value>0x14b6a</value>
         <object_component_ref idref="oc-39e"/>
      </symbol>
      <symbol id="sm-c57">
         <name>_lock</name>
         <value>0x2d04</value>
         <object_component_ref idref="oc-23e"/>
      </symbol>
      <symbol id="sm-c58">
         <name>_unlock</name>
         <value>0x2d08</value>
         <object_component_ref idref="oc-23e"/>
      </symbol>
      <symbol id="sm-cc0">
         <name>__TI_printfi_minimal</name>
         <value>0x12a04</value>
         <object_component_ref idref="oc-3bc"/>
      </symbol>
      <symbol id="sm-cd8">
         <name>_auto_init_hold_wdt</name>
         <value>0x13cd8</value>
         <object_component_ref idref="oc-bb"/>
      </symbol>
      <symbol id="sm-ce8">
         <name>memccpy</name>
         <value>0x14924</value>
         <object_component_ref idref="oc-589"/>
      </symbol>
      <symbol id="sm-cea">
         <name>__TI_exit</name>
         <value>0x1</value>
      </symbol>
      <symbol id="sm-ceb">
         <name>__TI_args_main</name>
         <value>0x1</value>
      </symbol>
      <symbol id="sm-cec">
         <name>__TI_INITARRAY_Base</name>
         <value>0x0</value>
      </symbol>
      <symbol id="sm-ced">
         <name>__TI_INITARRAY_Limit</name>
         <value>0x0</value>
      </symbol>
   </symbol_table>
   <title>Link successful</title>
</link_info>
