******************************************************************************
                  MSP430 Linker PC v4.3.3                      
******************************************************************************
>> Linked Tue Jan 26 16:01:50 2016

OUTPUT FILE NAME:   <MSP-EXP430F5529UserExperience.out>
ENTRY POINT SYMBOL: "_c_int00"  address: 00004708


MEMORY CONFIGURATION

         name            origin    length      used     unused   attr    fill
----------------------  --------  ---------  --------  --------  ----  --------
  SFR                   00000000   00000010  00000000  00000010  RWIX
  PERIPHERALS_8BIT      00000010   000000f0  00000000  000000f0  RWIX
  PERIPHERALS_16BIT     00000100   00000100  00000000  00000100  RWIX
  INFOD                 00001800   00000080  00000000  00000080  RWIX
  INFOC                 00001880   00000080  00000000  00000080  RWIX
  INFOB                 00001900   00000080  00000000  00000080  RWIX
  INFOA                 00001980   00000080  00000000  00000080  RWIX
  RAM                   00002400   00002000  00001931  000006cf  RWIX
  FLASH                 00004400   0000bb80  0000bb80  00000000  RWIX
  INT00                 0000ff80   00000002  00000002  00000000  RWIX
  INT01                 0000ff82   00000002  00000002  00000000  RWIX
  INT02                 0000ff84   00000002  00000002  00000000  RWIX
  INT03                 0000ff86   00000002  00000002  00000000  RWIX
  INT04                 0000ff88   00000002  00000002  00000000  RWIX
  INT05                 0000ff8a   00000002  00000002  00000000  RWIX
  INT06                 0000ff8c   00000002  00000002  00000000  RWIX
  INT07                 0000ff8e   00000002  00000002  00000000  RWIX
  INT08                 0000ff90   00000002  00000002  00000000  RWIX
  INT09                 0000ff92   00000002  00000002  00000000  RWIX
  INT10                 0000ff94   00000002  00000002  00000000  RWIX
  INT11                 0000ff96   00000002  00000002  00000000  RWIX
  INT12                 0000ff98   00000002  00000002  00000000  RWIX
  INT13                 0000ff9a   00000002  00000002  00000000  RWIX
  INT14                 0000ff9c   00000002  00000002  00000000  RWIX
  INT15                 0000ff9e   00000002  00000002  00000000  RWIX
  INT16                 0000ffa0   00000002  00000002  00000000  RWIX
  INT17                 0000ffa2   00000002  00000002  00000000  RWIX
  INT18                 0000ffa4   00000002  00000002  00000000  RWIX
  INT19                 0000ffa6   00000002  00000002  00000000  RWIX
  INT20                 0000ffa8   00000002  00000002  00000000  RWIX
  INT21                 0000ffaa   00000002  00000002  00000000  RWIX
  INT22                 0000ffac   00000002  00000002  00000000  RWIX
  INT23                 0000ffae   00000002  00000002  00000000  RWIX
  INT24                 0000ffb0   00000002  00000002  00000000  RWIX
  INT25                 0000ffb2   00000002  00000002  00000000  RWIX
  INT26                 0000ffb4   00000002  00000002  00000000  RWIX
  INT27                 0000ffb6   00000002  00000002  00000000  RWIX
  INT28                 0000ffb8   00000002  00000002  00000000  RWIX
  INT29                 0000ffba   00000002  00000002  00000000  RWIX
  INT30                 0000ffbc   00000002  00000002  00000000  RWIX
  INT31                 0000ffbe   00000002  00000002  00000000  RWIX
  INT32                 0000ffc0   00000002  00000002  00000000  RWIX
  INT33                 0000ffc2   00000002  00000002  00000000  RWIX
  INT34                 0000ffc4   00000002  00000002  00000000  RWIX
  INT35                 0000ffc6   00000002  00000002  00000000  RWIX
  INT36                 0000ffc8   00000002  00000002  00000000  RWIX
  INT37                 0000ffca   00000002  00000002  00000000  RWIX
  INT38                 0000ffcc   00000002  00000002  00000000  RWIX
  INT39                 0000ffce   00000002  00000002  00000000  RWIX
  INT40                 0000ffd0   00000002  00000002  00000000  RWIX
  INT41                 0000ffd2   00000002  00000002  00000000  RWIX
  INT42                 0000ffd4   00000002  00000002  00000000  RWIX
  INT43                 0000ffd6   00000002  00000002  00000000  RWIX
  INT44                 0000ffd8   00000002  00000002  00000000  RWIX
  INT45                 0000ffda   00000002  00000002  00000000  RWIX
  INT46                 0000ffdc   00000002  00000002  00000000  RWIX
  INT47                 0000ffde   00000002  00000002  00000000  RWIX
  INT48                 0000ffe0   00000002  00000002  00000000  RWIX
  INT49                 0000ffe2   00000002  00000002  00000000  RWIX
  INT50                 0000ffe4   00000002  00000002  00000000  RWIX
  INT51                 0000ffe6   00000002  00000002  00000000  RWIX
  INT52                 0000ffe8   00000002  00000002  00000000  RWIX
  INT53                 0000ffea   00000002  00000002  00000000  RWIX
  INT54                 0000ffec   00000002  00000002  00000000  RWIX
  INT55                 0000ffee   00000002  00000002  00000000  RWIX
  INT56                 0000fff0   00000002  00000002  00000000  RWIX
  INT57                 0000fff2   00000002  00000002  00000000  RWIX
  INT58                 0000fff4   00000002  00000002  00000000  RWIX
  INT59                 0000fff6   00000002  00000002  00000000  RWIX
  INT60                 0000fff8   00000002  00000002  00000000  RWIX
  INT61                 0000fffa   00000002  00000002  00000000  RWIX
  INT62                 0000fffc   00000002  00000002  00000000  RWIX
  RESET                 0000fffe   00000002  00000002  00000000  RWIX
  FLASH2                00010000   00014400  000038d5  00010b2b  RWIX


SECTION ALLOCATION MAP

 output                                  attributes/
section   page    origin      length       input sections
--------  ----  ----------  ----------   ----------------
.pinit     0    00004400    00000000     UNINITIALIZED

.bss       0    00002400    00001869     UNINITIALIZED
                  00002400    000006b0     MenuGames.obj (.bss)
                  00002ab0    00000614     MassStorageCommon.obj (.bss)
                  000030c4    00000348     HAL_Dogs102x6.obj (.bss)
                  0000340c    0000024e     SDCard.obj (.bss)
                  0000365a    000001f6     UsbMscScsi.obj (.bss)
                  00003850    000001e8     Demo_Cube.obj (.bss)
                  00003a38    00000082     EchoUsb.obj (.bss)
                  00003aba    0000004c     usb.obj (.bss)
                  00003b06    00000044     Random.obj (.bss)
                  00003b4a    0000002e     UsbCdc.obj (.bss)
                  00003b78    00000028     UsbHid.obj (.bss)
                  00003ba0    00000027     Clock.obj (.bss)
                  00003bc7    00000022     5xx_ACTIVE_test.obj (.bss)
                  00003be9    0000001f     UsbMscUser.obj (.bss)
                  00003c08    00000016     CTS_Layer.obj (.bss)
                  00003c1e    0000000a     fsm_transition.obj (.bss)
                  00003c28    00000008     HAL_Cma3000.obj (.bss)
                  00003c30    00000008     dma.obj (.bss)
                  00003c38    00000008     rts430xl.lib : _lock.obj (.bss)
                  00003c40    00000008                  : boot.obj (.bss)
                  00003c48    00000006     ff.obj (.bss)
                  00003c4e    00000005     Mouse.obj (.bss)
                  00003c53    00000001     MassStorage.obj (.bss)
                  00003c54    00000004     HAL_Buttons.obj (.bss)
                  00003c58    00000004     HAL_Wheel.obj (.bss)
                  00003c5c    00000004     rts430xl.lib : rand.obj (.bss)
                  00003c60    00000003     mmc.obj (.bss)
                  00003c63    00000002     PMM.obj (.bss)
                  00003c65    00000001     Puzzle.obj (.bss)
                  00003c66    00000002     UserExperience.obj (.bss)
                  00003c68    00000001     fsm.obj (.bss)

.stack     0    00004338    000000c8     UNINITIALIZED
                  00004338    00000004     rts430xl.lib : boot.obj (.stack)
                  0000433c    000000c4     --HOLE--

.text:_isr 
*          0    00004400    00000390     
                  00004400    0000019c     UsbIsr.obj (.text:_isr:iUsbInterruptHandler)
                  0000459c    000000be     Puzzle.obj (.text:_isr:Timer_A1_CCR0_ISR)
                  0000465a    0000003c     HAL_Buttons.obj (.text:_isr:Port1_ISR)
                  00004696    0000003c     HAL_Buttons.obj (.text:_isr:Port2_ISR)
                  000046d2    00000036     DemoApps.obj (.text:_isr:UNMI_ISR)
                  00004708    0000002a     rts430xl.lib : boot.obj (.text:_isr:_c_int00_noexit)
                  00004732    0000001a     HAL_Buttons.obj (.text:_isr:WDT_ISR)
                  0000474c    00000018     Mouse.obj (.text:_isr:TIMER2_A0_ISR)
                  00004764    00000016     HAL_Wheel.obj (.text:_isr:ADC12_ISR)
                  0000477a    00000016     Clock.obj (.text:_isr:RTC_ISR)

.cinit     0    00004790    00000214     
                  00004790    0000005f     Clock.obj (.cinit)
                  000047ef    00000001     --HOLE-- [fill = 0]
                  000047f0    0000003e     HAL_Dogs102x6.obj (.cinit)
                  0000482e    00000032     UsbMscScsi.obj (.cinit)
                  00004860    0000002b     MenuGames.obj (.cinit)
                  0000488b    00000001     --HOLE-- [fill = 0]
                  0000488c    00000027     SDCard.obj (.cinit)
                  000048b3    00000001     --HOLE-- [fill = 0]
                  000048b4    00000025     UsbMscUser.obj (.cinit)
                  000048d9    00000001     --HOLE-- [fill = 0]
                  000048da    00000022     usb.obj (.cinit)
                  000048fc    00000018     Demo_Cube.obj (.cinit)
                  00004914    00000011     Mouse.obj (.cinit)
                  00004925    00000001     --HOLE-- [fill = 0]
                  00004926    00000010     HAL_Buttons.obj (.cinit)
                  00004936    0000000f     MassStorageCommon.obj (.cinit)
                  00004945    00000001     --HOLE-- [fill = 0]
                  00004946    0000000f     PMM.obj (.cinit)
                  00004955    00000001     --HOLE-- [fill = 0]
                  00004956    0000000f     UsbHid.obj (.cinit)
                  00004965    00000001     --HOLE-- [fill = 0]
                  00004966    0000000f     mmc.obj (.cinit)
                  00004975    00000001     --HOLE-- [fill = 0]
                  00004976    0000000a     Random.obj (.cinit)
                  00004980    0000000a     rts430xl.lib : rand.obj (.cinit)
                  0000498a    00000008     CTS_Layer.obj (.cinit)
                  00004992    00000007     MassStorage.obj (.cinit)
                  00004999    00000001     --HOLE-- [fill = 0]
                  0000499a    00000007     Puzzle.obj (.cinit)
                  000049a1    00000001     --HOLE-- [fill = 0]
                  000049a2    00000002     (.pad.cinit) [fill = 0]

.text.1    0    000049a4    0000b5dc     
                  000049a4    0000086e     Clock.obj (.text:SetTime)
                  00005212    0000073c     ff.obj (.text:chk_mounted)
                  0000594e    000004b4     Demo_Cube.obj (.text:Rotate3DPointXYZ)
                  00005e02    00000494     Random.obj (.text:RandomNumber)
                  00006296    0000043e     MenuGames.obj (.text:LaunchpadDef)
                  000066d4    0000040e     UsbMscScsi.obj (.text:MSCFromHostToBuffer)
                  00006ae2    000003ce     MenuGames.obj (.text:Simon)
                  00006eb0    000003ba     UsbMscScsi.obj (.text:USBMSC_bufferProcessed)
                  0000726a    0000027e     UsbMscScsi.obj (.text:MSCToHostFromBuffer)
                  000074e8    00000278     CTS_Layer.obj (.text:TI_CAPT_Custom)
                  00007760    00000262     MenuGames.obj (.text:UpdateBackground)
                  000079c2    00000246     PMM.obj (.text:MenuPMMMCLK)
                  00007c08    00000228     ff.obj (.text:f_open)
                  00007e30    00000212     MenuGames.obj (.text:UpdateMissile)
                  00008042    00000208     SDCard.obj (.text:SDCard)
                  0000824a    00000202     UsbCdc.obj (.text:USBCDC_receiveData)
                  0000844c    000001ee     UsbMscScsi.obj (.text:Scsi_Cmd_Parser)
                  0000863a    000001ee     ff.obj (.text:f_read)
                  00008828    000001dc     Demo_Cube.obj (.text:RotateCube)
                  00008a04    000001cc     Clock.obj (.text:AnalogClockUpdate)
                  00008bd0    000001be     MenuGames.obj (.text:UpdateMines)
                  00008d8e    000001b6     Demo_Cube.obj (.text:DrawCube)
                  00008f44    000001ae     PMM.obj (.text:MeasurementMode)
                  000090f2    000001a4     DemoApps.obj (.text:CapDemo)
                  00009296    00000194     UsbMscScsi.obj (.text:USBMSC_updateMediaInfo)
                  0000942a    0000018c     ff.obj (.text:put_fat)
                  000095b6    00000188     UsbCdc.obj (.text:CdcToHostFromBuffer)
                  0000973e    00000180     HAL_Dogs102x6.obj (.text:Dogs102x6_verticalLineDraw)
                  000098be    00000174     ff.obj (.text:create_name)
                  00009a32    0000016e     ff.obj (.text:dir_next)
                  00009ba0    00000166     CTS_Layer.obj (.text:TI_CAPT_Slider)
                  00009d06    00000162     PowerTest.obj (.text:PowerMenu)
                  00009e68    00000162     ff.obj (.text:get_fileinfo)
                  00009fca    0000015e     UsbHid.obj (.text:HidToHostFromBuffer)
                  0000a128    0000015c     UsbHid.obj (.text:HidToBufferFromHost)
                  0000a284    0000015c     usb.obj (.text:USB_reset)
                  0000a3e0    00000158     HAL_Dogs102x6.obj (.text:Dogs102x6_circleDraw)
                  0000a538    00000158     ff.obj (.text:f_sync)
                  0000a690    0000014a     Mouse.obj (.text:Mouse)
                  0000a7da    00000146     ff.obj (.text:get_fat)
                  0000a920    00000142     HAL_Dogs102x6.obj (.text:Dogs102x6_charDrawXY)
                  0000aa62    0000013c     mmc.obj (.text:disk_initialize)
                  0000ab9e    00000138     HAL_Dogs102x6.obj (.text:Dogs102x6_lineDraw)
                  0000acd6    00000136     EchoUsb.obj (.text:EchoUSB)
                  0000ae0c    00000134     SDCard.obj (.text:ActiveFile)
                  0000af40    00000130     SDCard.obj (.text:GetDirectory)
                  0000b070    00000130     UserExperience.obj (.text:main)
                  0000b1a0    0000012e     UsbCdc.obj (.text:CdcToBufferFromHost)
                  0000b2ce    00000122     UsbMscScsi.obj (.text:Scsi_Inquiry)
                  0000b3f0    00000122     UsbMscStateMachine.obj (.text:USBMSC_poll)
                  0000b512    0000011e     ff.obj (.text:create_chain)
                  0000b630    00000110     UsbMscScsi.obj (.text:Scsi_Write10)
                  0000b740    00000106     Clock.obj (.text:AnalogClockDrawHand)
                  0000b846    00000106     LPM.obj (.text:LowPowerMode4)
                  0000b94c    00000100     Clock.obj (.text:DigitalClockUpdate)
                  0000ba4c    000000f8     UsbMscScsi.obj (.text:Scsi_Read10)
                  0000bb44    000000f6     UsbCdc.obj (.text:USBCDC_intfStatus)
                  0000bc3a    000000f0     HAL_UCS.obj (.text:Init_FLL)
                  0000bd2a    000000ec     ff.obj (.text:sync)
                  0000be16    000000e8     MenuGames.obj (.text:DrawShip)
                  0000befe    000000e8     ff.obj (.text:dir_sdi)
                  0000bfe6    000000e8     mmc.obj (.text:disk_ioctl)
                  0000c0ce    000000e8     ff.obj (.text:follow_path)
                  0000c1b6    000000e4     HAL_Board.obj (.text:Board_init)
                  0000c29a    000000de     LPM.obj (.text:LowPowerMode3)
                  0000c378    000000de     CTS_HAL.obj (.text:TI_CTS_fRO_COMPB_TA1_SW_HAL)
                  0000c456    000000dc     PMM.obj (.text:SetValues)
                  0000c532    000000da     usb.obj (.text:USB_InitSerialStringDescriptor)
                  0000c60c    000000d8     ff.obj (.text:f_opendir)
                  0000c6e4    000000d6     DemoApps.obj (.text:CapLED)
                  0000c7ba    000000d6     SDCard.obj (.text:ClearTempData)
                  0000c890    000000d6     SDCard.obj (.text:SDDisplay)
                  0000c966    000000d4     UsbMscScsi.obj (.text:Check_CBW)
                  0000ca3a    000000d2     Demo_Cube.obj (.text:Demo_Cube)
                  0000cb0c    000000ce     UsbMscScsi.obj (.text:Scsi_Request_Sense)
                  0000cbda    000000ce     HAL_PMM.obj (.text:SetVCoreUp)
                  0000cca8    000000c6     mmc.obj (.text:disk_write)
                  0000cd6e    000000c4     HAL_Dogs102x6.obj (.text:Dogs102x6_horizontalLineDraw)
                  0000ce32    000000c4     LPM.obj (.text:LowPowerMode0)
                  0000cef6    000000c2     MassStorage.obj (.text:MassStorage)
                  0000cfb8    000000ba     ff.obj (.text:move_window)
                  0000d072    000000b6     Clock.obj (.text:AnalogClockInit)
                  0000d128    000000b4     fsm_transition.obj (.text:UpdateField)
                  0000d1dc    000000b4     mmc.obj (.text:send_cmd)
                  0000d290    000000b0     SDCard.obj (.text:ActiveDirectory)
                  0000d340    000000b0     CTS_Layer.obj (.text:Dominant_Element)
                  0000d3f0    000000ae     HAL_Dogs102x6.obj (.text:Dogs102x6_writeData)
                  0000d49e    000000aa     MenuGames.obj (.text:DrawExplosions)
                  0000d548    000000a4     LPM.obj (.text:MenuLPM)
                  0000d5ec    000000a4     UsbHid.obj (.text:USBHID_sendReport)
                  0000d690    000000a4     ff.obj (.text:remove_chain)
                  0000d734    000000a2     HAL_Menu.obj (.text:Menu_active)
                  0000d7d6    000000a2     UsbCdc.obj (.text:USBCDC_bytesInUSBBuffer)
                  0000d878    000000a0     mmc.obj (.text:disk_read)
                  0000d918    000000a0     mmc.obj (.text:validateCSD)
                  0000d9b8    0000009c     UsbCdc.obj (.text:USBCDC_sendData)
                  0000da54    0000009a     HAL_Cma3000.obj (.text:Cma3000_init)
                  0000daee    00000096     usb.obj (.text:USB_connectionState)
                  0000db84    00000092     UsbMscScsi.obj (.text:Reset_RequestSenseResponse)
                  0000dc16    00000092     usb.obj (.text:usbDecodeAndProcessUsbRequest)
                  0000dca8    0000008e     Settings.obj (.text:CalibrateAccel)
                  0000dd36    0000008e     usb.obj (.text:USB_enable)
                  0000ddc4    0000008c     HAL_PMM.obj (.text:SetVCoreDown)
                  0000de50    0000008c     Settings.obj (.text:WriteFlashSettings)
                  0000dedc    0000008c     ff.obj (.text:check_fs)
                  0000df68    0000008a     HAL_Dogs102x6.obj (.text:Dogs102x6_charDraw)
                  0000dff2    00000082     UsbCdc.obj (.text:CopyUsbToBuff)
                  0000e074    00000082     HAL_Dogs102x6.obj (.text:Dogs102x6_pixelDraw)
                  0000e0f6    00000082     UsbHid.obj (.text:HidCopyUsbToBuff)
                  0000e178    00000082     Settings.obj (.text:Version)
                  0000e1fa    00000082     rts430xl.lib : autoinit.obj (.text:_auto_init_hold_wdt)
                  0000e27c    00000082     usb.obj (.text:usbClearEndpointFeature)
                  0000e2fe    00000080     Settings.obj (.text:ContrastSetting)
                  0000e37e    0000007c     ff.obj (.text:dir_register)
                  0000e3fa    0000007a     HAL_Dogs102x6.obj (.text:Dogs102x6_stringDraw)
                  0000e474    00000078     HAL_Dogs102x6.obj (.text:Dogs102x6_init)
                  0000e4ec    00000078     UsbMscScsi.obj (.text:Scsi_Unknown_Request)
                  0000e564    00000076     SDCard.obj (.text:GetFile)
                  0000e5da    00000076     UsbCdc.obj (.text:Handler_SetLineCoding)
                  0000e650    00000074     Settings.obj (.text:BacklightSetting)
                  0000e6c4    00000074     fsm_transition.obj (.text:FSM_InitGame)
                  0000e738    00000074     UsbMscScsi.obj (.text:MscCopyUsbToBuff)
                  0000e7ac    00000074     usb.obj (.text:usbSendNextPacketOnIEP0)
                  0000e820    00000072     usb.obj (.text:usbGetEndpointStatus)
                  0000e892    0000006e     usbConstructs.obj (.text:cdcSendDataInBackground)
                  0000e900    0000006c     ff.obj (.text:dir_read)
                  0000e96c    0000006a     DemoApps.obj (.text:DemoApp)
                  0000e9d6    0000006a     UsbMscScsi.obj (.text:MscSendData)
                  0000ea40    0000006a     ff.obj (.text:dir_find)
                  0000eaaa    00000068     MenuGames.obj (.text:DrawImage)
                  0000eb12    00000068     MassStorageCommon.obj (.text:read_LUN0)
                  0000eb7a    00000066     HAL_Dogs102x6.obj (.text:Dogs102x6_setAddress)
                  0000ebe0    00000066     UsbCdc.obj (.text:usbGetLineCoding)
                  0000ec46    00000066     MassStorageCommon.obj (.text:write_LUN0)
                  0000ecac    00000064     Clock.obj (.text:DisplayDigitalClock)
                  0000ed10    00000064     fsm.obj (.text:FSM_Button)
                  0000ed74    00000064     fsm.obj (.text:FSM_Down)
                  0000edd8    00000064     fsm.obj (.text:FSM_Right)
                  0000ee3c    00000064     fsm.obj (.text:FSM_Up)
                  0000eea0    00000064     fsm.obj (.text:FSM_Win)
                  0000ef04    00000064     ff.obj (.text:f_readdir)
                  0000ef68    00000062     HAL_TLV.obj (.text:Get_TLV_Info)
                  0000efca    00000062     usb.obj (.text:USB_init)
                  0000f02c    00000060     HAL_Dogs102x6.obj (.text:Dogs102x6_clearRow)
                  0000f08c    00000060     UsbMscScsi.obj (.text:Msc_ResetStruct)
                  0000f0ec    00000060     Settings.obj (.text:Settings)
                  0000f14c    0000005e     HAL_Dogs102x6.obj (.text:Dogs102x6_clearScreen)
                  0000f1aa    0000005e     fsm_transition.obj (.text:FSM_StartGame)
                  0000f208    0000005c     fsm.obj (.text:FSM_Left)
                  0000f264    0000005a     LPM.obj (.text:DisablePorts)
                  0000f2be    0000005a     UsbMscScsi.obj (.text:Scsi_Mode_Sense10)
                  0000f318    0000005a     UsbMscScsi.obj (.text:Scsi_Mode_Sense6)
                  0000f372    0000005a     UsbMscScsi.obj (.text:Scsi_Verify_CBW)
                  0000f3cc    0000005a     MassStorageCommon.obj (.text:checkInsertionRemoval)
                  0000f426    0000005a     MassStorageCommon.obj (.text:msc_Init)
                  0000f480    00000058     HAL_Wheel.obj (.text:Wheel_getValue)
                  0000f4d8    00000058     rts430xl.lib : div32u.obj (.text)
                  0000f530    00000056     Clock.obj (.text:ClockMenu)
                  0000f586    00000054     MassStorageCommon.obj (.text:msc_Loop)
                  0000f5da    00000054     MenuGames.obj (.text:strrev)
                  0000f62e    00000054     mmc.obj (.text:xmit_datablock)
                  0000f682    00000050     UsbMscScsi.obj (.text:USBMSC_registerBufInfo)
                  0000f6d2    00000050     MenuGames.obj (.text:itoa)
                  0000f722    0000004e     HAL_Board.obj (.text:Board_ledOff)
                  0000f770    0000004e     HAL_Board.obj (.text:Board_ledOn)
                  0000f7be    0000004e     HAL_Board.obj (.text:Board_ledToggle)
                  0000f80c    0000004e     Puzzle.obj (.text:StartPuzzle)
                  0000f85a    0000004e     mmc.obj (.text:rcvr_datablock)
                  0000f8a8    0000004c     MenuGames.obj (.text:MenuGames)
                  0000f8f4    0000004c     UsbIsr.obj (.text:OEP0InterruptHandler)
                  0000f940    0000004c     usb.obj (.text:usbGetStringDescriptor)
                  0000f98c    0000004a     HAL_Cma3000.obj (.text:Cma3000_readRegister)
                  0000f9d6    0000004a     HAL_Cma3000.obj (.text:Cma3000_writeRegister)
                  0000fa20    0000004a     HAL_SDCard.obj (.text:SDCard_init)
                  0000fa6a    0000004a     SDCard.obj (.text:die)
                  0000fab4    00000048     HAL_Dogs102x6.obj (.text:Dogs102x6_clearImage)
                  0000fafc    00000048     HAL_Dogs102x6.obj (.text:Dogs102x6_stringDrawXY)
                  0000fb44    00000048     usb.obj (.text:usbReceiveNextPacketOnOEP0)
                  0000fb8c    00000046     Demo_Cube.obj (.text:Demo_Cube1)
                  0000fbd2    00000046     UsbMscReq.obj (.text:USBMSC_reset)
                  0000fc18    00000044     UsbIsr.obj (.text:SetupPacketInterruptHandler)
                  0000fc5c    00000044     usb.obj (.text:usbSetEndpointFeature)
                  0000fca0    00000044     usb.obj (.text:usbSetInterface)
                  0000fce4    00000042     MassStorageCommon.obj (.text:ClockUSB)
                  0000fd26    00000042     UsbIsr.obj (.text:PWRVBUSoffHandler)
                  0000fd68    00000040     UsbCdc.obj (.text:CdcResetData)
                  0000fda8    00000040     HAL_Cma3000.obj (.text:Cma3000_readAccel)
                  0000fde8    00000040     HAL_Dogs102x6.obj (.text:Dogs102x6_imageDraw)
                  0000fe28    00000040     HAL_Dogs102x6.obj (.text:Dogs102x6_writeCommand)
                  0000fe68    00000040     usbConstructs.obj (.text:cdcReceiveDataInBuffer)
                  0000fea8    00000040     rts430xl.lib : rand.obj (.text:rand)
                  0000fee8    0000003e     HAL_Dogs102x6.obj (.text:Dogs102x6_setBacklight)
                  0000ff26    0000003e     UsbMscScsi.obj (.text:USBMSC_getState)
                  0000ff64    0000001c     HAL_Dogs102x6.obj (.text:Dogs102x6_refresh)

.int00     0    0000ff80    00000002     
                  0000ff80    00000002     rts430xl.lib : int00.obj (.int00)

.int01     0    0000ff82    00000002     
                  0000ff82    00000002     rts430xl.lib : int01.obj (.int01)

.int02     0    0000ff84    00000002     
                  0000ff84    00000002     rts430xl.lib : int02.obj (.int02)

.int03     0    0000ff86    00000002     
                  0000ff86    00000002     rts430xl.lib : int03.obj (.int03)

.int04     0    0000ff88    00000002     
                  0000ff88    00000002     rts430xl.lib : int04.obj (.int04)

.int05     0    0000ff8a    00000002     
                  0000ff8a    00000002     rts430xl.lib : int05.obj (.int05)

.int06     0    0000ff8c    00000002     
                  0000ff8c    00000002     rts430xl.lib : int06.obj (.int06)

.int07     0    0000ff8e    00000002     
                  0000ff8e    00000002     rts430xl.lib : int07.obj (.int07)

.int08     0    0000ff90    00000002     
                  0000ff90    00000002     rts430xl.lib : int08.obj (.int08)

.int09     0    0000ff92    00000002     
                  0000ff92    00000002     rts430xl.lib : int09.obj (.int09)

.int10     0    0000ff94    00000002     
                  0000ff94    00000002     rts430xl.lib : int10.obj (.int10)

.int11     0    0000ff96    00000002     
                  0000ff96    00000002     rts430xl.lib : int11.obj (.int11)

.int12     0    0000ff98    00000002     
                  0000ff98    00000002     rts430xl.lib : int12.obj (.int12)

.int13     0    0000ff9a    00000002     
                  0000ff9a    00000002     rts430xl.lib : int13.obj (.int13)

.int14     0    0000ff9c    00000002     
                  0000ff9c    00000002     rts430xl.lib : int14.obj (.int14)

.int15     0    0000ff9e    00000002     
                  0000ff9e    00000002     rts430xl.lib : int15.obj (.int15)

.int16     0    0000ffa0    00000002     
                  0000ffa0    00000002     rts430xl.lib : int16.obj (.int16)

.int17     0    0000ffa2    00000002     
                  0000ffa2    00000002     rts430xl.lib : int17.obj (.int17)

.int18     0    0000ffa4    00000002     
                  0000ffa4    00000002     rts430xl.lib : int18.obj (.int18)

.int19     0    0000ffa6    00000002     
                  0000ffa6    00000002     rts430xl.lib : int19.obj (.int19)

.int20     0    0000ffa8    00000002     
                  0000ffa8    00000002     rts430xl.lib : int20.obj (.int20)

.int21     0    0000ffaa    00000002     
                  0000ffaa    00000002     rts430xl.lib : int21.obj (.int21)

.int22     0    0000ffac    00000002     
                  0000ffac    00000002     rts430xl.lib : int22.obj (.int22)

.int23     0    0000ffae    00000002     
                  0000ffae    00000002     rts430xl.lib : int23.obj (.int23)

.int24     0    0000ffb0    00000002     
                  0000ffb0    00000002     rts430xl.lib : int24.obj (.int24)

.int25     0    0000ffb2    00000002     
                  0000ffb2    00000002     rts430xl.lib : int25.obj (.int25)

.int26     0    0000ffb4    00000002     
                  0000ffb4    00000002     rts430xl.lib : int26.obj (.int26)

.int27     0    0000ffb6    00000002     
                  0000ffb6    00000002     rts430xl.lib : int27.obj (.int27)

.int28     0    0000ffb8    00000002     
                  0000ffb8    00000002     rts430xl.lib : int28.obj (.int28)

.int29     0    0000ffba    00000002     
                  0000ffba    00000002     rts430xl.lib : int29.obj (.int29)

.int30     0    0000ffbc    00000002     
                  0000ffbc    00000002     rts430xl.lib : int30.obj (.int30)

.int31     0    0000ffbe    00000002     
                  0000ffbe    00000002     rts430xl.lib : int31.obj (.int31)

.int32     0    0000ffc0    00000002     
                  0000ffc0    00000002     rts430xl.lib : int32.obj (.int32)

.int33     0    0000ffc2    00000002     
                  0000ffc2    00000002     rts430xl.lib : int33.obj (.int33)

.int34     0    0000ffc4    00000002     
                  0000ffc4    00000002     rts430xl.lib : int34.obj (.int34)

.int35     0    0000ffc6    00000002     
                  0000ffc6    00000002     rts430xl.lib : int35.obj (.int35)

.int36     0    0000ffc8    00000002     
                  0000ffc8    00000002     rts430xl.lib : int36.obj (.int36)

.int37     0    0000ffca    00000002     
                  0000ffca    00000002     rts430xl.lib : int37.obj (.int37)

.int38     0    0000ffcc    00000002     
                  0000ffcc    00000002     rts430xl.lib : int38.obj (.int38)

.int39     0    0000ffce    00000002     
                  0000ffce    00000002     rts430xl.lib : int39.obj (.int39)

.int40     0    0000ffd0    00000002     
                  0000ffd0    00000002     rts430xl.lib : int40.obj (.int40)

.int41     0    0000ffd2    00000002     
                  0000ffd2    00000002     Clock.obj (.int41)

.int42     0    0000ffd4    00000002     
                  0000ffd4    00000002     HAL_Buttons.obj (.int42)

.int43     0    0000ffd6    00000002     
                  0000ffd6    00000002     rts430xl.lib : int43.obj (.int43)

.int44     0    0000ffd8    00000002     
                  0000ffd8    00000002     Mouse.obj (.int44)

.int45     0    0000ffda    00000002     
                  0000ffda    00000002     rts430xl.lib : int45.obj (.int45)

.int46     0    0000ffdc    00000002     
                  0000ffdc    00000002     rts430xl.lib : int46.obj (.int46)

.int47     0    0000ffde    00000002     
                  0000ffde    00000002     HAL_Buttons.obj (.int47)

.int48     0    0000ffe0    00000002     
                  0000ffe0    00000002     rts430xl.lib : int48.obj (.int48)

.int49     0    0000ffe2    00000002     
                  0000ffe2    00000002     Puzzle.obj (.int49)

.int50     0    0000ffe4    00000002     
                  0000ffe4    00000002     rts430xl.lib : int50.obj (.int50)

.int51     0    0000ffe6    00000002     
                  0000ffe6    00000002     UsbIsr.obj (.int51)

.int52     0    0000ffe8    00000002     
                  0000ffe8    00000002     rts430xl.lib : int52.obj (.int52)

.int53     0    0000ffea    00000002     
                  0000ffea    00000002     rts430xl.lib : int53.obj (.int53)

.int54     0    0000ffec    00000002     
                  0000ffec    00000002     HAL_Wheel.obj (.int54)

.int55     0    0000ffee    00000002     
                  0000ffee    00000002     rts430xl.lib : int55.obj (.int55)

.int56     0    0000fff0    00000002     
                  0000fff0    00000002     rts430xl.lib : int56.obj (.int56)

.int57     0    0000fff2    00000002     
                  0000fff2    00000002     HAL_Buttons.obj (.int57)

.int58     0    0000fff4    00000002     
                  0000fff4    00000002     rts430xl.lib : int58.obj (.int58)

.int59     0    0000fff6    00000002     
                  0000fff6    00000002     rts430xl.lib : int59.obj (.int59)

.int60     0    0000fff8    00000002     
                  0000fff8    00000002     rts430xl.lib : int60.obj (.int60)

.int61     0    0000fffa    00000002     
                  0000fffa    00000002     DemoApps.obj (.int61)

.int62     0    0000fffc    00000002     
                  0000fffc    00000002     rts430xl.lib : int62.obj (.int62)

.reset     0    0000fffe    00000002     
                  0000fffe    00000002     rts430xl.lib : boot.obj (.reset)

.text.2    0    00010000    00001062     
                  00010000    0000003e     ff.obj (.text:clust2sect)
                  0001003e    0000003e     rts430xl.lib : lsl32.obj (.text:l_lsl_const)
                  0001007c    0000003e                  : lsr32.obj (.text:l_lsr_const)
                  000100ba    0000003c     UsbMscScsi.obj (.text:Scsi_Send_CSW)
                  000100f6    0000003c     Clock.obj (.text:SetupRTC)
                  00010132    0000003a     CTS_Layer.obj (.text:TI_CAPT_Buttons)
                  0001016c    0000003a     HAL_UCS.obj (.text:XT2_Start_Timeout)
                  000101a6    00000038     Clock.obj (.text:DigitalClockDraw)
                  000101de    00000038     Settings.obj (.text:LEDTest)
                  00010216    00000038     HAL_PMM.obj (.text:SetVCore)
                  0001024e    00000036     HAL_UCS.obj (.text:LFXT_Start)
                  00010284    00000036     HAL_SDCard.obj (.text:SDCard_readFrame)
                  000102ba    00000036     HAL_Wheel.obj (.text:Wheel_getPosition)
                  000102f0    00000032     UsbCdc.obj (.text:CdcIsReceiveInProgress)
                  00010322    00000032     HAL_Dogs102x6.obj (.text:Dogs102x6_setContrast)
                  00010354    00000032     UsbHid.obj (.text:HidIsReceiveInProgress)
                  00010386    00000032     HAL_UCS.obj (.text:Init_FLL_Settle)
                  000103b8    00000032     UsbMscScsi.obj (.text:Scsi_Read_Capacity10)
                  000103ea    00000032     usb.obj (.text:USB_connectionInfo)
                  0001041c    00000032     usb.obj (.text:USB_suspend)
                  0001044e    00000032     mmc.obj (.text:wait_ready)
                  00010480    00000030     HAL_Dogs102x6.obj (.text:Dogs102x6_backlightInit)
                  000104b0    00000030     UsbMscStateMachine.obj (.text:Msc_ResetStateMachine)
                  000104e0    00000030     UsbIsr.obj (.text:PWRVBUSonHandler)
                  00010510    00000030     mmc.obj (.text:detectCard)
                  00010540    00000030     UsbHidReq.obj (.text:usbSetReport)
                  00010570    0000002e     Clock.obj (.text:DisplayAnalogClock)
                  0001059e    0000002e     UsbHid.obj (.text:HidResetData)
                  000105cc    0000002e     UsbMscScsi.obj (.text:MscResetData)
                  000105fa    0000002e     HAL_UCS.obj (.text:XT2_Start)
                  00010628    0000002e     ff.obj (.text:f_mount)
                  00010656    0000002e     UsbMscScsi.obj (.text:usbStallEndpoint)
                  00010684    0000002c     HAL_SDCard.obj (.text:SDCard_sendFrame)
                  000106b0    0000002c     dma.obj (.text:memcpyDMA0)
                  000106dc    0000002c     rts430xl.lib : div16s.obj (.text)
                  00010708    0000002c     usb.obj (.text:usbGetDeviceStatus)
                  00010734    0000002c     ff.obj (.text:validate)
                  00010760    0000002a     rts430xl.lib : memcpy.obj (.text:memcpy)
                  0001078a    0000002a     UsbHidReq.obj (.text:usbGetIdle)
                  000107b4    0000002a     UsbHidReq.obj (.text:usbSetIdle)
                  000107de    00000028     UsbMscScsi.obj (.text:SET_RequestsenseMediaNotPresent)
                  00010806    00000028     UsbMscScsi.obj (.text:SET_RequestsenseNotReady)
                  0001082e    00000028     UsbMscScsi.obj (.text:Scsi_Report_Luns)
                  00010856    00000028     dma.obj (.text:USB_initMemcpy)
                  0001087e    00000026     HAL_Wheel.obj (.text:Wheel_init)
                  000108a4    00000026     UsbHidReq.obj (.text:usbGetReport)
                  000108ca    00000026     UsbHidReq.obj (.text:usbGetReportDescriptor)
                  000108f0    00000026     UsbHidReq.obj (.text:usbSetProtocol)
                  00010916    00000024     HAL_Cma3000.obj (.text:Cma3000_disable)
                  0001093a    00000024     HAL_Dogs102x6.obj (.text:Dogs102x6_disable)
                  0001095e    00000024     Random.obj (.text:RandomAddEntropy)
                  00010982    00000024     UsbHidReq.obj (.text:usbGetHidDescriptor)
                  000109a6    00000022     5xx_ACTIVE_test.obj (.text)
                  000109c8    00000022     usb.obj (.text:USB_disable)
                  000109ea    00000022     rts430xl.lib : mult32_f5hw.obj (.text)
                  00010a0c    00000022     usb.obj (.text:usbSetAddress)
                  00010a2e    00000020     fsm_transition.obj (.text:FSM_PushDown)
                  00010a4e    00000020     fsm_transition.obj (.text:FSM_PushRight)
                  00010a6e    00000020     fsm_transition.obj (.text:FSM_PushUp)
                  00010a8e    00000020     mmc.obj (.text:disk_status)
                  00010aae    00000020     rts430xl.lib : memset.obj (.text:memset)
                  00010ace    00000020     usb.obj (.text:usbSendDataPacketOnEP0)
                  00010aee    00000020     usb.obj (.text:usbSetConfiguration)
                  00010b0e    0000001e     ff.obj (.text:mem_cmp)
                  00010b2c    0000001e     usb.obj (.text:usbGetInterface)
                  00010b4a    0000001e     usb.obj (.text:usbGetInterfaceStatus)
                  00010b68    0000001c     UsbIsr.obj (.text:IEP0InterruptHandler)
                  00010b84    0000001a     fsm_transition.obj (.text:FSM_PushLeft)
                  00010b9e    0000001a     UsbMscReq.obj (.text:Get_MaxLUN)
                  00010bb8    0000001a     usb.obj (.text:USB_connect)
                  00010bd2    0000001a     rts430xl.lib : mult1632_f5hw.obj (.text:__mpyul)
                  00010bec    0000001a     usb.obj (.text:usbClearDeviceFeature)
                  00010c06    0000001a     usb.obj (.text:usbDisableInEndpointInterrupt)
                  00010c20    0000001a     usb.obj (.text:usbDisableOutEndpointInterrupt)
                  00010c3a    0000001a     usb.obj (.text:usbSetDeviceFeature)
                  00010c54    00000018     HAL_Cma3000.obj (.text:Cma3000_readAccel_offset)
                  00010c6c    00000018     usb.obj (.text:USB_resume)
                  00010c84    00000018     mmc.obj (.text:select)
                  00010c9c    00000018     UsbMscScsi.obj (.text:usbStallOutEndpoint)
                  00010cb4    00000016     HAL_Dogs102x6.obj (.text:Dogs102x6_clearInverseDisplay)
                  00010cca    00000016     HAL_Dogs102x6.obj (.text:Dogs102x6_setInverseDisplay)
                  00010ce0    00000016     fsm_transition.obj (.text:FSM_StopGame)
                  00010cf6    00000016     UsbMscScsi.obj (.text:Scsi_Test_Unit_Ready)
                  00010d0c    00000016     ff.obj (.text:chk_chr)
                  00010d22    00000016     ff.obj (.text:f_close)
                  00010d38    00000016     rts430xl.lib : div16u.obj (.text)
                  00010d4e    00000016                  : mult16_f5hw.obj (.text)
                  00010d64    00000016                  : rand.obj (.text:srand)
                  00010d7a    00000016     usb.obj (.text:usbGetConfigurationDescriptor)
                  00010d90    00000016     usb.obj (.text:usbGetDeviceDescriptor)
                  00010da6    00000016     UsbHidReq.obj (.text:usbGetProtocol)
                  00010dbc    00000014     Puzzle.obj (.text:TimerA1Init)
                  00010dd0    00000014     usbEventHandling.obj (.text:USB_handleVbusOnEvent)
                  00010de4    00000014     ff.obj (.text:mem_set)
                  00010df8    00000014     UsbMscScsi.obj (.text:usbClearOEPByteCount)
                  00010e0c    00000014     usb.obj (.text:usbGetConfiguration)
                  00010e20    00000014     UsbCdc.obj (.text:usbSetControlLineState)
                  00010e34    00000014     UsbMscScsi.obj (.text:usbStallInEndpoint)
                  00010e48    00000012     HAL_Buttons.obj (.text:Buttons_interruptEnable)
                  00010e5a    00000012     HAL_SDCard.obj (.text:SDCard_fastMode)
                  00010e6c    00000012     mmc.obj (.text:deselect)
                  00010e7e    00000012     ff.obj (.text:mem_cpy)
                  00010e90    00000012     rts430xl.lib : rotl32.obj (.text)
                  00010ea2    00000012     usb.obj (.text:usbReceiveDataPacketOnEP0)
                  00010eb4    00000010     HAL_Buttons.obj (.text:Buttons_startWDT)
                  00010ec4    00000010     CTS_Layer.obj (.text:TI_CAPT_Init_Baseline)
                  00010ed4    00000010     Puzzle.obj (.text:TimerA1Stop)
                  00010ee4    00000010     HAL_Wheel.obj (.text:Wheel_disable)
                  00010ef4    00000010     HAL_Wheel.obj (.text:Wheel_enable)
                  00010f04    00000010     rts430xl.lib : lsl32.obj (.text:l_lsl)
                  00010f14    0000000e     HAL_Buttons.obj (.text:Buttons_init)
                  00010f22    0000000e     HAL_Cma3000.obj (.text:Cma3000_setAccel_offset)
                  00010f30    0000000e     CTS_Layer.obj (.text:TI_CAPT_Raw)
                  00010f3e    0000000e     usb.obj (.text:usbInvalidRequest)
                  00010f4c    0000000e     usb.obj (.text:usbSendZeroLengthPacketOnIEP0)
                  00010f5a    0000000c     UsbMscScsi.obj (.text:MscResetCtrlLun)
                  00010f66    0000000c     UsbCdc.obj (.text:usbSetLineCoding)
                  00010f72    0000000a     system_pre_init.obj (.text:_system_pre_init)
                  00010f7c    0000000a     mmc.obj (.text:get_fattime)
                  00010f86    0000000a     rts430xl.lib : asr16.obj (.text)
                  00010f90    0000000a                  : lsl16.obj (.text)
                  00010f9a    0000000a                  : lsr16.obj (.text)
                  00010fa4    0000000a     usb.obj (.text:usbStallEndpoint0)
                  00010fae    00000008     HAL_SDCard.obj (.text:SDCard_setCSHigh)
                  00010fb6    00000008     HAL_SDCard.obj (.text:SDCard_setCSLow)
                  00010fbe    00000008     usb.obj (.text:USB_setEnabledEvents)
                  00010fc6    00000006     HAL_Dogs102x6.obj (.text:Dogs102x6_getBacklight)
                  00010fcc    00000006     HAL_Dogs102x6.obj (.text:Dogs102x6_getContrast)
                  00010fd2    00000006     fsm.obj (.text:FSM_Init)
                  00010fd8    00000006     UsbMscScsi.obj (.text:Msc_ResetFlags)
                  00010fde    00000006     UsbMscScsi.obj (.text:USBMSC_fetchInfoStruct)
                  00010fe4    00000006     usb.obj (.text:USB_getVersion)
                  00010fea    00000006     rts430xl.lib : isr_trap.obj (.text:__TI_ISR_TRAP)
                  00010ff0    00000006     usb.obj (.text:usbClearOEP0ByteCount)
                  00010ff6    00000006     usb.obj (.text:usbRestoreInEndpointInterrupt)
                  00010ffc    00000006     usb.obj (.text:usbRestoreOutEndpointInterrupt)
                  00011002    00000006     usb.obj (.text:usbStallOEP0)
                  00011008    00000004     usbEventHandling.obj (.text:USBCDC_handleDataReceived)
                  0001100c    00000004     usbEventHandling.obj (.text:USBCDC_handleReceiveCompleted)
                  00011010    00000004     usbEventHandling.obj (.text:USBCDC_handleSendCompleted)
                  00011014    00000004     usbEventHandling.obj (.text:USBCDC_handleSetControlLineState)
                  00011018    00000004     usbEventHandling.obj (.text:USBCDC_handleSetLineCoding)
                  0001101c    00000004     usbEventHandling.obj (.text:USBHID_handleBootProtocol)
                  00011020    00000004     usbEventHandling.obj (.text:USBHID_handleDataReceived)
                  00011024    00000004     usbEventHandling.obj (.text:USBHID_handleGetReport)
                  00011028    00000004     usbEventHandling.obj (.text:USBHID_handleReceiveCompleted)
                  0001102c    00000004     usbEventHandling.obj (.text:USBHID_handleSendCompleted)
                  00011030    00000004     usbEventHandling.obj (.text:USBHID_handleSetReport)
                  00011034    00000004     usbEventHandling.obj (.text:USBHID_handleSetReportDataAvailable)
                  00011038    00000004     usbEventHandling.obj (.text:USBMSC_handleBufferEvent)
                  0001103c    00000004     usbEventHandling.obj (.text:USB_handleClockEvent)
                  00011040    00000004     usbEventHandling.obj (.text:USB_handleEnumCompleteEvent)
                  00011044    00000004     usbEventHandling.obj (.text:USB_handleResetEvent)
                  00011048    00000004     usbEventHandling.obj (.text:USB_handleResumeEvent)
                  0001104c    00000004     usbEventHandling.obj (.text:USB_handleSuspendEvent)
                  00011050    00000004     usbEventHandling.obj (.text:USB_handleVbusOffEvent)
                  00011054    00000004     rts430xl.lib : exit.obj (.text:abort)
                  00011058    00000004     mmc.obj (.text:rcvr_mmc)
                  0001105c    00000004     mmc.obj (.text:xmit_mmc)
                  00011060    00000002     rts430xl.lib : _lock.obj (.text:_nop)

.const     0    00011062    00002873     
                  00011062    00000438     Demo_Cube.obj (.const:FIXED_SIN)
                  0001149a    00000332     Settings.obj (.const:.string:TIusb)
                  000117cc    00000332     Clock.obj (.const:.string:digitalWatch)
                  00011afe    000002cc     MenuGames.obj (.const:.string:image)
                  00011dca    00000294     MassStorage.obj (.const:.string:usbDrive)
                  0001205e    0000024c     HAL_Dogs102x6.obj (.const:.string:FONT6x8)
                  000122aa    00000212     UserExperience.obj (.const:.string:tiBug)
                  000124bc    00000196     descriptors.obj (.const:tUsbRequestList)
                  00012652    0000018c     fsm.obj (.const:StateTable)
                  000127de    00000132     Settings.obj (.const:.string)
                  00012910    00000122     Settings.obj (.const:.string:sunglasses)
                  00012a32    00000122     SDCard.obj (.const:.string:warningSign)
                  00012b54    00000120     Demo_Cube.obj (.const:Cube3D)
                  00012c74    00000112     MenuGames.obj (.const:.string)
                  00012d86    00000104     PowerTest.obj (.const:.string)
                  00012e8a    000000f4     descriptors.obj (.const:.string:abromStringDescriptor)
                  00012f7e    000000c2     Settings.obj (.const:.string:lightbulb)
                  00013040    000000aa     LPM.obj (.const:.string)
                  000130ea    000000a6     DemoApps.obj (.const:.string)
                  00013190    00000092     PMM.obj (.const:.string)
                  00013222    00000082     Clock.obj (.const:.string:alarmClock)
                  000132a4    00000082     fsm_transition.obj (.const:.string)
                  00013326    00000082     Mouse.obj (.const:.string:mouseImage)
                  000133a8    00000082     descriptors.obj (.const)
                  0001342a    00000076     UserExperience.obj (.const:.string)
                  000134a0    0000006c     Demo_Cube.obj (.const:.string)
                  0001350c    0000004a     structure.obj (.const)
                  00013556    00000048     Clock.obj (.const:.string)
                  0001359e    00000048     Mouse.obj (.const:.string)
                  000135e6    00000040     Clock.obj (.const:.string:cos)
                  00013626    00000034     descriptors.obj (.const:.string:report_desc_HID0)
                  0001365a    00000030     descriptors.obj (.const:stUsbHandle)
                  0001368a    0000002c     SDCard.obj (.const:.string)
                  000136b6    00000024     EchoUsb.obj (.const:.string)
                  000136da    00000024     UsbMscScsi.obj (.const:.string:bScsi_Standard_Inquiry_Data)
                  000136fe    00000020     usb.obj (.const:.string)
                  0001371e    00000020     Settings.obj (.const:AccelCalibrateText$1)
                  0001373e    00000020     PMM.obj (.const:menuTextCol2)
                  0001375e    0000001c     UserExperience.obj (.const:mainMenu)
                  0001377a    0000001c     DemoApps.obj (.const:usbMenuText)
                  00013796    00000018     MenuGames.obj (.const:Game_explosion)
                  000137ae    00000018     LPM.obj (.const:lpmMenuText)
                  000137c6    00000018     Settings.obj (.const:settingsMenuText)
                  000137de    00000014     PMM.obj (.const:menuTextCol1)
                  000137f2    00000012     MassStorage.obj (.const:.string)
                  00013804    00000012     descriptors.obj (.const:.string:abromDeviceDescriptor)
                  00013816    00000012     fsm_transition.obj (.const:GamePos)
                  00013828    00000010     ff.obj (.const:.string)
                  00013838    00000010     UsbMscScsi.obj (.const)
                  00013848    00000010     Clock.obj (.const:clockMenuText)
                  00013858    00000010     MenuGames.obj (.const:gameMenuText)
                  00013868    00000010     Mouse.obj (.const:usbMouseText)
                  00013878    0000000c     PowerTest.obj (.const:powerMenuText)
                  00013884    0000000a     MenuGames.obj (.const:.string:Game_ship)
                  0001388e    00000009     MenuGames.obj (.const:.string:Game_explosion4)
                  00013897    00000001     --HOLE-- [fill = 0]
                  00013898    00000008     MenuGames.obj (.const:.string:Game_mine2)
                  000138a0    00000007     MenuGames.obj (.const:.string:Game_explosion3)
                  000138a7    00000001     --HOLE-- [fill = 0]
                  000138a8    00000006     MenuGames.obj (.const:.string:Game_mine1)
                  000138ae    00000005     MenuGames.obj (.const:.string:Game_explosion2)
                  000138b3    00000001     --HOLE-- [fill = 0]
                  000138b4    00000004     PMM.obj (.const:.string:MAX_MCLK_ALLOWED)
                  000138b8    00000004     descriptors.obj (.const:report_desc)
                  000138bc    00000003     Clock.obj (.const:.string:$P$T0$1)
                  000138bf    00000001     --HOLE-- [fill = 0]
                  000138c0    00000003     PowerTest.obj (.const:.string:$P$T0$1)
                  000138c3    00000001     --HOLE-- [fill = 0]
                  000138c4    00000003     MenuGames.obj (.const:.string:Game_explosion1)
                  000138c7    00000001     --HOLE-- [fill = 0]
                  000138c8    00000002     HAL_Dogs102x6.obj (.const:.string:$P$T1$2)
                  000138ca    00000002     MassStorageCommon.obj (.const)
                  000138cc    00000001     HAL_Dogs102x6.obj (.const:.string:$P$T0$1)
                  000138cd    00000001     --HOLE-- [fill = 0]
                  000138ce    00000001     HAL_Dogs102x6.obj (.const:.string:$P$T2$3)
                  000138cf    00000001     --HOLE-- [fill = 0]
                  000138d0    00000001     HAL_Dogs102x6.obj (.const:.string:$P$T3$4)
                  000138d1    00000001     --HOLE-- [fill = 0]
                  000138d2    00000001     descriptors.obj (.const:.string:report_desc_size)
                  000138d3    00000001     --HOLE-- [fill = 0]
                  000138d4    00000001     descriptors.obj (.const:.string:report_len_input)


GLOBAL SYMBOLS: SORTED ALPHABETICALLY BY Name 

address    name
--------   ----
00002400   .bss
ffffffff   .text
000109a6   ACTIVE_MODE_TEST
00000700   ADC12CTL0
00000701   ADC12CTL0_H
00000700   ADC12CTL0_L
00000702   ADC12CTL1
00000703   ADC12CTL1_H
00000702   ADC12CTL1_L
00000704   ADC12CTL2
00000705   ADC12CTL2_H
00000704   ADC12CTL2_L
0000070c   ADC12IE
0000070d   ADC12IE_H
0000070c   ADC12IE_L
0000070a   ADC12IFG
0000070b   ADC12IFG_H
0000070a   ADC12IFG_L
0000070e   ADC12IV
0000070f   ADC12IV_H
0000070e   ADC12IV_L
00000710   ADC12MCTL0
00000711   ADC12MCTL1
0000071a   ADC12MCTL10
0000071b   ADC12MCTL11
0000071c   ADC12MCTL12
0000071d   ADC12MCTL13
0000071e   ADC12MCTL14
0000071f   ADC12MCTL15
00000712   ADC12MCTL2
00000713   ADC12MCTL3
00000714   ADC12MCTL4
00000715   ADC12MCTL5
00000716   ADC12MCTL6
00000717   ADC12MCTL7
00000718   ADC12MCTL8
00000719   ADC12MCTL9
00000720   ADC12MEM0
00000721   ADC12MEM0_H
00000720   ADC12MEM0_L
00000722   ADC12MEM1
00000734   ADC12MEM10
00000735   ADC12MEM10_H
00000734   ADC12MEM10_L
00000736   ADC12MEM11
00000737   ADC12MEM11_H
00000736   ADC12MEM11_L
00000738   ADC12MEM12
00000739   ADC12MEM12_H
00000738   ADC12MEM12_L
0000073a   ADC12MEM13
0000073b   ADC12MEM13_H
0000073a   ADC12MEM13_L
0000073c   ADC12MEM14
0000073d   ADC12MEM14_H
0000073c   ADC12MEM14_L
0000073e   ADC12MEM15
0000073f   ADC12MEM15_H
0000073e   ADC12MEM15_L
00000723   ADC12MEM1_H
00000722   ADC12MEM1_L
00000724   ADC12MEM2
00000725   ADC12MEM2_H
00000724   ADC12MEM2_L
00000726   ADC12MEM3
00000727   ADC12MEM3_H
00000726   ADC12MEM3_L
00000728   ADC12MEM4
00000729   ADC12MEM4_H
00000728   ADC12MEM4_L
0000072a   ADC12MEM5
0000072b   ADC12MEM5_H
0000072a   ADC12MEM5_L
0000072c   ADC12MEM6
0000072d   ADC12MEM6_H
0000072c   ADC12MEM6_L
0000072e   ADC12MEM7
0000072f   ADC12MEM7_H
0000072e   ADC12MEM7_L
00000730   ADC12MEM8
00000731   ADC12MEM8_H
00000730   ADC12MEM8_L
00000732   ADC12MEM9
00000733   ADC12MEM9_H
00000732   ADC12MEM9_L
00004764   ADC12_ISR
00003c68   ActState
0000d290   ActiveDirectory
0000ae0c   ActiveFile
0000b740   AnalogClockDrawHand
0000d072   AnalogClockInit
00008a04   AnalogClockUpdate
000138ca   BYTES_PER_BLOCK
0000e650   BacklightSetting
0000c1b6   Board_init
0000f722   Board_ledOff
0000f770   Board_ledOn
0000f7be   Board_ledToggle
00010f14   Buttons_init
00010e48   Buttons_interruptEnable
00010eb4   Buttons_startWDT
00011054   C$$EXIT
000008c0   CBCTL0
000008c1   CBCTL0_H
000008c0   CBCTL0_L
000008c2   CBCTL1
000008c3   CBCTL1_H
000008c2   CBCTL1_L
000008c4   CBCTL2
000008c5   CBCTL2_H
000008c4   CBCTL2_L
000008c6   CBCTL3
000008c7   CBCTL3_H
000008c6   CBCTL3_L
000008cc   CBINT
000008cd   CBINT_H
000008cc   CBINT_L
000008ce   CBIV
00000150   CRCDI
00000152   CRCDIRB
00000153   CRCDIRB_H
00000152   CRCDIRB_L
00000151   CRCDI_H
00000150   CRCDI_L
00000154   CRCINIRES
00000155   CRCINIRES_H
00000154   CRCINIRES_L
00000156   CRCRESR
00000157   CRCRESR_H
00000156   CRCRESR_L
0000dca8   CalibrateAccel
000090f2   CapDemo
0000c6e4   CapLED
000102f0   CdcIsReceiveInProgress
0000fd68   CdcResetData
0000b1a0   CdcToBufferFromHost
000095b6   CdcToHostFromBuffer
0000c966   Check_CBW
0000c7ba   ClearTempData
0000f530   ClockMenu
0000fce4   ClockUSB
00003bc6   ClockX
00003bc5   ClockY
00010916   Cma3000_disable
0000da54   Cma3000_init
0000fda8   Cma3000_readAccel
00010c54   Cma3000_readAccel_offset
0000f98c   Cma3000_readRegister
00010f22   Cma3000_setAccel_offset
0000f9d6   Cma3000_writeRegister
00003c2a   Cma3000_xAccel
00003c2d   Cma3000_xAccel_offset
00003c2b   Cma3000_yAccel
00003c2e   Cma3000_yAccel_offset
00003c2c   Cma3000_zAccel
00003c2f   Cma3000_zAccel_offset
0000e2fe   ContrastSetting
0000dff2   CopyUsbToBuff
00012b54   Cube3D
00000510   DMA0CTL
00000511   DMA0CTL_H
00000510   DMA0CTL_L
00000516   DMA0DA
00000516   DMA0DAL
00000512   DMA0SA
00000512   DMA0SAL
0000051a   DMA0SZ
00000520   DMA1CTL
00000521   DMA1CTL_H
00000520   DMA1CTL_L
00000526   DMA1DA
00000526   DMA1DAL
00000522   DMA1SA
00000522   DMA1SAL
0000052a   DMA1SZ
00000530   DMA2CTL
00000531   DMA2CTL_H
00000530   DMA2CTL_L
00000536   DMA2DA
00000536   DMA2DAL
00000532   DMA2SA
00000532   DMA2SAL
0000053a   DMA2SZ
00000500   DMACTL0
00000501   DMACTL0_H
00000500   DMACTL0_L
00000502   DMACTL1
00000503   DMACTL1_H
00000502   DMACTL1_L
00000504   DMACTL2
00000505   DMACTL2_H
00000504   DMACTL2_L
00000506   DMACTL3
00000507   DMACTL3_H
00000506   DMACTL3_L
00000508   DMACTL4
00000509   DMACTL4_H
00000508   DMACTL4_L
0000050e   DMAIV
0000050f   DMAIV_H
0000050e   DMAIV_L
00002eb0   DataCnt
0000e96c   DemoApp
0000ca3a   Demo_Cube
0000fb8c   Demo_Cube1
000101a6   DigitalClockDraw
0000b94c   DigitalClockUpdate
0000f264   DisablePorts
00010570   DisplayAnalogClock
0000ecac   DisplayDigitalClock
00010480   Dogs102x6_backlightInit
0000df68   Dogs102x6_charDraw
0000a920   Dogs102x6_charDrawXY
0000a3e0   Dogs102x6_circleDraw
0000fab4   Dogs102x6_clearImage
00010cb4   Dogs102x6_clearInverseDisplay
0000f02c   Dogs102x6_clearRow
0000f14c   Dogs102x6_clearScreen
0001093a   Dogs102x6_disable
00010fc6   Dogs102x6_getBacklight
00010fcc   Dogs102x6_getContrast
0000cd6e   Dogs102x6_horizontalLineDraw
0000fde8   Dogs102x6_imageDraw
0000e474   Dogs102x6_init
000033fc   Dogs102x6_initMacro
0000ab9e   Dogs102x6_lineDraw
0000e074   Dogs102x6_pixelDraw
0000ff64   Dogs102x6_refresh
0000eb7a   Dogs102x6_setAddress
0000fee8   Dogs102x6_setBacklight
00010322   Dogs102x6_setContrast
00010cca   Dogs102x6_setInverseDisplay
0000e3fa   Dogs102x6_stringDraw
0000fafc   Dogs102x6_stringDrawXY
0000973e   Dogs102x6_verticalLineDraw
0000fe28   Dogs102x6_writeCommand
0000d3f0   Dogs102x6_writeData
0000d340   Dominant_Element
00008d8e   DrawCube
0000d49e   DrawExplosions
0000eaaa   DrawImage
0000be16   DrawShip
0000acd6   EchoUSB
00000140   FCTL1
00000141   FCTL1_H
00000140   FCTL1_L
00000144   FCTL3
00000145   FCTL3_H
00000144   FCTL3_L
00000146   FCTL4
00000147   FCTL4_H
00000146   FCTL4_L
00011062   FIXED_SIN
0000ed10   FSM_Button
0000ed74   FSM_Down
00010fd2   FSM_Init
0000e6c4   FSM_InitGame
0000f208   FSM_Left
00010a2e   FSM_PushDown
00010b84   FSM_PushLeft
00010a4e   FSM_PushRight
00010a6e   FSM_PushUp
0000edd8   FSM_Right
0000f1aa   FSM_StartGame
00010ce0   FSM_StopGame
0000ee3c   FSM_Up
0000eea0   FSM_Win
00003c1e   GameData
00013816   GamePos
00013796   Game_explosion
000138c4   Game_explosion1
000138ae   Game_explosion2
000138a0   Game_explosion3
0001388e   Game_explosion4
000138a8   Game_mine1
00013898   Game_mine2
00013884   Game_ship
0000af40   GetDirectory
0000e564   GetFile
00010b9e   Get_MaxLUN
0000ef68   Get_TLV_Info
0000e5da   Handler_SetLineCoding
0000e0f6   HidCopyUsbToBuff
00010354   HidIsReceiveInProgress
0001059e   HidResetData
0000a128   HidToBufferFromHost
00009fca   HidToHostFromBuffer
00010b68   IEP0InterruptHandler
00003c60   INS
00010f86   I_ASR
00010f90   I_LSL
00010f9a   I_LSR
0000bc3a   Init_FLL
00010386   Init_FLL_Settle
000101de   LEDTest
0001024e   LFXT_Start
00010f04   L_LSL
00010076   L_LSL_1
00010052   L_LSL_10
0001004e   L_LSL_11
0001004a   L_LSL_12
00010046   L_LSL_13
00010042   L_LSL_14
0001003e   L_LSL_15
00010072   L_LSL_2
0001006e   L_LSL_3
0001006a   L_LSL_4
00010066   L_LSL_5
00010062   L_LSL_6
0001005e   L_LSL_7
0001005a   L_LSL_8
00010056   L_LSL_9
000100b4   L_LSR_1
00010090   L_LSR_10
0001008c   L_LSR_11
00010088   L_LSR_12
00010084   L_LSR_13
00010080   L_LSR_14
0001007c   L_LSR_15
000100b0   L_LSR_2
000100ac   L_LSR_3
000100a8   L_LSR_4
000100a4   L_LSR_5
000100a0   L_LSR_6
0001009c   L_LSR_7
00010098   L_LSR_8
00010094   L_LSR_9
00010e90   L_ROTL
00006296   LaunchpadDef
0000ce32   LowPowerMode0
0000c29a   LowPowerMode3
0000b846   LowPowerMode4
000004c4   MAC
000004da   MAC32H
000004db   MAC32H_H
000004da   MAC32H_L
000004d8   MAC32L
000004d9   MAC32L_H
000004d8   MAC32L_L
000004c6   MACS
000004de   MACS32H
000004df   MACS32H_H
000004de   MACS32H_L
000004dc   MACS32L
000004dd   MACS32L_H
000004dc   MACS32L_L
000004c7   MACS_H
000004c6   MACS_L
000004c5   MAC_H
000004c4   MAC_L
000004c0   MPY
000004ec   MPY32CTL0
000004ed   MPY32CTL0_H
000004ec   MPY32CTL0_L
000004d2   MPY32H
000004d3   MPY32H_H
000004d2   MPY32H_L
000004d0   MPY32L
000004d1   MPY32L_H
000004d0   MPY32L_L
000004c2   MPYS
000004d6   MPYS32H
000004d7   MPYS32H_H
000004d6   MPYS32H_L
000004d4   MPYS32L
000004d5   MPYS32L_H
000004d4   MPYS32L_L
000004c3   MPYS_H
000004c2   MPYS_L
000004c1   MPY_H
000004c0   MPY_L
000066d4   MSCFromHostToBuffer
0000726a   MSCToHostFromBuffer
0000cef6   MassStorage
000036ce   McsCbw
000036ee   McsCsw
00008f44   MeasurementMode
0000f8a8   MenuGames
0000d548   MenuLPM
000079c2   MenuPMMMCLK
0000d734   Menu_active
0000a690   Mouse
0000369a   MscControl
0000e738   MscCopyUsbToBuff
0000367c   MscReadControl
00010f5a   MscResetCtrlLun
000105cc   MscResetData
0000e9d6   MscSendData
000036fc   MscState
0000365a   MscWriteControl
00010fd8   Msc_ResetFlags
000104b0   Msc_ResetStateMachine
0000f08c   Msc_ResetStruct
0000f8f4   OEP0InterruptHandler
000004c8   OP2
000004e2   OP2H
000004e3   OP2H_H
000004e2   OP2H_L
000004e0   OP2L
000004e1   OP2L_H
000004e0   OP2L_L
000004c9   OP2_H
000004c8   OP2_L
0000020e   P1IV
0000021e   P2IV
000001e0   P4MAP01
000001e1   P4MAP01_H
000001e0   P4MAP01_L
000001e2   P4MAP23
000001e3   P4MAP23_H
000001e2   P4MAP23_L
000001e4   P4MAP45
000001e5   P4MAP45_H
000001e4   P4MAP45_L
000001e6   P4MAP67
000001e7   P4MAP67_H
000001e6   P4MAP67_L
00000204   PADIR
00000205   PADIR_H
00000204   PADIR_L
00000208   PADS
00000209   PADS_H
00000208   PADS_L
0000021a   PAIE
00000218   PAIES
00000219   PAIES_H
00000218   PAIES_L
0000021b   PAIE_H
0000021a   PAIE_L
0000021c   PAIFG
0000021d   PAIFG_H
0000021c   PAIFG_L
00000200   PAIN
00000201   PAIN_H
00000200   PAIN_L
00000202   PAOUT
00000203   PAOUT_H
00000202   PAOUT_L
00000206   PAREN
00000207   PAREN_H
00000206   PAREN_L
0000020a   PASEL
0000020b   PASEL_H
0000020a   PASEL_L
00000224   PBDIR
00000225   PBDIR_H
00000224   PBDIR_L
00000228   PBDS
00000229   PBDS_H
00000228   PBDS_L
00000220   PBIN
00000221   PBIN_H
00000220   PBIN_L
00000222   PBOUT
00000223   PBOUT_H
00000222   PBOUT_L
00000226   PBREN
00000227   PBREN_H
00000226   PBREN_L
0000022a   PBSEL
0000022b   PBSEL_H
0000022a   PBSEL_L
00000244   PCDIR
00000245   PCDIR_H
00000244   PCDIR_L
00000248   PCDS
00000249   PCDS_H
00000248   PCDS_L
00000240   PCIN
00000241   PCIN_H
00000240   PCIN_L
00000242   PCOUT
00000243   PCOUT_H
00000242   PCOUT_L
00000246   PCREN
00000247   PCREN_H
00000246   PCREN_L
0000024a   PCSEL
0000024b   PCSEL_H
0000024a   PCSEL_L
00000264   PDDIR
00000265   PDDIR_H
00000264   PDDIR_L
00000268   PDDS
00000269   PDDS_H
00000268   PDDS_L
00000260   PDIN
00000261   PDIN_H
00000260   PDIN_L
00000262   PDOUT
00000263   PDOUT_H
00000262   PDOUT_L
00000266   PDREN
00000267   PDREN_H
00000266   PDREN_L
0000026a   PDSEL
0000026b   PDSEL_H
0000026a   PDSEL_L
00000324   PJDIR
00000325   PJDIR_H
00000324   PJDIR_L
00000328   PJDS
00000329   PJDS_H
00000328   PJDS_L
00000320   PJIN
00000321   PJIN_H
00000320   PJIN_L
00000322   PJOUT
00000323   PJOUT_H
00000322   PJOUT_L
00000326   PJREN
00000327   PJREN_H
00000326   PJREN_L
00000130   PM5CTL0
00000131   PM5CTL0_H
00000130   PM5CTL0_L
000001c2   PMAPCTL
000001c3   PMAPCTL_H
000001c2   PMAPCTL_L
000001c0   PMAPKEYID
000001c1   PMAPKEYID_H
000001c0   PMAPKEYID_L
00000120   PMMCTL0
00000121   PMMCTL0_H
00000120   PMMCTL0_L
00000122   PMMCTL1
00000123   PMMCTL1_H
00000122   PMMCTL1_L
0000012c   PMMIFG
0000012d   PMMIFG_H
0000012c   PMMIFG_L
0000012e   PMMRIE
0000012f   PMMRIE_H
0000012e   PMMRIE_L
0000fd26   PWRVBUSoffHandler
000104e0   PWRVBUSonHandler
0000465a   Port1_ISR
00004696   Port2_ISR
00009d06   PowerMenu
00000158   RCCTL0
00000159   RCCTL0_H
00000158   RCCTL0_L
000001b0   REFCTL0
000001b1   REFCTL0_H
000001b0   REFCTL0_L
000004e4   RES0
000004e5   RES0_H
000004e4   RES0_L
000004e6   RES1
000004e7   RES1_H
000004e6   RES1_L
000004e8   RES2
000004e9   RES2_H
000004e8   RES2_L
000004ea   RES3
000004eb   RES3_H
000004ea   RES3_L
000004cc   RESHI
000004cd   RESHI_H
000004cc   RESHI_L
000004ca   RESLO
000004cb   RESLO_H
000004ca   RESLO_L
000004ba   RTCADOWDAY
000004bb   RTCADOWDAY_H
000004ba   RTCADOWDAY_L
000004b8   RTCAMINHR
000004b9   RTCAMINHR_H
000004b8   RTCAMINHR_L
000004a0   RTCCTL01
000004a1   RTCCTL01_H
000004a0   RTCCTL01_L
000004a2   RTCCTL23
000004a3   RTCCTL23_H
000004a2   RTCCTL23_L
000004b4   RTCDATE
000004b5   RTCDATE_H
000004b4   RTCDATE_L
00003bc4   RTCExitSec
000004ae   RTCIV
000004ac   RTCPS
000004a8   RTCPS0CTL
000004a9   RTCPS0CTL_H
000004a8   RTCPS0CTL_L
000004aa   RTCPS1CTL
000004ab   RTCPS1CTL_H
000004aa   RTCPS1CTL_L
000004ad   RTCPS_H
000004ac   RTCPS_L
000004b0   RTCTIM0
000004b1   RTCTIM0_H
000004b0   RTCTIM0_L
000004b2   RTCTIM1
000004b3   RTCTIM1_H
000004b2   RTCTIM1_L
000004b6   RTCYEAR
000004b7   RTCYEAR_H
000004b6   RTCYEAR_L
0000477a   RTC_ISR
00002ab0   RW_dataBuf
00002eb8   RWbuf
00002eb4   RWbuf_info
0001095e   RandomAddEntropy
00005e02   RandomNumber
00013838   Report_Luns
00003810   RequestSenseResponse
0000db84   Reset_RequestSenseResponse
00003c29   RevID
0000594e   Rotate3DPointXYZ
00008828   RotateCube
00008042   SDCard
00010e5a   SDCard_fastMode
0000fa20   SDCard_init
00010284   SDCard_readFrame
00010684   SDCard_sendFrame
00010fae   SDCard_setCSHigh
00010fb6   SDCard_setCSLow
0000c890   SDDisplay
000107de   SET_RequestsenseMediaNotPresent
00010806   SET_RequestsenseNotReady
00000100   SFRIE1
00000101   SFRIE1_H
00000100   SFRIE1_L
00000102   SFRIFG1
00000103   SFRIFG1_H
00000102   SFRIFG1_L
00000104   SFRRPCR
00000105   SFRRPCR_H
00000104   SFRRPCR_L
000004ce   SUMEXT
000004cf   SUMEXT_H
000004ce   SUMEXT_L
00000124   SVSMHCTL
00000125   SVSMHCTL_H
00000124   SVSMHCTL_L
00000128   SVSMIO
00000129   SVSMIO_H
00000128   SVSMIO_L
00000126   SVSMLCTL
00000127   SVSMLCTL_H
00000126   SVSMLCTL_L
00000198   SYSBERRIV
00000199   SYSBERRIV_H
00000198   SYSBERRIV_L
00000182   SYSBSLC
00000183   SYSBSLC_H
00000182   SYSBSLC_L
00000180   SYSCTL
00000181   SYSCTL_H
00000180   SYSCTL_L
00000186   SYSJMBC
00000187   SYSJMBC_H
00000186   SYSJMBC_L
00000188   SYSJMBI0
00000189   SYSJMBI0_H
00000188   SYSJMBI0_L
0000018a   SYSJMBI1
0000018b   SYSJMBI1_H
0000018a   SYSJMBI1_L
0000018c   SYSJMBO0
0000018d   SYSJMBO0_H
0000018c   SYSJMBO0_L
0000018e   SYSJMBO1
0000018f   SYSJMBO1_H
0000018e   SYSJMBO1_L
0000019e   SYSRSTIV
0000019f   SYSRSTIV_H
0000019e   SYSRSTIV_L
0000019c   SYSSNIV
0000019d   SYSSNIV_H
0000019c   SYSSNIV_L
0000019a   SYSUNIV
0000019b   SYSUNIV_H
0000019a   SYSUNIV_L
0000844c   Scsi_Cmd_Parser
0000b2ce   Scsi_Inquiry
0000f2be   Scsi_Mode_Sense10
0000f318   Scsi_Mode_Sense6
0000383c   Scsi_Mode_Sense_10
00003838   Scsi_Mode_Sense_6
0000ba4c   Scsi_Read10
000103b8   Scsi_Read_Capacity10
00003830   Scsi_Read_Capacity_10
00003844   Scsi_Read_Format_Capacity
0001082e   Scsi_Report_Luns
0000cb0c   Scsi_Request_Sense
000100ba   Scsi_Send_CSW
00003710   Scsi_Standard_Inquiry_Data
00010cf6   Scsi_Test_Unit_Ready
0000e4ec   Scsi_Unknown_Request
0000f372   Scsi_Verify_CBW
0000b630   Scsi_Write10
000049a4   SetTime
00010216   SetVCore
0000c456   SetValues
0000f0ec   Settings
0000fc18   SetupPacketInterruptHandler
000100f6   SetupRTC
00006ae2   Simon
0000f80c   StartPuzzle
00012652   StateTable
00000352   TA0CCR0
00000354   TA0CCR1
00000356   TA0CCR2
00000358   TA0CCR3
0000035a   TA0CCR4
00000342   TA0CCTL0
00000344   TA0CCTL1
00000346   TA0CCTL2
00000348   TA0CCTL3
0000034a   TA0CCTL4
00000340   TA0CTL
00000360   TA0EX0
0000036e   TA0IV
00000350   TA0R
00000392   TA1CCR0
00000394   TA1CCR1
00000396   TA1CCR2
00000382   TA1CCTL0
00000384   TA1CCTL1
00000386   TA1CCTL2
00000380   TA1CTL
000003a0   TA1EX0
000003ae   TA1IV
00000390   TA1R
00000412   TA2CCR0
00000414   TA2CCR1
00000416   TA2CCR2
00000402   TA2CCTL0
00000404   TA2CCTL1
00000406   TA2CCTL2
00000400   TA2CTL
00000420   TA2EX0
0000042e   TA2IV
00000410   TA2R
000003d2   TB0CCR0
000003d4   TB0CCR1
000003d6   TB0CCR2
000003d8   TB0CCR3
000003da   TB0CCR4
000003dc   TB0CCR5
000003de   TB0CCR6
000003c2   TB0CCTL0
000003c4   TB0CCTL1
000003c6   TB0CCTL2
000003c8   TB0CCTL3
000003ca   TB0CCTL4
000003cc   TB0CCTL5
000003ce   TB0CCTL6
000003c0   TB0CTL
000003e0   TB0EX0
000003ee   TB0IV
000003d0   TB0R
0000474c   TIMER2_A0_ISR
00010132   TI_CAPT_Buttons
000074e8   TI_CAPT_Custom
00010ec4   TI_CAPT_Init_Baseline
00010f30   TI_CAPT_Raw
00009ba0   TI_CAPT_Slider
0000c378   TI_CTS_fRO_COMPB_TA1_SW_HAL
0001149a   TIusb
00010dbc   TimerA1Init
00010ed4   TimerA1Stop
0000459c   Timer_A1_CCR0_ISR
000005d0   UCA0ABCTL
000005c6   UCA0BRW
000005c7   UCA0BRW_H
000005c6   UCA0BRW_L
000005c0   UCA0CTLW0
000005c1   UCA0CTLW0_H
000005c0   UCA0CTLW0_L
000005dc   UCA0ICTL
000005dd   UCA0ICTL_H
000005dc   UCA0ICTL_L
000005d2   UCA0IRCTL
000005d3   UCA0IRCTL_H
000005d2   UCA0IRCTL_L
000005de   UCA0IV
000005c8   UCA0MCTL
000005cc   UCA0RXBUF
000005ca   UCA0STAT
000005ce   UCA0TXBUF
00000610   UCA1ABCTL
00000606   UCA1BRW
00000607   UCA1BRW_H
00000606   UCA1BRW_L
00000600   UCA1CTLW0
00000601   UCA1CTLW0_H
00000600   UCA1CTLW0_L
0000061c   UCA1ICTL
0000061d   UCA1ICTL_H
0000061c   UCA1ICTL_L
00000612   UCA1IRCTL
00000613   UCA1IRCTL_H
00000612   UCA1IRCTL_L
0000061e   UCA1IV
00000608   UCA1MCTL
0000060c   UCA1RXBUF
0000060a   UCA1STAT
0000060e   UCA1TXBUF
000005e6   UCB0BRW
000005e7   UCB0BRW_H
000005e6   UCB0BRW_L
000005e0   UCB0CTLW0
000005e1   UCB0CTLW0_H
000005e0   UCB0CTLW0_L
000005f0   UCB0I2COA
000005f1   UCB0I2COA_H
000005f0   UCB0I2COA_L
000005f2   UCB0I2CSA
000005f3   UCB0I2CSA_H
000005f2   UCB0I2CSA_L
000005fc   UCB0ICTL
000005fd   UCB0ICTL_H
000005fc   UCB0ICTL_L
000005fe   UCB0IV
000005ec   UCB0RXBUF
000005ea   UCB0STAT
000005ee   UCB0TXBUF
00000626   UCB1BRW
00000627   UCB1BRW_H
00000626   UCB1BRW_L
00000620   UCB1CTLW0
00000621   UCB1CTLW0_H
00000620   UCB1CTLW0_L
00000630   UCB1I2COA
00000631   UCB1I2COA_H
00000630   UCB1I2COA_L
00000632   UCB1I2CSA
00000633   UCB1I2CSA_H
00000632   UCB1I2CSA_L
0000063c   UCB1ICTL
0000063d   UCB1ICTL_H
0000063c   UCB1ICTL_L
0000063e   UCB1IV
0000062c   UCB1RXBUF
0000062a   UCB1STAT
0000062e   UCB1TXBUF
00000160   UCSCTL0
00000161   UCSCTL0_H
00000160   UCSCTL0_L
00000162   UCSCTL1
00000163   UCSCTL1_H
00000162   UCSCTL1_L
00000164   UCSCTL2
00000165   UCSCTL2_H
00000164   UCSCTL2_L
00000166   UCSCTL3
00000167   UCSCTL3_H
00000166   UCSCTL3_L
00000168   UCSCTL4
00000169   UCSCTL4_H
00000168   UCSCTL4_L
0000016a   UCSCTL5
0000016b   UCSCTL5_H
0000016a   UCSCTL5_L
0000016c   UCSCTL6
0000016d   UCSCTL6_H
0000016c   UCSCTL6_L
0000016e   UCSCTL7
0000016f   UCSCTL7_H
0000016e   UCSCTL7_L
00000170   UCSCTL8
00000171   UCSCTL8_H
00000170   UCSCTL8_L
000046d2   UNMI_ISR
0000d7d6   USBCDC_bytesInUSBBuffer
00011008   USBCDC_handleDataReceived
0001100c   USBCDC_handleReceiveCompleted
00011010   USBCDC_handleSendCompleted
00011014   USBCDC_handleSetControlLineState
00011018   USBCDC_handleSetLineCoding
0000bb44   USBCDC_intfStatus
0000824a   USBCDC_receiveData
0000d9b8   USBCDC_sendData
00000902   USBCNF
00000903   USBCNF_H
00000902   USBCNF_L
0000093c   USBCTL
0000093a   USBFN
0000093b   USBFN_H
0000093a   USBFN_L
0000093f   USBFUNADR
0001101c   USBHID_handleBootProtocol
00011020   USBHID_handleDataReceived
00011024   USBHID_handleGetReport
00011028   USBHID_handleReceiveCompleted
0001102c   USBHID_handleSendCompleted
00011030   USBHID_handleSetReport
00011034   USBHID_handleSetReportDataAvailable
0000d5ec   USBHID_sendReport
0000093d   USBIE
00002378   USBIEP0BUF
000023c9   USBIEPBBAX_1
000023d1   USBIEPBBAX_2
000023d9   USBIEPBBAX_3
000023e1   USBIEPBBAX_4
000023e9   USBIEPBBAX_5
000023f1   USBIEPBBAX_6
000023f9   USBIEPBBAX_7
000023cd   USBIEPBBAY_1
000023d5   USBIEPBBAY_2
000023dd   USBIEPBBAY_3
000023e5   USBIEPBBAY_4
000023ed   USBIEPBBAY_5
000023f5   USBIEPBBAY_6
000023fd   USBIEPBBAY_7
000023ca   USBIEPBCTX_1
000023d2   USBIEPBCTX_2
000023da   USBIEPBCTX_3
000023e2   USBIEPBCTX_4
000023ea   USBIEPBCTX_5
000023f2   USBIEPBCTX_6
000023fa   USBIEPBCTX_7
000023ce   USBIEPBCTY_1
000023d6   USBIEPBCTY_2
000023de   USBIEPBCTY_3
000023e6   USBIEPBCTY_4
000023ee   USBIEPBCTY_5
000023f6   USBIEPBCTY_6
000023fe   USBIEPBCTY_7
00000920   USBIEPCNF_0
000023c8   USBIEPCNF_1
000023d0   USBIEPCNF_2
000023d8   USBIEPCNF_3
000023e0   USBIEPCNF_4
000023e8   USBIEPCNF_5
000023f0   USBIEPCNF_6
000023f8   USBIEPCNF_7
00000921   USBIEPCNT_0
0000092e   USBIEPIE
00000930   USBIEPIFG
000023cf   USBIEPSIZXY_1
000023d7   USBIEPSIZXY_2
000023df   USBIEPSIZXY_3
000023e7   USBIEPSIZXY_4
000023ef   USBIEPSIZXY_5
000023f7   USBIEPSIZXY_6
000023ff   USBIEPSIZXY_7
0000093e   USBIFG
00000900   USBKEYID
00000901   USBKEYID_H
00000900   USBKEYID_L
00000936   USBMAINT
00000937   USBMAINT_H
00000936   USBMAINT_L
00006eb0   USBMSC_bufferProcessed
00003be9   USBMSC_config
00010fde   USBMSC_fetchInfoStruct
0000ff26   USBMSC_getState
00011038   USBMSC_handleBufferEvent
0000b3f0   USBMSC_poll
0000f682   USBMSC_registerBufInfo
0000fbd2   USBMSC_reset
00009296   USBMSC_updateMediaInfo
00002370   USBOEP0BUF
00002389   USBOEPBBAX_1
00002391   USBOEPBBAX_2
00002399   USBOEPBBAX_3
000023a1   USBOEPBBAX_4
000023a9   USBOEPBBAX_5
000023b1   USBOEPBBAX_6
000023b9   USBOEPBBAX_7
0000238d   USBOEPBBAY_1
00002395   USBOEPBBAY_2
0000239d   USBOEPBBAY_3
000023a5   USBOEPBBAY_4
000023ad   USBOEPBBAY_5
000023b5   USBOEPBBAY_6
000023bd   USBOEPBBAY_7
0000238a   USBOEPBCTX_1
00002392   USBOEPBCTX_2
0000239a   USBOEPBCTX_3
000023a2   USBOEPBCTX_4
000023aa   USBOEPBCTX_5
000023b2   USBOEPBCTX_6
000023ba   USBOEPBCTX_7
0000238e   USBOEPBCTY_1
00002396   USBOEPBCTY_2
0000239e   USBOEPBCTY_3
000023a6   USBOEPBCTY_4
000023ae   USBOEPBCTY_5
000023b6   USBOEPBCTY_6
000023be   USBOEPBCTY_7
00000922   USBOEPCNF_0
00002388   USBOEPCNF_1
00002390   USBOEPCNF_2
00002398   USBOEPCNF_3
000023a0   USBOEPCNF_4
000023a8   USBOEPCNF_5
000023b0   USBOEPCNF_6
000023b8   USBOEPCNF_7
00000923   USBOEPCNT_0
0000092f   USBOEPIE
00000931   USBOEPIFG
0000238f   USBOEPSIZXY_1
00002397   USBOEPSIZXY_2
0000239f   USBOEPSIZXY_3
000023a7   USBOEPSIZXY_4
000023af   USBOEPSIZXY_5
000023b7   USBOEPSIZXY_6
000023bf   USBOEPSIZXY_7
00000904   USBPHYCTL
00000905   USBPHYCTL_H
00000904   USBPHYCTL_L
00000910   USBPLLCTL
00000911   USBPLLCTL_H
00000910   USBPLLCTL_L
00000912   USBPLLDIVB
00000913   USBPLLDIVB_H
00000912   USBPLLDIVB_L
00000914   USBPLLIR
00000915   USBPLLIR_H
00000914   USBPLLIR_L
00000908   USBPWRCTL
00000909   USBPWRCTL_H
00000908   USBPWRCTL_L
00001c00   USBSTABUFF
00002380   USBSUBLK
0000236f   USBTOPBUFF
00000938   USBTSREG
00000939   USBTSREG_H
00000938   USBTSREG_L
00000932   USBVECINT
00000933   USBVECINT_H
00000932   USBVECINT_L
0000c532   USB_InitSerialStringDescriptor
00003c34   USB_RX_memcpy
00003c30   USB_TX_memcpy
00010bb8   USB_connect
000103ea   USB_connectionInfo
0000daee   USB_connectionState
000109c8   USB_disable
0000dd36   USB_enable
00010fe4   USB_getVersion
0001103c   USB_handleClockEvent
00011040   USB_handleEnumCompleteEvent
00011044   USB_handleResetEvent
00011048   USB_handleResumeEvent
0001104c   USB_handleSuspendEvent
00011050   USB_handleVbusOffEvent
00010dd0   USB_handleVbusOnEvent
0000efca   USB_init
00010856   USB_initMemcpy
0000a284   USB_reset
00010c6c   USB_resume
00010fbe   USB_setEnabledEvents
0001041c   USB_suspend
00007760   UpdateBackground
0000d128   UpdateField
00008bd0   UpdateMines
00007e30   UpdateMissile
00003b02   VERSION
0000e178   Version
0000015c   WDTCTL
0000015d   WDTCTL_H
0000015c   WDTCTL_L
00004732   WDT_ISR
00010ee4   Wheel_disable
00010ef4   Wheel_enable
000102ba   Wheel_getPosition
0000f480   Wheel_getValue
0001087e   Wheel_init
0000de50   WriteFlashSettings
000105fa   XT2_Start
0001016c   XT2_Start_Timeout
00004400   __STACK_END
000000c8   __STACK_SIZE
00010fea   __TI_ISR_TRAP
00000001   __TI_args_main
00000001   __TI_auto_init
00003c40   __TI_cleanup_ptr
00003c44   __TI_dtors_ptr
00000001   __TI_exit
0000ff80   __TI_int00
0000ff82   __TI_int01
0000ff84   __TI_int02
0000ff86   __TI_int03
0000ff88   __TI_int04
0000ff8a   __TI_int05
0000ff8c   __TI_int06
0000ff8e   __TI_int07
0000ff90   __TI_int08
0000ff92   __TI_int09
0000ff94   __TI_int10
0000ff96   __TI_int11
0000ff98   __TI_int12
0000ff9a   __TI_int13
0000ff9c   __TI_int14
0000ff9e   __TI_int15
0000ffa0   __TI_int16
0000ffa2   __TI_int17
0000ffa4   __TI_int18
0000ffa6   __TI_int19
0000ffa8   __TI_int20
0000ffaa   __TI_int21
0000ffac   __TI_int22
0000ffae   __TI_int23
0000ffb0   __TI_int24
0000ffb2   __TI_int25
0000ffb4   __TI_int26
0000ffb6   __TI_int27
0000ffb8   __TI_int28
0000ffba   __TI_int29
0000ffbc   __TI_int30
0000ffbe   __TI_int31
0000ffc0   __TI_int32
0000ffc2   __TI_int33
0000ffc4   __TI_int34
0000ffc6   __TI_int35
0000ffc8   __TI_int36
0000ffca   __TI_int37
0000ffcc   __TI_int38
0000ffce   __TI_int39
0000ffd0   __TI_int40
0000ffd2   __TI_int41
0000ffd4   __TI_int42
0000ffd6   __TI_int43
0000ffd8   __TI_int44
0000ffda   __TI_int45
0000ffdc   __TI_int46
0000ffde   __TI_int47
0000ffe0   __TI_int48
0000ffe2   __TI_int49
0000ffe4   __TI_int50
0000ffe6   __TI_int51
0000ffe8   __TI_int52
0000ffea   __TI_int53
0000ffec   __TI_int54
0000ffee   __TI_int55
0000fff0   __TI_int56
0000fff2   __TI_int57
0000fff4   __TI_int58
0000fff6   __TI_int59
0000fff8   __TI_int60
0000fffa   __TI_int61
0000fffc   __TI_int62
ffffffff   __binit__
00002400   __bss__
ffffffff   __c_args__
00004790   __cinit__
000106dc   __divi
00010d38   __divu
0000f4d8   __divul
00003c69   __end__
ffffffff   __etext__
00010d4e   __mpyi_f5hw
000109ea   __mpyl_f5hw
00010bd2   __mpyul_f5hw
ffffffff   __pinit__
000106dc   __remi
00010d38   __remu
0000f4d8   __remul
ffffffff   __text__
0000e1fa   _auto_init_hold_wdt
00004708   _c_int00
00004708   _c_int00_noexit
00003c38   _lock
00011060   _nop
0000fffe   _reset_vector
00004338   _stack
00010f72   _system_pre_init
00003c3c   _unlock
00002378   abIEP0Buffer
00002370   abOEP0Buffer
00003ad2   abUsbRequestIncomingData
00003aca   abUsbRequestReturnData
00011054   abort
00003ada   abramSerialStringDescriptor
000133a8   abromConfigurationDescriptorGroup
00013804   abromDeviceDescriptor
00012e8a   abromStringDescriptor
00003c28   accelData
00003c53   bDetectCard
00003afe   bEnumerationStatus
00003afd   bFunctionSuspended
000136da   bScsi_Standard_Inquiry_Data
00003afc   bStatusAction
00002732   background
000033f8   backlight
00003c08   baseCnt
ffffffff   binit
0000355a   buff
00003c54   buttonDebounce
00003c56   buttonsPressed
0000fe68   cdcReceiveDataInBuffer
[...]
00000712   ADC12MCTL2
00000713   ADC12MCTL3
00000714   ADC12MCTL4
00000715   ADC12MCTL5
00000716   ADC12MCTL6
00000717   ADC12MCTL7
00000718   ADC12MCTL8
00000719   ADC12MCTL9
0000071a   ADC12MCTL10
0000071b   ADC12MCTL11
0000071c   ADC12MCTL12
0000071d   ADC12MCTL13
0000071e   ADC12MCTL14
0000071f   ADC12MCTL15
00000720   ADC12MEM0
00000720   ADC12MEM0_L
00000721   ADC12MEM0_H
00000722   ADC12MEM1
00000722   ADC12MEM1_L
00000723   ADC12MEM1_H
00000724   ADC12MEM2
00000724   ADC12MEM2_L
00000725   ADC12MEM2_H
00000726   ADC12MEM3
00000726   ADC12MEM3_L
00000727   ADC12MEM3_H
00000728   ADC12MEM4
00000728   ADC12MEM4_L
00000729   ADC12MEM4_H
0000072a   ADC12MEM5
0000072a   ADC12MEM5_L
0000072b   ADC12MEM5_H
0000072c   ADC12MEM6
0000072c   ADC12MEM6_L
0000072d   ADC12MEM6_H
0000072e   ADC12MEM7
0000072e   ADC12MEM7_L
0000072f   ADC12MEM7_H
00000730   ADC12MEM8
00000730   ADC12MEM8_L
00000731   ADC12MEM8_H
00000732   ADC12MEM9
00000732   ADC12MEM9_L
00000733   ADC12MEM9_H
00000734   ADC12MEM10
00000734   ADC12MEM10_L
00000735   ADC12MEM10_H
00000736   ADC12MEM11
00000736   ADC12MEM11_L
00000737   ADC12MEM11_H
00000738   ADC12MEM12
00000738   ADC12MEM12_L
00000739   ADC12MEM12_H
0000073a   ADC12MEM13
0000073a   ADC12MEM13_L
0000073b   ADC12MEM13_H
0000073c   ADC12MEM14
0000073c   ADC12MEM14_L
0000073d   ADC12MEM14_H
0000073e   ADC12MEM15
0000073e   ADC12MEM15_L
0000073f   ADC12MEM15_H
000008c0   CBCTL0
000008c0   CBCTL0_L
000008c1   CBCTL0_H
000008c2   CBCTL1
000008c2   CBCTL1_L
000008c3   CBCTL1_H
000008c4   CBCTL2
000008c4   CBCTL2_L
000008c5   CBCTL2_H
000008c6   CBCTL3
000008c6   CBCTL3_L
000008c7   CBCTL3_H
000008cc   CBINT
000008cc   CBINT_L
000008cd   CBINT_H
000008ce   CBIV
00000900   USBKEYID
00000900   USBKEYID_L
00000901   USBKEYID_H
00000902   USBCNF
00000902   USBCNF_L
00000903   USBCNF_H
00000904   USBPHYCTL
00000904   USBPHYCTL_L
00000905   USBPHYCTL_H
00000908   USBPWRCTL
00000908   USBPWRCTL_L
00000909   USBPWRCTL_H
00000910   USBPLLCTL
00000910   USBPLLCTL_L
00000911   USBPLLCTL_H
00000912   USBPLLDIVB
00000912   USBPLLDIVB_L
00000913   USBPLLDIVB_H
00000914   USBPLLIR
00000914   USBPLLIR_L
00000915   USBPLLIR_H
00000920   USBIEPCNF_0
00000920   tEndPoint0DescriptorBlock
00000921   USBIEPCNT_0
00000922   USBOEPCNF_0
00000923   USBOEPCNT_0
0000092e   USBIEPIE
0000092f   USBOEPIE
00000930   USBIEPIFG
00000931   USBOEPIFG
00000932   USBVECINT
00000932   USBVECINT_L
00000933   USBVECINT_H
00000936   USBMAINT
00000936   USBMAINT_L
00000937   USBMAINT_H
00000938   USBTSREG
00000938   USBTSREG_L
00000939   USBTSREG_H
0000093a   USBFN
0000093a   USBFN_L
0000093b   USBFN_H
0000093c   USBCTL
0000093d   USBIE
0000093e   USBIFG
0000093f   USBFUNADR
00001c00   USBSTABUFF
00001c00   pbXBufferAddressEp1
00001c40   pbYBufferAddressEp1
00001c80   pbXBufferAddressEp81
00001cc0   pbYBufferAddressEp81
00001d00   pbXBufferAddressEp2
00001d40   pbYBufferAddressEp2
00001d80   pbXBufferAddressEp82
00001dc0   pbYBufferAddressEp82
00001e00   pbXBufferAddressEp3
0000236f   USBTOPBUFF
00002370   USBOEP0BUF
00002370   abOEP0Buffer
00002378   USBIEP0BUF
00002378   abIEP0Buffer
00002380   USBSUBLK
00002380   tSetupPacket
00002388   USBOEPCNF_1
00002388   tOutputEndPointDescriptorBlock
00002389   USBOEPBBAX_1
0000238a   USBOEPBCTX_1
0000238d   USBOEPBBAY_1
0000238e   USBOEPBCTY_1
0000238f   USBOEPSIZXY_1
00002390   USBOEPCNF_2
00002391   USBOEPBBAX_2
00002392   USBOEPBCTX_2
00002395   USBOEPBBAY_2
00002396   USBOEPBCTY_2
00002397   USBOEPSIZXY_2
00002398   USBOEPCNF_3
00002399   USBOEPBBAX_3
0000239a   USBOEPBCTX_3
0000239d   USBOEPBBAY_3
0000239e   USBOEPBCTY_3
0000239f   USBOEPSIZXY_3
000023a0   USBOEPCNF_4
000023a1   USBOEPBBAX_4
000023a2   USBOEPBCTX_4
000023a5   USBOEPBBAY_4
000023a6   USBOEPBCTY_4
000023a7   USBOEPSIZXY_4
000023a8   USBOEPCNF_5
000023a9   USBOEPBBAX_5
000023aa   USBOEPBCTX_5
000023ad   USBOEPBBAY_5
000023ae   USBOEPBCTY_5
000023af   USBOEPSIZXY_5
000023b0   USBOEPCNF_6
000023b1   USBOEPBBAX_6
000023b2   USBOEPBCTX_6
000023b5   USBOEPBBAY_6
000023b6   USBOEPBCTY_6
000023b7   USBOEPSIZXY_6
000023b8   USBOEPCNF_7
000023b9   USBOEPBBAX_7
000023ba   USBOEPBCTX_7
000023bd   USBOEPBBAY_7
000023be   USBOEPBCTY_7
000023bf   USBOEPSIZXY_7
000023c8   USBIEPCNF_1
000023c8   tInputEndPointDescriptorBlock
000023c9   USBIEPBBAX_1
000023ca   USBIEPBCTX_1
000023cd   USBIEPBBAY_1
000023ce   USBIEPBCTY_1
000023cf   USBIEPSIZXY_1
000023d0   USBIEPCNF_2
000023d1   USBIEPBBAX_2
000023d2   USBIEPBCTX_2
000023d5   USBIEPBBAY_2
000023d6   USBIEPBCTY_2
000023d7   USBIEPSIZXY_2
000023d8   USBIEPCNF_3
000023d9   USBIEPBBAX_3
000023da   USBIEPBCTX_3
000023dd   USBIEPBBAY_3
000023de   USBIEPBCTY_3
000023df   USBIEPSIZXY_3
000023e0   USBIEPCNF_4
000023e1   USBIEPBBAX_4
000023e2   USBIEPBCTX_4
000023e5   USBIEPBBAY_4
000023e6   USBIEPBCTY_4
000023e7   USBIEPSIZXY_4
000023e8   USBIEPCNF_5
000023e9   USBIEPBBAX_5
000023ea   USBIEPBCTX_5
000023ed   USBIEPBBAY_5
000023ee   USBIEPBCTY_5
000023ef   USBIEPSIZXY_5
000023f0   USBIEPCNF_6
000023f1   USBIEPBBAX_6
000023f2   USBIEPBCTX_6
000023f5   USBIEPBBAY_6
000023f6   USBIEPBCTY_6
000023f7   USBIEPSIZXY_6
000023f8   USBIEPCNF_7
000023f9   USBIEPBBAX_7
000023fa   USBIEPBCTX_7
000023fd   USBIEPBBAY_7
000023fe   USBIEPBCTY_7
000023ff   USBIEPSIZXY_7
00002400   .bss
00002400   __bss__
00002400   frame
00002732   background
00002a62   offset
00002a64   mines
00002a74   missile
00002a76   explosions
00002a86   score
00002ab0   RW_dataBuf
00002eb0   DataCnt
00002eb2   logCnt
00002eb4   RWbuf_info
00002eb8   RWbuf
000030b8   mediaInfo
000030c4   dogs102x6Memory
000033f6   currentPage
000033f7   currentColumn
000033f8   backlight
000033f9   contrast
000033fa   drawmode
000033fc   Dogs102x6_initMacro
0000340c   names
000034d4   output
000034e6   path
00003518   pathLengths
00003522   nameLengths
00003554   numNames
00003555   namesIndex
00003556   listIndex
00003557   selectedIndex
00003558   selectedLength
0000355a   buff
0000365a   MscWriteControl
0000367c   MscReadControl
0000369a   MscControl
000036aa   sRwbuf
000036ce   McsCbw
000036ee   McsCsw
000036fc   MscState
00003710   Scsi_Standard_Inquiry_Data
00003810   RequestSenseResponse
00003830   Scsi_Read_Capacity_10
00003838   Scsi_Mode_Sense_6
0000383c   Scsi_Mode_Sense_10
00003844   Scsi_Read_Format_Capacity
00003850   cube_data
000038b0   cube_data_last
00003910   g_RotatedCube3D
00003a38   dataBuffer
00003abc   wBytesRemainingOnIEP0
00003abe   wBytesRemainingOnOEP0
00003aca   abUsbRequestReturnData
00003ad2   abUsbRequestIncomingData
00003ada   abramSerialStringDescriptor
00003afc   bStatusAction
00003afd   bFunctionSuspended
00003afe   bEnumerationStatus
00003b00   wUsbEventMask
00003b02   VERSION
00003b9c   hidProtocol
00003b9e   hidIdleRate
00003ba0   time
00003baa   timeOld
00003bb4   date
00003bbe   secondBCD
00003bbf   minuteBCD
00003bc0   hourBCD
00003bc1   secondOldBCD
00003bc2   minuteOldBCD
00003bc3   hourOldBCD
00003bc4   RTCExitSec
00003bc5   ClockY
00003bc6   ClockX
00003be9   USBMSC_config
00003c08   baseCnt
00003c12   measCnt
00003c1c   ctsStatusReg
00003c1e   GameData
00003c28   accelData
00003c29   RevID
00003c2a   Cma3000_xAccel
00003c2b   Cma3000_yAccel
00003c2c   Cma3000_zAccel
00003c2d   Cma3000_xAccel_offset
00003c2e   Cma3000_yAccel_offset
00003c2f   Cma3000_zAccel_offset
00003c30   USB_TX_memcpy
00003c34   USB_RX_memcpy
00003c38   _lock
00003c3c   _unlock
00003c40   __TI_cleanup_ptr
00003c44   __TI_dtors_ptr
00003c4e   mouseReport
00003c52   sendNewMousePosition
00003c53   bDetectCard
00003c54   buttonDebounce
00003c56   buttonsPressed
00003c58   positionData
00003c5a   positionDataOld
00003c60   INS
00003c63   leftPosition
00003c64   rightPosition
00003c66   timeoutCounter
00003c68   ActState
00003c69   __end__
00003c69   end
00004338   _stack
00004400   __STACK_END
00004400   iUsbInterruptHandler
0000459c   Timer_A1_CCR0_ISR
0000465a   Port1_ISR
00004696   Port2_ISR
000046d2   UNMI_ISR
00004708   _c_int00
00004708   _c_int00_noexit
00004732   WDT_ISR
0000474c   TIMER2_A0_ISR
00004764   ADC12_ISR
0000477a   RTC_ISR
00004790   __cinit__
00004790   cinit
000049a4   SetTime
0000594e   Rotate3DPointXYZ
00005e02   RandomNumber
00006296   LaunchpadDef
000066d4   MSCFromHostToBuffer
00006ae2   Simon
00006eb0   USBMSC_bufferProcessed
0000726a   MSCToHostFromBuffer
000074e8   TI_CAPT_Custom
00007760   UpdateBackground
000079c2   MenuPMMMCLK
00007c08   f_open
00007e30   UpdateMissile
00008042   SDCard
0000824a   USBCDC_receiveData
0000844c   Scsi_Cmd_Parser
0000863a   f_read
00008828   RotateCube
00008a04   AnalogClockUpdate
00008bd0   UpdateMines
00008d8e   DrawCube
00008f44   MeasurementMode
000090f2   CapDemo
00009296   USBMSC_updateMediaInfo
0000942a   put_fat
000095b6   CdcToHostFromBuffer
0000973e   Dogs102x6_verticalLineDraw
00009ba0   TI_CAPT_Slider
00009d06   PowerMenu
00009fca   HidToHostFromBuffer
0000a128   HidToBufferFromHost
0000a284   USB_reset
0000a3e0   Dogs102x6_circleDraw
0000a538   f_sync
0000a690   Mouse
0000a7da   get_fat
0000a920   Dogs102x6_charDrawXY
0000aa62   disk_initialize
0000ab9e   Dogs102x6_lineDraw
0000acd6   EchoUSB
0000ae0c   ActiveFile
0000af40   GetDirectory
0000b070   main
0000b1a0   CdcToBufferFromHost
0000b2ce   Scsi_Inquiry
0000b3f0   USBMSC_poll
0000b630   Scsi_Write10
0000b740   AnalogClockDrawHand
0000b846   LowPowerMode4
0000b94c   DigitalClockUpdate
0000ba4c   Scsi_Read10
0000bb44   USBCDC_intfStatus
0000bc3a   Init_FLL
0000be16   DrawShip
0000bfe6   disk_ioctl
0000c1b6   Board_init
0000c29a   LowPowerMode3
0000c378   TI_CTS_fRO_COMPB_TA1_SW_HAL
0000c456   SetValues
0000c532   USB_InitSerialStringDescriptor
0000c60c   f_opendir
0000c6e4   CapLED
0000c7ba   ClearTempData
0000c890   SDDisplay
0000c966   Check_CBW
0000ca3a   Demo_Cube
0000cb0c   Scsi_Request_Sense
0000cca8   disk_write
0000cd6e   Dogs102x6_horizontalLineDraw
0000ce32   LowPowerMode0
0000cef6   MassStorage
0000d072   AnalogClockInit
0000d128   UpdateField
0000d290   ActiveDirectory
0000d340   Dominant_Element
0000d3f0   Dogs102x6_writeData
0000d49e   DrawExplosions
0000d548   MenuLPM
0000d5ec   USBHID_sendReport
0000d734   Menu_active
0000d7d6   USBCDC_bytesInUSBBuffer
0000d878   disk_read
0000d918   validateCSD
0000d9b8   USBCDC_sendData
0000da54   Cma3000_init
0000daee   USB_connectionState
0000db84   Reset_RequestSenseResponse
0000dc16   usbDecodeAndProcessUsbRequest
0000dca8   CalibrateAccel
0000dd36   USB_enable
0000de50   WriteFlashSettings
0000df68   Dogs102x6_charDraw
0000dff2   CopyUsbToBuff
0000e074   Dogs102x6_pixelDraw
0000e0f6   HidCopyUsbToBuff
0000e178   Version
0000e1fa   _auto_init_hold_wdt
0000e27c   usbClearEndpointFeature
0000e2fe   ContrastSetting
0000e3fa   Dogs102x6_stringDraw
0000e474   Dogs102x6_init
0000e4ec   Scsi_Unknown_Request
0000e564   GetFile
0000e5da   Handler_SetLineCoding
0000e650   BacklightSetting
0000e6c4   FSM_InitGame
0000e738   MscCopyUsbToBuff
0000e7ac   usbSendNextPacketOnIEP0
0000e820   usbGetEndpointStatus
0000e892   cdcSendDataInBackground
0000e96c   DemoApp
0000e9d6   MscSendData
0000eaaa   DrawImage
0000eb12   read_LUN0
0000eb7a   Dogs102x6_setAddress
0000ebe0   usbGetLineCoding
0000ec46   write_LUN0
0000ecac   DisplayDigitalClock
0000ed10   FSM_Button
0000ed74   FSM_Down
0000edd8   FSM_Right
0000ee3c   FSM_Up
0000eea0   FSM_Win
0000ef04   f_readdir
0000ef68   Get_TLV_Info
0000efca   USB_init
0000f02c   Dogs102x6_clearRow
0000f08c   Msc_ResetStruct
0000f0ec   Settings
0000f14c   Dogs102x6_clearScreen
0000f1aa   FSM_StartGame
0000f208   FSM_Left
0000f264   DisablePorts
0000f2be   Scsi_Mode_Sense10
0000f318   Scsi_Mode_Sense6
0000f372   Scsi_Verify_CBW
0000f3cc   checkInsertionRemoval
0000f426   msc_Init
0000f480   Wheel_getValue
0000f4d8   __divul
0000f4d8   __remul
0000f530   ClockMenu
0000f586   msc_Loop
0000f5da   strrev
0000f682   USBMSC_registerBufInfo
0000f6d2   itoa
0000f722   Board_ledOff
0000f770   Board_ledOn
0000f7be   Board_ledToggle
0000f80c   StartPuzzle
0000f8a8   MenuGames
0000f8f4   OEP0InterruptHandler
0000f940   usbGetStringDescriptor
0000f98c   Cma3000_readRegister
0000f9d6   Cma3000_writeRegister
0000fa20   SDCard_init
0000fa6a   die
0000fab4   Dogs102x6_clearImage
0000fafc   Dogs102x6_stringDrawXY
0000fb44   usbReceiveNextPacketOnOEP0
0000fb8c   Demo_Cube1
0000fbd2   USBMSC_reset
0000fc18   SetupPacketInterruptHandler
0000fc5c   usbSetEndpointFeature
0000fca0   usbSetInterface
0000fce4   ClockUSB
0000fd26   PWRVBUSoffHandler
0000fd68   CdcResetData
0000fda8   Cma3000_readAccel
0000fde8   Dogs102x6_imageDraw
0000fe28   Dogs102x6_writeCommand
0000fe68   cdcReceiveDataInBuffer
0000fea8   rand
0000fee8   Dogs102x6_setBacklight
0000ff26   USBMSC_getState
0000ff64   Dogs102x6_refresh
0000ff80   __TI_int00
0000ff82   __TI_int01
0000ff84   __TI_int02
0000ff86   __TI_int03
0000ff88   __TI_int04
0000ff8a   __TI_int05
0000ff8c   __TI_int06
0000ff8e   __TI_int07
0000ff90   __TI_int08
0000ff92   __TI_int09
0000ff94   __TI_int10
0000ff96   __TI_int11
0000ff98   __TI_int12
0000ff9a   __TI_int13
0000ff9c   __TI_int14
0000ff9e   __TI_int15
0000ffa0   __TI_int16
0000ffa2   __TI_int17
0000ffa4   __TI_int18
0000ffa6   __TI_int19
0000ffa8   __TI_int20
0000ffaa   __TI_int21
0000ffac   __TI_int22
0000ffae   __TI_int23
0000ffb0   __TI_int24
0000ffb2   __TI_int25
0000ffb4   __TI_int26
0000ffb6   __TI_int27
0000ffb8   __TI_int28
0000ffba   __TI_int29
0000ffbc   __TI_int30
0000ffbe   __TI_int31
0000ffc0   __TI_int32
0000ffc2   __TI_int33
0000ffc4   __TI_int34
0000ffc6   __TI_int35
0000ffc8   __TI_int36
0000ffca   __TI_int37
0000ffcc   __TI_int38
0000ffce   __TI_int39
0000ffd0   __TI_int40
0000ffd2   __TI_int41
0000ffd4   __TI_int42
0000ffd6   __TI_int43
0000ffd8   __TI_int44
0000ffda   __TI_int45
0000ffdc   __TI_int46
0000ffde   __TI_int47
0000ffe0   __TI_int48
0000ffe2   __TI_int49
0000ffe4   __TI_int50
0000ffe6   __TI_int51
0000ffe8   __TI_int52
0000ffea   __TI_int53
0000ffec   __TI_int54
0000ffee   __TI_int55
0000fff0   __TI_int56
0000fff2   __TI_int57
0000fff4   __TI_int58
0000fff6   __TI_int59
0000fff8   __TI_int60
0000fffa   __TI_int61
0000fffc   __TI_int62
0000fffe   _reset_vector
00010000   clust2sect
0001003e   L_LSL_15
00010042   L_LSL_14
00010046   L_LSL_13
0001004a   L_LSL_12
0001004e   L_LSL_11
00010052   L_LSL_10
00010056   L_LSL_9
0001005a   L_LSL_8
0001005e   L_LSL_7
00010062   L_LSL_6
00010066   L_LSL_5
0001006a   L_LSL_4
0001006e   L_LSL_3
00010072   L_LSL_2
00010076   L_LSL_1
0001007c   L_LSR_15
00010080   L_LSR_14
00010084   L_LSR_13
00010088   L_LSR_12
0001008c   L_LSR_11
00010090   L_LSR_10
00010094   L_LSR_9
00010098   L_LSR_8
0001009c   L_LSR_7
000100a0   L_LSR_6
000100a4   L_LSR_5
000100a8   L_LSR_4
000100ac   L_LSR_3
000100b0   L_LSR_2
000100b4   L_LSR_1
000100ba   Scsi_Send_CSW
000100f6   SetupRTC
00010132   TI_CAPT_Buttons
0001016c   XT2_Start_Timeout
000101a6   DigitalClockDraw
000101de   LEDTest
00010216   SetVCore
0001024e   LFXT_Start
00010284   SDCard_readFrame
000102ba   Wheel_getPosition
000102f0   CdcIsReceiveInProgress
00010322   Dogs102x6_setContrast
00010354   HidIsReceiveInProgress
00010386   Init_FLL_Settle
000103b8   Scsi_Read_Capacity10
000103ea   USB_connectionInfo
0001041c   USB_suspend
00010480   Dogs102x6_backlightInit
000104b0   Msc_ResetStateMachine
000104e0   PWRVBUSonHandler
00010510   detectCard
00010540   usbSetReport
00010570   DisplayAnalogClock
0001059e   HidResetData
000105cc   MscResetData
000105fa   XT2_Start
00010628   f_mount
00010656   usbStallEndpoint
00010684   SDCard_sendFrame
000106b0   memcpyDMA0
000106dc   __divi
000106dc   __remi
00010708   usbGetDeviceStatus
00010760   memcpy
0001078a   usbGetIdle
000107b4   usbSetIdle
000107de   SET_RequestsenseMediaNotPresent
00010806   SET_RequestsenseNotReady
0001082e   Scsi_Report_Luns
00010856   USB_initMemcpy
0001087e   Wheel_init
000108a4   usbGetReport
000108ca   usbGetReportDescriptor
000108f0   usbSetProtocol
00010916   Cma3000_disable
0001093a   Dogs102x6_disable
0001095e   RandomAddEntropy
00010982   usbGetHidDescriptor
000109a6   ACTIVE_MODE_TEST
000109c8   USB_disable
000109ea   __mpyl_f5hw
00010a0c   usbSetAddress
00010a2e   FSM_PushDown
00010a4e   FSM_PushRight
00010a6e   FSM_PushUp
00010a8e   disk_status
00010aae   memset
00010ace   usbSendDataPacketOnEP0
00010aee   usbSetConfiguration
00010b2c   usbGetInterface
00010b4a   usbGetInterfaceStatus
00010b68   IEP0InterruptHandler
00010b84   FSM_PushLeft
00010b9e   Get_MaxLUN
00010bb8   USB_connect
00010bd2   __mpyul_f5hw
00010bec   usbClearDeviceFeature
00010c06   usbDisableInEndpointInterrupt
00010c20   usbDisableOutEndpointInterrupt
00010c3a   usbSetDeviceFeature
00010c54   Cma3000_readAccel_offset
00010c6c   USB_resume
00010c9c   usbStallOutEndpoint
00010cb4   Dogs102x6_clearInverseDisplay
00010cca   Dogs102x6_setInverseDisplay
00010ce0   FSM_StopGame
00010cf6   Scsi_Test_Unit_Ready
00010d22   f_close
00010d38   __divu
00010d38   __remu
00010d4e   __mpyi_f5hw
00010d64   srand
00010d7a   usbGetConfigurationDescriptor
00010d90   usbGetDeviceDescriptor
00010da6   usbGetProtocol
00010dbc   TimerA1Init
00010dd0   USB_handleVbusOnEvent
00010df8   usbClearOEPByteCount
00010e0c   usbGetConfiguration
00010e20   usbSetControlLineState
00010e34   usbStallInEndpoint
00010e48   Buttons_interruptEnable
00010e5a   SDCard_fastMode
00010e90   L_ROTL
00010ea2   usbReceiveDataPacketOnEP0
00010eb4   Buttons_startWDT
00010ec4   TI_CAPT_Init_Baseline
00010ed4   TimerA1Stop
00010ee4   Wheel_disable
00010ef4   Wheel_enable
00010f04   L_LSL
00010f14   Buttons_init
00010f22   Cma3000_setAccel_offset
00010f30   TI_CAPT_Raw
00010f3e   usbInvalidRequest
00010f4c   usbSendZeroLengthPacketOnIEP0
00010f5a   MscResetCtrlLun
00010f66   usbSetLineCoding
00010f72   _system_pre_init
00010f7c   get_fattime
00010f86   I_ASR
00010f90   I_LSL
00010f9a   I_LSR
00010fa4   usbStallEndpoint0
00010fae   SDCard_setCSHigh
00010fb6   SDCard_setCSLow
00010fbe   USB_setEnabledEvents
00010fc6   Dogs102x6_getBacklight
00010fcc   Dogs102x6_getContrast
00010fd2   FSM_Init
00010fd8   Msc_ResetFlags
00010fde   USBMSC_fetchInfoStruct
00010fe4   USB_getVersion
00010fea   __TI_ISR_TRAP
00010ff0   usbClearOEP0ByteCount
00010ff6   usbRestoreInEndpointInterrupt
00010ffc   usbRestoreOutEndpointInterrupt
00011002   usbStallOEP0
00011008   USBCDC_handleDataReceived
0001100c   USBCDC_handleReceiveCompleted
00011010   USBCDC_handleSendCompleted
00011014   USBCDC_handleSetControlLineState
00011018   USBCDC_handleSetLineCoding
0001101c   USBHID_handleBootProtocol
00011020   USBHID_handleDataReceived
00011024   USBHID_handleGetReport
00011028   USBHID_handleReceiveCompleted
0001102c   USBHID_handleSendCompleted
00011030   USBHID_handleSetReport
00011034   USBHID_handleSetReportDataAvailable
00011038   USBMSC_handleBufferEvent
0001103c   USB_handleClockEvent
00011040   USB_handleEnumCompleteEvent
00011044   USB_handleResetEvent
00011048   USB_handleResumeEvent
0001104c   USB_handleSuspendEvent
00011050   USB_handleVbusOffEvent
00011054   C$$EXIT
00011054   abort
00011060   _nop
00011062   FIXED_SIN
0001149a   TIusb
000117cc   digitalWatch
000124bc   tUsbRequestList
00012652   StateTable
00012b54   Cube3D
00012e8a   abromStringDescriptor
000133a8   abromConfigurationDescriptorGroup
0001350c   element0
00013512   element1
00013518   element2
0001351e   element3
00013524   element4
0001352a   slider
00013626   report_desc_HID0
0001365a   stUsbHandle
000136da   bScsi_Standard_Inquiry_Data
00013796   Game_explosion
00013804   abromDeviceDescriptor
00013816   GamePos
00013838   Report_Luns
00013868   usbMouseText
00013884   Game_ship
0001388e   Game_explosion4
00013898   Game_mine2
000138a0   Game_explosion3
000138a8   Game_mine1
000138ae   Game_explosion2
000138b8   report_desc
000138c4   Game_explosion1
000138ca   BYTES_PER_BLOCK
000138d2   report_desc_size
000138d4   report_len_input
ffffffff   .text
ffffffff   __binit__
ffffffff   __c_args__
ffffffff   __etext__
ffffffff   __pinit__
ffffffff   __text__
ffffffff   binit
ffffffff   etext
ffffffff   pinit

[1346 symbols]
